04-03 10:35:34.369 12319 12398 W ProtoDataStoreFlagStore: 	at pmp.run(PG:4)
04-03 10:35:34.369 12319 12398 W ProtoDataStoreFlagStore: 	at pnn.run(PG:1)
04-03 10:35:34.369 12319 12398 W ProtoDataStoreFlagStore: 	at plh.execute(PG:1)
04-03 10:35:34.369 12319 12398 W ProtoDataStoreFlagStore: 	at pmm.i(PG:2)
04-03 10:35:34.369 12319 12398 W ProtoDataStoreFlagStore: 	at lci.c(PG:2)
04-03 10:35:34.369 12319 12398 W ProtoDataStoreFlagStore: 	at lde.f(PG:18)
04-03 10:35:34.369 12319 12398 W ProtoDataStoreFlagStore: 	at ldc.a(Unknown Source)
04-03 10:35:34.369 12319 12398 W ProtoDataStoreFlagStore: 	at pnl.c(PG:1)
04-03 10:35:34.369 12319 12398 W ProtoDataStoreFlagStore: 	at pmp.run(PG:4)
04-03 10:35:34.369 12319 12398 W ProtoDataStoreFlagStore: 	at pnn.run(PG:1)
04-03 10:35:34.369 12319 12398 W ProtoDataStoreFlagStore: 	at pnd.run(PG:4)
04-03 10:35:34.369 12319 12398 W ProtoDataStoreFlagStore: 	at iow.run(PG:1)
04-03 10:35:34.369 12319 12398 W ProtoDataStoreFlagStore: 	at java.util.concurrent.ThreadPoolExecutor.runWorker(ThreadPoolExecutor.java:1113)
04-03 10:35:34.369 12319 12398 W ProtoDataStoreFlagStore: 	at java.util.concurrent.ThreadPoolExecutor$Worker.run(ThreadPoolExecutor.java:588)
04-03 10:35:34.369 12319 12398 W ProtoDataStoreFlagStore: 	at ioi.run(Unknown Source)
04-03 10:35:34.369 12319 12398 W ProtoDataStoreFlagStore: 	at iny.run(Unknown Source)
04-03 10:35:34.369 12319 12398 W ProtoDataStoreFlagStore: 	at java.lang.Thread.run(Thread.java:818)
04-03 10:35:34.369 12319 12398 W ProtoDataStoreFlagStore: Caused by: lsn: Direct boot only exists on N or greater: current SDK 23
04-03 10:35:34.369 12319 12398 W ProtoDataStoreFlagStore: 	at lsb.h(PG:35)
04-03 10:35:34.369 12319 12398 W ProtoDataStoreFlagStore: 	at lsb.k(PG:3)
04-03 10:35:34.369 12319 12398 W ProtoDataStoreFlagStore: 	at lsb.b(PG:2)
04-03 10:35:34.369 12319 12398 W ProtoDataStoreFlagStore: 	at lry.b(PG:2)
04-03 10:35:34.369 12319 12398 W ProtoDataStoreFlagStore: 	at lur.a(Unknown Source)
04-03 10:35:34.369 12319 12398 W ProtoDataStoreFlagStore: 	at ohb.a(PG:2)
04-03 10:35:34.369 12319 12398 W ProtoDataStoreFlagStore: 	at pjr.e(PG:2)
04-03 10:35:34.369 12319 12398 W ProtoDataStoreFlagStore: 	at pjt.run(PG:9)
04-03 10:35:34.369 12319 12398 W ProtoDataStoreFlagStore: 	at pnc.run(PG:1)
04-03 10:35:34.369 12319 12398 W ProtoDataStoreFlagStore: 	at pnd.run(PG:4)
04-03 10:35:34.369 12319 12398 W ProtoDataStoreFlagStore: 	at iow.run(PG:1)
04-03 10:35:34.369 12319 12398 W ProtoDataStoreFlagStore: 	at java.util.concurrent.ThreadPoolExecutor.runWorker(ThreadPoolExecutor.java:1113)
04-03 10:35:34.369 12319 12398 W ProtoDataStoreFlagStore: 	at java.util.concurrent.ThreadPoolExecutor$Worker.run(ThreadPoolExecutor.java:588)
04-03 10:35:34.369 12319 12398 W ProtoDataStoreFlagStore: 	at ioi.run(Unknown Source)
04-03 10:35:34.369 12319 12398 W ProtoDataStoreFlagStore: 	at iod.run(Unknown Source)
04-03 10:35:34.369 12319 12398 W ProtoDataStoreFlagStore: 	... 1 more
04-03 10:35:34.370 12319 12398 W ProtoDataStoreFlagStore: Unable to retrieve flag snapshot for com.google.android.libraries.performance.primes#com.google.android.apps.fitness, using defaults.
04-03 10:35:34.454  2162  2357 W DropBoxManagerService: Dropping: exp_det_cert_pin_failure (10 > 0 bytes)
04-03 10:35:34.455  2162  2175 W BroadcastQueue: Permission Denial: receiving Intent { act=android.intent.action.DROPBOX_ENTRY_ADDED flg=0x10 (has extras) } to ProcessRecord{78234d5 4449:com.pandora.android/u0a103} (pid=4449, uid=10103) requires android.permission.READ_LOGS due to sender android (uid 1000)
04-03 10:35:34.675 12397 12406 I art     : Background partial concurrent mark sweep GC freed 260286(15MB) AllocSpace objects, 54(1088KB) LOS objects, 39% free, 24MB/40MB, paused 19.935ms total 120.465ms
04-03 10:35:34.739 12438 12438 I FIAM.Headless: Starting InAppMessaging runtime with Installation ID e6NDUCVDOUw
04-03 10:35:34.745 12438 12696 W Ads     : Update ad debug logging enablement as false
04-03 10:35:34.917 12438 12448 W art     : Suspending all threads took: 15.495ms
04-03 10:35:34.946 12397 12537 D NetworkLog: [appFragment] performing filtering
04-03 10:35:34.946 12397 12537 D NetworkLog: [AppFragment] filter returning 1 results
04-03 10:35:34.949 12397 12397 D NetworkLog: [AppFragment] Publishing filter results
04-03 10:35:34.949 12397 12397 D NetworkLog: [AppFragment] Published
04-03 10:35:35.015  4351  4351 D       : onReceive
04-03 10:35:35.015  4351  4351 D       : UpdateViews
04-03 10:35:35.016  4351  4351 W       : Widgets list is empty
04-03 10:35:35.022  4351  4351 D       : onReceive
04-03 10:35:35.022  4351  4351 D       : UpdateViews
04-03 10:35:35.024  4351  4351 W       : Widgets list is empty
04-03 10:35:35.028 11784 12663 W ResourceType: ResTable_typeSpec entry count inconsistent: given 1080, previously 1096
04-03 10:35:35.028 11784 12663 W ResourceType: ResTable_typeSpec entry count inconsistent: given 760, previously 2632
04-03 10:35:35.028 11784 12663 W ResourceType: ResTable_typeSpec entry count inconsistent: given 285, previously 1569
04-03 10:35:35.087 12438 12438 I WebViewFactory: Loading com.google.android.webview version 89.0.4389.105 (code 438910500)
04-03 10:35:35.467 12438 12762 I SplitSDK: Streaming connection opened
04-03 10:35:35.467 12438 12762 I SplitSDK: Sending polling disabled message through event broadcaster.
04-03 10:35:35.467 12438 12762 I SplitSDK: Disabling polling
04-03 10:35:35.502 12438 12762 I SplitSDK: Sending polling disabled message through event broadcaster.
04-03 10:35:35.816 15528 15537 I art     : Background partial concurrent mark sweep GC freed 96350(5MB) AllocSpace objects, 26(1252KB) LOS objects, 31% free, 34MB/50MB, paused 1.151ms total 275.683ms
04-03 10:35:35.945 12397 12537 D NetworkLog: [appFragment] performing filtering
04-03 10:35:35.945 12397 12537 D NetworkLog: [AppFragment] filter returning 1 results
04-03 10:35:35.945 12397 12397 D NetworkLog: [AppFragment] Publishing filter results
04-03 10:35:35.945 12397 12397 D NetworkLog: [AppFragment] Published
04-03 10:35:35.957 11784 12663 W ResourceType: ResTable_typeSpec entry count inconsistent: given 1080, previously 1096
04-03 10:35:35.957 11784 12663 W ResourceType: ResTable_typeSpec entry count inconsistent: given 760, previously 2632
04-03 10:35:35.957 11784 12663 W ResourceType: ResTable_typeSpec entry count inconsistent: given 285, previously 1569
04-03 10:35:36.558 12041 12117 I art     : Rejecting re-init on previously-failed class java.lang.Class<ajdn>
04-03 10:35:36.560 12041 12117 I art     : Rejecting re-init on previously-failed class java.lang.Class<ajdn>
04-03 10:35:36.945 12397 12537 D NetworkLog: [appFragment] performing filtering
04-03 10:35:36.945 12397 12537 D NetworkLog: [AppFragment] filter returning 1 results
04-03 10:35:36.945 12397 12397 D NetworkLog: [AppFragment] Publishing filter results
04-03 10:35:36.945 12397 12397 D NetworkLog: [AppFragment] Published
04-03 10:35:37.072 12416 12416 E YouTubeMusic: Trying to detachMediaView when it wasn't the most recent MediaView Setter
04-03 10:35:37.222 12041 12117 I Bugle   : BugleStartup: Initializing with enabled individual init failures...
04-03 10:35:37.232 12041 12117 I Bugle   : BugleStartup: Registering SIM change receiver...
04-03 10:35:37.390 12041 12117 I Bugle   : BugleStartup: Updating app config...
04-03 10:35:37.471  1648  1698 I ThermalEngine: TM Id 'SKIN_THERMAL_management_1' Sensor 'xo_therm_pu2' - alarm raised 1 at 40.0 degC
04-03 10:35:37.476  1648  1698 I ThermalEngine: ACTION: CPU - Setting CPU[0] to 1958400
04-03 10:35:37.476  1648  1698 I ThermalEngine: ACTION: CPU - Setting CPU[1] to 1958400
04-03 10:35:37.476  1648  1698 I ThermalEngine: ACTION: CPU - Setting CPU[2] to 1958400
04-03 10:35:37.476  1648  1698 I ThermalEngine: ACTION: CPU - Setting CPU[3] to 1958400
04-03 10:35:37.476  1648  1698 I ThermalEngine: ACTION: LCD - Setting max LCD brightness to 229
04-03 10:35:37.543 12041 12117 I Bugle   : BugleStartup: Done with SIM change receiver & app config.
04-03 10:35:37.543 12041 12117 I Bugle   : BugleStartup: Handling shared prefs upgrade & Load MMS Configuration...
04-03 10:35:37.714  2162  3908 I ActivityManager: Start proc 12818:com.google.android.webview:webview_service/u0a79 for service com.google.android.webview/org.chromium.android_webview.services.VariationsSeedServer
04-03 10:35:37.827 12438 12438 I cr_LibraryLoader: Loaded native library version number "89.0.4389.105"
04-03 10:35:37.906 12438 12438 I cr_CachingUmaRecorder: Flushed 4 samples from 4 histograms.
04-03 10:35:37.931 15528 30278 I FontLog : Pulling font file for id = 30, cache size = 5 [CONTEXT service_id=132 ]
04-03 10:35:37.938 12818 12818 I LoadedApk: No resource references to update in package com.google.android.webview_translations
04-03 10:35:37.946 12397 12537 D NetworkLog: [appFragment] performing filtering
04-03 10:35:37.947 12397 12537 D NetworkLog: [AppFragment] filter returning 1 results
04-03 10:35:37.947 12397 12397 D NetworkLog: [AppFragment] Publishing filter results
04-03 10:35:37.947 12397 12397 D NetworkLog: [AppFragment] Published
04-03 10:35:38.058  2162  3946 W DropBoxManagerService: Dropping: exp_det_cert_pin_failure (10 > 0 bytes)
04-03 10:35:38.060  2162  2175 W BroadcastQueue: Permission Denial: receiving Intent { act=android.intent.action.DROPBOX_ENTRY_ADDED flg=0x10 (has extras) } to ProcessRecord{78234d5 4449:com.pandora.android/u0a103} (pid=4449, uid=10103) requires android.permission.READ_LOGS due to sender android (uid 1000)
04-03 10:35:38.115 12041 12778 W AssistantConfig: # ajfi@99953705
04-03 10:35:38.137 12041 12778 V AssistantConfig: #grpcEligible() - grpcEligible = Optional.of(true)
04-03 10:35:38.407 12041 12041 I Bugle   : Carrier config changed. Reloading MMS config.
04-03 10:35:38.695  2162  2162 I ActivityManager: Start proc 12847:com.google.android.apps.translate/u0a119 for service com.google.android.apps.translate/com.google.android.libraries.internal.growth.growthkit.internal.jobs.impl.GrowthKitJobService
04-03 10:35:38.729 12041 12846 W ResourceType: ResTable_typeSpec entry count inconsistent: given 1080, previously 1096
04-03 10:35:38.729 12041 12846 W ResourceType: ResTable_typeSpec entry count inconsistent: given 760, previously 2632
04-03 10:35:38.729 12041 12846 W ResourceType: ResTable_typeSpec entry count inconsistent: given 285, previously 1569
04-03 10:35:38.730 12041 12117 I BugleRcsEngine: [4176] aiqw.<init>: (Sim): Initializing SimStateTracker with multi-sim support
04-03 10:35:38.731 12041 12117 I BugleRcsEngine: [4176] ahjd.l: Reinitialize CSLib Flags: com.google.android.ims.library
04-03 10:35:38.774 12041 12846 W Bugle   : BuglePhoneNumberUtils: canonicalizeMccMnc: invalid mccmnc. mcc: null, mnc: null
04-03 10:35:38.794 12041 12846 W Bugle   : BuglePhoneNumberUtils: canonicalizeMccMnc: invalid mccmnc. mcc: null, mnc: null
04-03 10:35:38.806 12041 12117 I BugleRcsEngine: [4176] ahjd.l: Reinitialize CSLib Flags: com.google.android.ims.library
04-03 10:35:38.836 12041 12778 W BugleRcsEngine: [4199] aiqw.d: (Sim): Unexpected action: android.intent.action.ACTION_DEFAULT_VOICE_SUBSCRIPTION_CHANGED
04-03 10:35:38.840 12041 12117 W ResourceType: For resource 0x7f14069f, entry index(1695) is beyond type entryCount(760)
04-03 10:35:38.840 12041 12778 W BugleRcsEngine: [4199] aiqw.d: (Sim): Unexpected action: android.telephony.action.CARRIER_CONFIG_CHANGED
04-03 10:35:38.847 12041 12214 W BugleRcsEngine: [4184] aiqw.d: (Sim): Unexpected action: android.intent.action.ACTION_DEFAULT_DATA_SUBSCRIPTION_CHANGED
04-03 10:35:38.849 12041 12860 I BugleRcsEngine: [4203] aira.c: do not delay first event
04-03 10:35:38.861 12041 12117 I Bugle   : BugleStartup: Initializing RCS availability...
04-03 10:35:38.864 12041 12117 I Bugle   : RcsAvailabilityUtilForProvisioningEngineV2: updateAvailabilityAsync, hint: NO_HINT
04-03 10:35:38.864 12041 12117 I BugleRcs: RcsAvailabilityUpdaterRemote: postUpdateRcsAvailability, hint: NO_HINT
04-03 10:35:38.865 12041 12117 I BugleRcs: RcsAvailabilityUpdaterRemote: updateRcsAvailabilityAsync, hint: NO_HINT
04-03 10:35:38.865 12041 12117 I Bugle   : BugleStartup: Done with RCS availability.
04-03 10:35:38.865 12041 12117 I Bugle   : BugleStartup: Initializing RBM downloads...
04-03 10:35:38.873 12041 12114 W ResourceType: For resource 0x7f14031a, entry index(794) is beyond type entryCount(760)
04-03 10:35:38.897 12041 12117 I Bugle   : BugleDownloadManager: Marking BugleDownloadManager as initialized.
04-03 10:35:38.897 12041 12117 I Bugle   : BugleStartup: Done initializing RBM downloads.
04-03 10:35:38.897 12041 12117 I Bugle   : BugleStartup: Done initializing with enabled individual init failures.
04-03 10:35:38.898 12041 12120 W ResourceType: For resource 0x7f1406d3, entry index(1747) is beyond type entryCount(760)
04-03 10:35:38.898 12041 12120 W ResourceType: For resource 0x7f14031a, entry index(794) is beyond type entryCount(760)
04-03 10:35:38.923 12041 12155 I BugleRcs: RcsAvailabilityUpdaterRemote: updateRcsAvailabilityAsync, trivialAvailability: null
04-03 10:35:38.945 12397 12537 D NetworkLog: [appFragment] performing filtering
04-03 10:35:38.945 12397 12537 D NetworkLog: [AppFragment] filter returning 1 results
04-03 10:35:38.946 12397 12397 D NetworkLog: [AppFragment] Publishing filter results
04-03 10:35:38.946 12397 12397 D NetworkLog: [AppFragment] Published
04-03 10:35:38.946 12041 12861 W Bugle   : BuglePhoneNumberUtils: canonicalizeMccMnc: invalid mccmnc. mcc: null, mnc: null
04-03 10:35:38.948 12041 12120 W BugleRcsEngine: [4177] aiwe.g: Carrier Services Apk was not found.
04-03 10:35:38.948 12041 12155 W BugleRcsEngine: [4179] aiwe.g: Carrier Services Apk was not found.
04-03 10:35:38.948 12041 12155 I BugleRcsEngine: [4179] aiwe.e: Cannot get service version because CS.apk was not found, not pre-loaded or disabled.
04-03 10:35:38.949 12041 12155 W BugleRcsEngine: [4179] aiwe.e: Service with meta data key: SignupServiceVersions is not compatible. Service Version 4 is not supported. Supported versions: []
04-03 10:35:38.949 12041 12120 I BugleRcsEngine: [4177] aiwe.e: Cannot get service version because CS.apk was not found, not pre-loaded or disabled.
04-03 10:35:38.953 12041 12120 W BugleRcsEngine: [4177] aiwe.e: Service with meta data key: JibeServiceApiVersions is not compatible. Service Version 1 is not supported. Supported versions: []
04-03 10:35:38.961 12041 12120 I BugleRcsEngine: [4177] aiwe.c: Not using CS JibeService because it is not compatible with AM.
04-03 10:35:38.963 12041 12155 W BugleRcsEngine: [4179] aiwe.g: Carrier Services Apk was not found.
04-03 10:35:38.964 12041 12155 I BugleRcsEngine: [4179] aiwe.e: Cannot get service version because CS.apk was not found, not pre-loaded or disabled.
04-03 10:35:38.969 12041 12155 W BugleRcsEngine: [4179] aiwe.e: Service with meta data key: JibeServiceApiVersions is not compatible. Service Version 1 is not supported. Supported versions: []
04-03 10:35:38.969 12041 12155 I BugleRcsEngine: [4179] aiwe.c: Not using CS JibeService because it is not compatible with AM.
04-03 10:35:38.969 12041 12155 I BugleRcs: RcsAvailabilityUpdaterRemote: getRcsAvailabilityFromSignupServiceAsync
04-03 10:35:38.979 12041 12861 W Bugle   : BuglePhoneNumberUtils: canonicalizeMccMnc: invalid mccmnc. mcc: null, mnc: null
04-03 10:35:38.994 12041 12222 I RcsClientLib: Connecting SignupService
04-03 10:35:39.000  9337  9437 I BugleRcsEngine: [3505] ProvisioningEventReceiver.d: Received Provisioning Event: [Bugle information (100)]
04-03 10:35:39.003  9337  9437 I BugleRcsEngine: [3505] ProvisioningEventReceiver.d: JibeService is running, passing event to provisioning engine.
04-03 10:35:39.012 12041 12222 W BugleRcsEngine: [4189] aiwe.g: Carrier Services Apk was not found.
04-03 10:35:39.012 12041 12222 I BugleRcsEngine: [4189] aiwe.e: Cannot get service version because CS.apk was not found, not pre-loaded or disabled.
04-03 10:35:39.013 12041 12222 W BugleRcsEngine: [4189] aiwe.e: Service with meta data key: JibeServiceApiVersions is not compatible. Service Version 1 is not supported. Supported versions: []
04-03 10:35:39.013 12041 12222 I BugleRcsEngine: [4189] aiwe.c: Not using CS JibeService because it is not compatible with AM.
04-03 10:35:39.013 12041 12222 I RcsClientLib: Binding to JibeService in Bugle. com.google.android.ims.rcsservice.signup.ISignup
04-03 10:35:39.015 12041 12041 I RcsClientLib: com.google.android.rcs.client.signup.SignupService connected
04-03 10:35:39.018  9337  9437 I BugleRcsEngine: [3505] aibj.n: Handling Provisioning Event: [Bugle information (100)]
04-03 10:35:39.020  9337  9437 I BugleRcsEngine: [3505] aibt.a: RcsAvailabilityManager: Calculating Rcs Availability
04-03 10:35:39.024  9337  9437 I BugleRcsEngine: [3505] aien.b: Bugle is default SMS app: true
04-03 10:35:39.028  9337  9437 I BugleRcsEngine: [3505] aibt.a: Bugle has minimum required RCS permissions: true
04-03 10:35:39.034  9337  9437 I BugleRcsEngine: [3505] aien.a: Rcs is enabled from user settings: true
04-03 10:35:39.034  9337  9437 I BugleRcsEngine: [3505] aify.a: Using config server URL from agzj
04-03 10:35:39.051  9337  9437 I BugleRcsEngine: [3505] aien.o: No RCS Configuration was found in Bugle for simID: redacted-pii:sim_id[20-chars]
04-03 10:35:39.057  9337  9437 I BugleRcsEngine: [3505] aien.o: No RCS Configuration was found in Bugle for simID: redacted-pii:sim_id[20-chars]
04-03 10:35:39.057  9337  9437 I BugleRcsEngine: [3505] aiwe.d: Checking if using CarrierServices.apk is possible. Enabled: true, isAtLeastM: true, runningInsideBugle: true
04-03 10:35:39.058  9337  9437 W BugleRcsEngine: [3505] aiwe.g: Carrier Services Apk was not found.
04-03 10:35:39.058  9337  9437 I BugleRcsEngine: [3505] aiwe.e: Cannot get service version because CS.apk was not found, not pre-loaded or disabled.
04-03 10:35:39.059  9337  9437 W BugleRcsEngine: [3505] aiwe.e: Service with meta data key: JibeServiceApiVersions is not compatible. Service Version 1 is not supported. Supported versions: []
04-03 10:35:39.062  9337  9437 I BugleRcsEngine: [3505] aien.o: No RCS Configuration was found in Bugle for simID: redacted-pii:sim_id[20-chars]
04-03 10:35:39.072  9337  9437 I BugleRcsEngine: [3505] aibt.a: Config state is not ACCEPTED, provisioning still in progress
04-03 10:35:39.072  9337  9437 I BugleRcsEngine: [3505] agtv.onCsLibPhenotypeUpdated: BindingManager: binding and reset P/H Flag stay same
04-03 10:35:39.073  9337  9437 I BugleRcsEngine: [3505] aibt.a: RcsAvailabilityManager: Rcs Availability still CARRIER_SETUP_PENDING (Carrier RCS is not set up)
04-03 10:35:39.152 12041 12862 I BugleRcsEngine: [4205] aira.c: SIM delay is not enabled
04-03 10:35:39.153 12041 12862 W BugleRcsEngine: [4205] aiqw.a: (Sim): process intent: android.intent.action.SIM_STATE_CHANGED
04-03 10:35:39.163  9337  9347 I BugleRcsEngine: [3492] aibt.a: RcsAvailabilityManager: Calculating Rcs Availability
04-03 10:35:39.167 12041 12860 I BugleRcsEngine: [4203] aiqw.i: (Sim): Processing an intent
04-03 10:35:39.181 12041 12860 I BugleRcsEngine: [4203] aiqw.v: (Sim): SIM state LOADED
04-03 10:35:39.184  9337  9347 I BugleRcsEngine: [3492] aien.b: Bugle is default SMS app: true
04-03 10:35:39.190  9337  9347 I BugleRcsEngine: [3492] aibt.a: Bugle has minimum required RCS permissions: true
04-03 10:35:39.200  9337  9347 I BugleRcsEngine: [3492] aien.a: Rcs is enabled from user settings: true
04-03 10:35:39.200  9337  9347 I BugleRcsEngine: [3492] aify.a: Using config server URL from agzj
04-03 10:35:39.207  9337  9347 I BugleRcsEngine: [3492] aien.o: No RCS Configuration was found in Bugle for simID: redacted-pii:sim_id[20-chars]
04-03 10:35:39.212  9337  9347 I BugleRcsEngine: [3492] aien.o: No RCS Configuration was found in Bugle for simID: redacted-pii:sim_id[20-chars]
04-03 10:35:39.214  9337  9347 I BugleRcsEngine: [3492] aiwe.d: Checking if using CarrierServices.apk is possible. Enabled: true, isAtLeastM: true, runningInsideBugle: true
04-03 10:35:39.218  9337  9347 W BugleRcsEngine: [3492] aiwe.g: Carrier Services Apk was not found.
04-03 10:35:39.218  9337  9347 I BugleRcsEngine: [3492] aiwe.e: Cannot get service version because CS.apk was not found, not pre-loaded or disabled.
04-03 10:35:39.218  9337  9347 W BugleRcsEngine: [3492] aiwe.e: Service with meta data key: JibeServiceApiVersions is not compatible. Service Version 1 is not supported. Supported versions: []
04-03 10:35:39.224  9337  9347 I BugleRcsEngine: [3492] aien.o: No RCS Configuration was found in Bugle for simID: redacted-pii:sim_id[20-chars]
04-03 10:35:39.227  9337  9347 I BugleRcsEngine: [3492] aibt.a: Config state is not ACCEPTED, provisioning still in progress
04-03 10:35:39.228  9337  9347 I BugleRcsEngine: [3492] agtv.onCsLibPhenotypeUpdated: BindingManager: binding and reset P/H Flag stay same
04-03 10:35:39.230  9337  9347 I BugleRcsEngine: [3492] aibt.a: RcsAvailabilityManager: Rcs Availability still CARRIER_SETUP_PENDING (Carrier RCS is not set up)
04-03 10:35:39.230 12041 12222 I BugleRcs: RcsAvailabilityUpdaterRemote: updateRcsAvailabilityPostProcess, Get Updated RcsAvailability, RcsAvailability: CARRIER_SETUP_PENDING, SimId: redacted-pii[20-chars]
04-03 10:35:39.230 12041 12222 I RcsClientLib: Disconnecting SignupService
04-03 10:35:39.231 12041 12120 I BugleRcs: RcsAvailabilityUpdaterRemote: postUpdateRcsAvailability : success updating RCS availability async
04-03 10:35:39.284  2162  3898 I ActivityManager: Killing 11164:com.google.android.partnersetup/u0a16 (adj 15): empty #17
04-03 10:35:39.334  2162  2853 D ActivityManager: cleanUpApplicationRecord -- 11164
04-03 10:35:39.391 12041 12860 I BugleRcsEngine: [4203] aiqw.v: (Sim): SIM changed: false. current id: redacted-pii:sim_id[20-chars]; stored id: redacted-pii:sim_id[20-chars]; isFiDevice: false; subId: 1; slotIndex: 0
04-03 10:35:39.571 12847 12847 I art     : Rejecting re-init on previously-failed class java.lang.Class<bpv>
04-03 10:35:39.571 12847 12847 I art     : Rejecting re-init on previously-failed class java.lang.Class<bpv>
04-03 10:35:39.656 11784 11795 W art     : Suspending all threads took: 14.165ms
04-03 10:35:39.673 12065 12203 W DynamiteModule: Local module descriptor class for com.google.android.gms.providerinstaller.dynamite not found.
04-03 10:35:39.676 15528 15654 W ProviderHelper: Unknown dynamite feature providerinstaller.dynamite
04-03 10:35:39.683 12065 12203 W ProviderInstaller: Failed to load providerinstaller module: No acceptable module found. Local version is 0 and remote version is 0.
04-03 10:35:39.745 12041 12114 I BugleJobs: Icing index repair service is not scheduled. [CONTEXT class_name="IcingMonitoringUtils" ]
04-03 10:35:39.945 12397 12537 D NetworkLog: [appFragment] performing filtering
04-03 10:35:39.946 12397 12537 D NetworkLog: [AppFragment] filter returning 1 results
04-03 10:35:39.946 12397 12397 D NetworkLog: [AppFragment] Publishing filter results
04-03 10:35:39.946 12397 12397 D NetworkLog: [AppFragment] Published
04-03 10:35:40.002  4351  4351 D       : onReceive
04-03 10:35:40.002  4351  4351 D       : UpdateViews
04-03 10:35:40.003  4351  4351 W       : Widgets list is empty
04-03 10:35:40.010 12041 12114 I BugleJobs: Starts to observe table change.
04-03 10:35:40.030  4351  4351 D       : onReceive
04-03 10:35:40.030  4351  4351 D       : UpdateViews
04-03 10:35:40.031  4351  4351 W       : Widgets list is empty
04-03 10:35:40.037 12065 12135 W art     : Verification of rx rw.a(android.content.res.Configuration) took 137.862ms
04-03 10:35:40.108 12041 12114 V AssistantIntegClient: #getAssistantConfig()
04-03 10:35:40.143 12041 12778 W AssistantConfig: # ajfi@99953705
04-03 10:35:40.182 12041 12117 V AssistantConfig: #isAvailable(0) - isAvailable = true
04-03 10:35:40.214 12041 12860 I BugleRcsEngine: [4203] aiqw.v: (Sim): Skipping writing subId because this is main bugle process.
04-03 10:35:40.219 12041 12860 I BugleRcsEngine: [4203] aiqw.v: (Sim): Updated SIM info: currentSimId: redacted-pii:sim_id[20-chars]; imsi: redacted-pii:imsi[15-chars]; rawMsisdn: redacted-pii:phone_number[11-chars]; formattedMsisdn: redacted-pii:phone_number[12-chars]; mccmnc: redacted-pii:sim_operator[6-chars] isFiDevice: false; subId: 1; slotIndex: 0
04-03 10:35:40.241 12041 12860 I BugleRcsEngine: [4203] aiqw.J: (Sim): Broadcasting Intent { act=com.google.android.ims.SIM_LOADED (has extras) }
04-03 10:35:40.243 12041 12041 I Bugle   : SimChangeReceiver: action: com.google.android.ims.SIM_LOADED
04-03 10:35:40.262 12041 12860 I BugleRcsEngine: [4203] aiqw.i: (Sim): Processing an intent
04-03 10:35:40.274 12041 12860 I BugleRcsEngine: [4203] aiqw.v: (Sim): Ignoring duplicate SIM state: LOADED
04-03 10:35:40.298 12041 12117 I BugleNetwork: FirebaseRegistrationStartupTask: Enabling Firebase component
04-03 10:35:40.298 12041 12230 I Forking : Starting analysis.
04-03 10:35:40.299 12041 12230 I Misthreading: Starting analysis.
04-03 10:35:40.322   510   510 W Binder_3: type=1400 audit(0.0:7576): avc: denied { ioctl } for path="socket:[1945312]" dev="sockfs" ino=1945312 ioctlcmd=7704 scontext=u:r:surfaceflinger:s0 tcontext=u:r:surfaceflinger:s0 tclass=unix_stream_socket permissive=0
04-03 10:35:40.322   510   510 W Binder_3: type=1400 audit(0.0:7577): avc: denied { ioctl } for path="socket:[1945312]" dev="sockfs" ino=1945312 ioctlcmd=7704 scontext=u:r:surfaceflinger:s0 tcontext=u:r:surfaceflinger:s0 tclass=unix_stream_socket permissive=0
04-03 10:35:40.366  2162  2302 D ConnectivityService: listenForNetwork for Listen from uid/pid:10138/12438 for NetworkRequest [ id=296, legacyType=-1, [ Capabilities: INTERNET&NOT_RESTRICTED&TRUSTED] ]
04-03 10:35:40.370  2162  2171 I art     : Background partial concurrent mark sweep GC freed 135471(10MB) AllocSpace objects, 0(0B) LOS objects, 29% free, 38MB/54MB, paused 1.549ms total 119.397ms
04-03 10:35:40.389 12041 12114 I Bugle   : RcsAvailabilityUtilForProvisioningEngineV2: updateAvailabilityAsync, hint: NO_HINT
04-03 10:35:40.389 12041 12114 I BugleRcs: RcsAvailabilityUpdaterRemote: postUpdateRcsAvailability, hint: NO_HINT
04-03 10:35:40.389 12041 12114 I BugleRcs: RcsAvailabilityUpdaterRemote: updateRcsAvailabilityAsync, hint: NO_HINT
04-03 10:35:40.390 12041 12120 W ResourceType: For resource 0x7f14031a, entry index(794) is beyond type entryCount(760)
04-03 10:35:40.427 12041 12120 I BugleRcs: RcsAvailabilityUpdaterRemote: updateRcsAvailabilityAsync, trivialAvailability: null
04-03 10:35:40.428 12041 12120 W BugleRcsEngine: [4177] aiwe.g: Carrier Services Apk was not found.
04-03 10:35:40.428 12041 12120 I BugleRcsEngine: [4177] aiwe.e: Cannot get service version because CS.apk was not found, not pre-loaded or disabled.
04-03 10:35:40.428 12041 12120 W BugleRcsEngine: [4177] aiwe.e: Service with meta data key: SignupServiceVersions is not compatible. Service Version 4 is not supported. Supported versions: []
04-03 10:35:40.429 12041 12120 W BugleRcsEngine: [4177] aiwe.g: Carrier Services Apk was not found.
04-03 10:35:40.429 12041 12120 I BugleRcsEngine: [4177] aiwe.e: Cannot get service version because CS.apk was not found, not pre-loaded or disabled.
04-03 10:35:40.429 12041 12120 W BugleRcsEngine: [4177] aiwe.e: Service with meta data key: JibeServiceApiVersions is not compatible. Service Version 1 is not supported. Supported versions: []
04-03 10:35:40.429 12041 12120 I BugleRcsEngine: [4177] aiwe.c: Not using CS JibeService because it is not compatible with AM.
04-03 10:35:40.429 12041 12120 I BugleRcs: RcsAvailabilityUpdaterRemote: getRcsAvailabilityFromSignupServiceAsync
04-03 10:35:40.430 12041 12222 I RcsClientLib: Connecting SignupService
04-03 10:35:40.431 12041 12222 W BugleRcsEngine: [4189] aiwe.g: Carrier Services Apk was not found.
04-03 10:35:40.431 12041 12222 I BugleRcsEngine: [4189] aiwe.e: Cannot get service version because CS.apk was not found, not pre-loaded or disabled.
04-03 10:35:40.434 12041 12222 W BugleRcsEngine: [4189] aiwe.e: Service with meta data key: JibeServiceApiVersions is not compatible. Service Version 1 is not supported. Supported versions: []
04-03 10:35:40.434 12041 12222 I BugleRcsEngine: [4189] aiwe.c: Not using CS JibeService because it is not compatible with AM.
04-03 10:35:40.434 12041 12222 I RcsClientLib: Binding to JibeService in Bugle. com.google.android.ims.rcsservice.signup.ISignup
04-03 10:35:40.436 12041 12041 I RcsClientLib: com.google.android.rcs.client.signup.SignupService connected
04-03 10:35:40.437  9337  9348 I BugleRcsEngine: [3493] aibt.a: RcsAvailabilityManager: Calculating Rcs Availability
04-03 10:35:40.441  9337  9348 I BugleRcsEngine: [3493] aien.b: Bugle is default SMS app: true
04-03 10:35:40.443  9337  9348 I BugleRcsEngine: [3493] aibt.a: Bugle has minimum required RCS permissions: true
04-03 10:35:40.452  9337  9348 I BugleRcsEngine: [3493] aien.a: Rcs is enabled from user settings: true
04-03 10:35:40.452  9337  9348 I BugleRcsEngine: [3493] aify.a: Using config server URL from agzj
04-03 10:35:40.455  9337  9348 I BugleRcsEngine: [3493] aien.o: No RCS Configuration was found in Bugle for simID: redacted-pii:sim_id[20-chars]
04-03 10:35:40.463  9337  9348 I BugleRcsEngine: [3493] aien.o: No RCS Configuration was found in Bugle for simID: redacted-pii:sim_id[20-chars]
04-03 10:35:40.464  9337  9348 I BugleRcsEngine: [3493] aiwe.d: Checking if using CarrierServices.apk is possible. Enabled: true, isAtLeastM: true, runningInsideBugle: true
04-03 10:35:40.464  9337  9348 W BugleRcsEngine: [3493] aiwe.g: Carrier Services Apk was not found.
04-03 10:35:40.464  9337  9348 I BugleRcsEngine: [3493] aiwe.e: Cannot get service version because CS.apk was not found, not pre-loaded or disabled.
04-03 10:35:40.465  9337  9348 W BugleRcsEngine: [3493] aiwe.e: Service with meta data key: JibeServiceApiVersions is not compatible. Service Version 1 is not supported. Supported versions: []
04-03 10:35:40.469  9337  9348 I BugleRcsEngine: [3493] aien.o: No RCS Configuration was found in Bugle for simID: redacted-pii:sim_id[20-chars]
04-03 10:35:40.474  9337  9348 I BugleRcsEngine: [3493] aibt.a: Config state is not ACCEPTED, provisioning still in progress
04-03 10:35:40.474  9337  9348 I BugleRcsEngine: [3493] agtv.onCsLibPhenotypeUpdated: BindingManager: binding and reset P/H Flag stay same
04-03 10:35:40.474  9337  9348 I BugleRcsEngine: [3493] aibt.a: RcsAvailabilityManager: Rcs Availability still CARRIER_SETUP_PENDING (Carrier RCS is not set up)
04-03 10:35:40.474 12041 12222 I BugleRcs: RcsAvailabilityUpdaterRemote: updateRcsAvailabilityPostProcess, Get Updated RcsAvailability, RcsAvailability: CARRIER_SETUP_PENDING, SimId: redacted-pii[20-chars]
04-03 10:35:40.477 12041 12222 I RcsClientLib: Disconnecting SignupService
04-03 10:35:40.478 12041 12155 I BugleRcs: RcsAvailabilityUpdaterRemote: postUpdateRcsAvailability : success updating RCS availability async
04-03 10:35:40.514 12041 12041 I BugleRcsEngine: [1] ahjd.l: Reinitialize CSLib Flags: com.google.android.ims.library
04-03 10:35:40.548 12041 12155 W ResourceType: For resource 0x7f1403e5, entry index(997) is beyond type entryCount(760)
04-03 10:35:40.549 15528 15726 W ResourceType: ResTable_typeSpec entry count inconsistent: given 1080, previously 1096
04-03 10:35:40.549 15528 15726 W ResourceType: ResTable_typeSpec entry count inconsistent: given 760, previously 2632
04-03 10:35:40.549 15528 15726 W ResourceType: ResTable_typeSpec entry count inconsistent: given 285, previously 1569
04-03 10:35:40.596 12041 12155 W ResourceType: For resource 0x7f140410, entry index(1040) is beyond type entryCount(760)
04-03 10:35:40.597 12041 12155 W ResourceType: For resource 0x7f14040f, entry index(1039) is beyond type entryCount(760)
04-03 10:35:40.597 12041 12155 W ResourceType: For resource 0x7f1403e6, entry index(998) is beyond type entryCount(760)
04-03 10:35:40.615 12041 12155 W ResourceType: For resource 0x7f1403f4, entry index(1012) is beyond type entryCount(760)
04-03 10:35:40.616 12041 12155 W ResourceType: For resource 0x7f140417, entry index(1047) is beyond type entryCount(760)
04-03 10:35:40.616 12041 12155 W ResourceType: For resource 0x7f1406b0, entry index(1712) is beyond type entryCount(760)
04-03 10:35:40.637  2162  3569 D NetlinkSocketObserver: NeighborEvent{elapsedMs=686694713, 192.168.1.64, [1002B530FC64], RTM_NEWNEIGH, NUD_STALE}
04-03 10:35:40.670 12041 12155 I FirebaseApp: Device unlocked: initializing all Firebase APIs for app [DEFAULT]
04-03 10:35:40.722 12438 12876 W cr_media: Requires BLUETOOTH permission
04-03 10:35:40.735 12041 12155 W ResourceType: For resource 0x7f140410, entry index(1040) is beyond type entryCount(760)
04-03 10:35:40.739 15528 30280 I Auth    : [ReflectiveChannelBinder] Successfully bound channel!
04-03 10:35:40.770 15528 30280 W Conscrypt: Could not set socket write timeout: java.net.SocketException: Socket closed
04-03 10:35:40.770 15528 30280 E art     : invalid stream - problem with parameter iterator in /data/app/com.google.android.gms-1/base.apk:classes3.dex for method void com.google.android.gms.org.conscrypt.ConscryptFileDescriptorSocket.setSoWriteTimeout(int)
04-03 10:35:40.793 12438 12898 E libEGL  : validate_display:255 error 3008 (EGL_BAD_DISPLAY)
04-03 10:35:40.798 12438 12898 I Adreno-EGL: <qeglDrvAPI_eglInitialize:379>: QUALCOMM Build: 10/21/15, 369a2ea, I96aee987eb
04-03 10:35:40.874 12041 12222 D MDD WorkManagerTaskScheduler: Scheduling periodic tasks for MDD lib MDD.CHARGING.PERIODIC.TASK 21600
04-03 10:35:40.874 12041 12222 D MDD WorkManagerTaskScheduler: Scheduling periodic tasks for MDD lib MDD.MAINTENANCE.PERIODIC.GCM.TASK 86400
04-03 10:35:40.874 12041 12222 D MDD WorkManagerTaskScheduler: Scheduling periodic tasks for MDD lib MDD.CELLULAR.CHARGING.PERIODIC.TASK 21600
04-03 10:35:40.874 12041 12222 D MDD WorkManagerTaskScheduler: Scheduling periodic tasks for MDD lib MDD.WIFI.CHARGING.PERIODIC.TASK 3600
04-03 10:35:40.875 12041 12222 I BugleMDD: MddBackgroundStartupTask: Scheduled MDD periodic tasks.
04-03 10:35:40.877 12041 12114 I BugleRcsProvisioning: RcsProvisioningTrigger: Schedule provisioning on app startup
04-03 10:35:40.885 12041 12114 I BugleRcsProvisioning: RcsProvisioningTrigger: schedule provisioning
04-03 10:35:40.887 12041 12117 I BugleNetwork: Startup: registering tachyon.
04-03 10:35:40.898 12041 12114 I BugleRcsEngine: [4175] iim.run: Provisioning task in Bugle is disabled by P/H flag
04-03 10:35:40.906 12041 12117 I BugleNetwork: Startup: registering tachyon for phone.
04-03 10:35:40.910 12041 12117 I BugleNetwork: Profile service is not connected at startup task.
04-03 10:35:40.919 12438 12898 E libEGL  : validate_display:255 error 3008 (EGL_BAD_DISPLAY)
04-03 10:35:40.926 12041 12120 D MDD WorkManagerTaskScheduler: Successfully updated periodic tasks for MDD lib MDD.MAINTENANCE.PERIODIC.GCM.TASK 86400
04-03 10:35:40.926 12041 12120 D MDD WorkManagerTaskScheduler: Successfully updated periodic tasks for MDD lib MDD.CELLULAR.CHARGING.PERIODIC.TASK 21600
04-03 10:35:40.927 12041 12120 D MDD WorkManagerTaskScheduler: Successfully updated periodic tasks for MDD lib MDD.WIFI.CHARGING.PERIODIC.TASK 3600
04-03 10:35:40.927 12041 12120 D MDD WorkManagerTaskScheduler: Successfully updated periodic tasks for MDD lib MDD.CHARGING.PERIODIC.TASK 21600
04-03 10:35:40.945 12397 12537 D NetworkLog: [appFragment] performing filtering
04-03 10:35:40.946 12397 12537 D NetworkLog: [AppFragment] filter returning 1 results
04-03 10:35:40.946 12397 12397 D NetworkLog: [AppFragment] Publishing filter results
04-03 10:35:40.946 12397 12397 D NetworkLog: [AppFragment] Published
04-03 10:35:40.972 12041 12117 W ResourceType: For resource 0x7f1409e2, entry index(2530) is beyond type entryCount(760)
04-03 10:35:40.982 15528 30280 W Conscrypt: 	at com.google.android.gms.org.conscrypt.Platform.setSocketWriteTimeout(:com.google.android.gms@210915018@21.09.15 (040308-361652764):2)
04-03 10:35:40.982 15528 30280 W Conscrypt: 	at com.google.android.gms.org.conscrypt.ConscryptFileDescriptorSocket.setSoWriteTimeout(:com.google.android.gms@210915018@21.09.15 (040308-361652764))
04-03 10:35:40.996 12041 12905 I DynamiteModule: Considering local module com.google.android.gms.measurement.dynamite:46 and remote module com.google.android.gms.measurement.dynamite:46
04-03 10:35:40.996 12041 12905 I DynamiteModule: Selected remote version of com.google.android.gms.measurement.dynamite, version >= 46
04-03 10:35:40.996 12041 12905 V DynamiteModule: Dynamite loader version >= 2, using loadModule2NoCrashUtils
04-03 10:35:41.008 12041 12905 W ResourceType: ResTable_typeSpec entry count inconsistent: given 67, previously 69
04-03 10:35:41.008 12041 12905 W ResourceType: ResTable_typeSpec entry count inconsistent: given 5587, previously 5588
04-03 10:35:41.012 12041 12114 W ResourceType: For resource 0x7f1409e2, entry index(2530) is beyond type entryCount(760)
04-03 10:35:41.013  2162  3034 W DropBoxManagerService: Dropping: exp_det_cert_pin_failure (10 > 0 bytes)
04-03 10:35:41.013 12041 12114 I Bugle   : VerifiedSmsStartupTask: Checking if Verified SMS tasks should be enqueued. feature supported: true, feature enabled: true, eligible / has registered key: false, C11N: true
04-03 10:35:41.013 12041 12114 I Bugle   : VerifiedSmsStartupTask: Not enqueuing VSMS periodic task, VSMS is disabled or not supported.
04-03 10:35:41.013 12041 12230 W ResourceType: For resource 0x7f1409e2, entry index(2530) is beyond type entryCount(760)
04-03 10:35:41.013 12041 12230 I Bugle   : VerifiedSmsStartupTask: Calling C11N to get phone numbers...
04-03 10:35:41.019  2162  2175 W BroadcastQueue: Permission Denial: receiving Intent { act=android.intent.action.DROPBOX_ENTRY_ADDED flg=0x10 (has extras) } to ProcessRecord{78234d5 4449:com.pandora.android/u0a103} (pid=4449, uid=10103) requires android.permission.READ_LOGS due to sender android (uid 1000)
04-03 10:35:41.036 12041 12905 W System  : ClassLoader referenced unknown path: /data/data/com.google.android.gms/app_chimera/m/00000046/n/armeabi-v7a
04-03 10:35:41.036 12041 12905 W System  : ClassLoader referenced unknown path: /data/data/com.google.android.gms/app_chimera/m/00000046/n/armeabi
04-03 10:35:41.040 12041 12338 I Bugle   : VerifiedSmsRegistrationHelper: Too early for C11N check, last check time: 1616973291430, earliest next check time: 1617578091430, current time: 1617471341039
04-03 10:35:41.040 12041 12338 I Bugle   : VerifiedSmsStartupTask: C11N registration didn't update with any new data.
04-03 10:35:41.044 15528 30280 W Conscrypt: Could not set socket write timeout: java.net.SocketException: Socket closed
04-03 10:35:41.044 15528 30280 E art     : invalid stream - problem with parameter iterator in /data/app/com.google.android.gms-1/base.apk:classes3.dex for method void com.google.android.gms.org.conscrypt.ConscryptFileDescriptorSocket.setSoWriteTimeout(int)
04-03 10:35:41.044 15528 30280 W Conscrypt: 	at com.google.android.gms.org.conscrypt.Platform.setSocketWriteTimeout(:com.google.android.gms@210915018@21.09.15 (040308-361652764):2)
04-03 10:35:41.044 15528 30280 W Conscrypt: 	at com.google.android.gms.org.conscrypt.ConscryptFileDescriptorSocket.setSoWriteTimeout(:com.google.android.gms@210915018@21.09.15 (040308-361652764))
04-03 10:35:41.128 12041 12155 I Bugle   : RcsAvailabilityUtilForProvisioningEngineV2: onCsLibPhenotypeUpdated
04-03 10:35:41.143  9337  9546 I BugleRcsEngine: [3516] ahjd.l: Reinitialize CSLib Flags: com.google.android.ims.library
04-03 10:35:41.240 12041 12155 I BugleRcsProvisioning: RcsProvisioningTrigger: onCsLibPhenotypeUpdated, enableProvisioningTaskInBugle = false
04-03 10:35:41.241 12041 12155 I BugleRcsProvisioning: RcsProvisioningTrigger: updateRcsAvailability : hint = CSLIB_PHENOTYPE_UPDATE
04-03 10:35:41.241 12041 12155 I Bugle   : RcsAvailabilityUtilForProvisioningEngineV2: updateAvailabilityAsync, hint: CSLIB_PHENOTYPE_UPDATE
04-03 10:35:41.284 12041 12155 I Bugle   : RcsAvailabilityUtilForProvisioningEngineV2: swapAvailabilityUpdater, provisioningTaskInBugle: false, activeRcsAvailabilityUpdater: sig
04-03 10:35:41.284 12041 12155 I BugleRcs: RcsAvailabilityUpdaterRemote: postUpdateRcsAvailability, hint: CSLIB_PHENOTYPE_UPDATE
04-03 10:35:41.284 12041 12155 I BugleRcs: RcsAvailabilityUpdaterRemote: updateRcsAvailabilityAsync, hint: CSLIB_PHENOTYPE_UPDATE
04-03 10:35:41.291  9337  9546 I BugleRcsEngine: [3516] aify.a: Using config server URL from agzj
04-03 10:35:41.295 12041 12155 W ResourceType: For resource 0x7f14031a, entry index(794) is beyond type entryCount(760)
04-03 10:35:41.309  9337  9546 I BugleRcsEngine: [3516] aibt.a: RcsAvailabilityManager: Calculating Rcs Availability
04-03 10:35:41.325  9337  9546 I BugleRcsEngine: [3516] aien.b: Bugle is default SMS app: true
04-03 10:35:41.331  9337  9546 I BugleRcsEngine: [3516] aibt.a: Bugle has minimum required RCS permissions: true
04-03 10:35:41.349  9337  9546 I BugleRcsEngine: [3516] aien.a: Rcs is enabled from user settings: true
04-03 10:35:41.349  9337  9546 I BugleRcsEngine: [3516] aify.a: Using config server URL from agzj
04-03 10:35:41.352  9337  9546 I BugleRcsEngine: [3516] aien.o: No RCS Configuration was found in Bugle for simID: redacted-pii:sim_id[20-chars]
04-03 10:35:41.354 12041 12155 I BugleRcs: RcsAvailabilityUpdaterRemote: updateRcsAvailabilityAsync, trivialAvailability: null
04-03 10:35:41.355 12041 12155 W BugleRcsEngine: [4179] aiwe.g: Carrier Services Apk was not found.
04-03 10:35:41.357  9337  9546 I BugleRcsEngine: [3516] aien.o: No RCS Configuration was found in Bugle for simID: redacted-pii:sim_id[20-chars]
04-03 10:35:41.357 12041 12155 I BugleRcsEngine: [4179] aiwe.e: Cannot get service version because CS.apk was not found, not pre-loaded or disabled.
04-03 10:35:41.357 12041 12155 W BugleRcsEngine: [4179] aiwe.e: Service with meta data key: SignupServiceVersions is not compatible. Service Version 4 is not supported. Supported versions: []
04-03 10:35:41.357  9337  9546 I BugleRcsEngine: [3516] aiwe.d: Checking if using CarrierServices.apk is possible. Enabled: true, isAtLeastM: true, runningInsideBugle: true
04-03 10:35:41.358  9337  9546 W BugleRcsEngine: [3516] aiwe.g: Carrier Services Apk was not found.
04-03 10:35:41.358  9337  9546 I BugleRcsEngine: [3516] aiwe.e: Cannot get service version because CS.apk was not found, not pre-loaded or disabled.
04-03 10:35:41.358  9337  9546 W BugleRcsEngine: [3516] aiwe.e: Service with meta data key: JibeServiceApiVersions is not compatible. Service Version 1 is not supported. Supported versions: []
04-03 10:35:41.363 12041 12155 W BugleRcsEngine: [4179] aiwe.g: Carrier Services Apk was not found.
04-03 10:35:41.364 12041 12155 I BugleRcsEngine: [4179] aiwe.e: Cannot get service version because CS.apk was not found, not pre-loaded or disabled.
04-03 10:35:41.364 12041 12155 W BugleRcsEngine: [4179] aiwe.e: Service with meta data key: JibeServiceApiVersions is not compatible. Service Version 1 is not supported. Supported versions: []
04-03 10:35:41.364 12041 12155 I BugleRcsEngine: [4179] aiwe.c: Not using CS JibeService because it is not compatible with AM.
04-03 10:35:41.364 12041 12155 I BugleRcs: RcsAvailabilityUpdaterRemote: getRcsAvailabilityFromSignupServiceAsync
04-03 10:35:41.364 12041 12222 I RcsClientLib: Connecting SignupService
04-03 10:35:41.365 12041 12222 W BugleRcsEngine: [4189] aiwe.g: Carrier Services Apk was not found.
04-03 10:35:41.365 12041 12222 I BugleRcsEngine: [4189] aiwe.e: Cannot get service version because CS.apk was not found, not pre-loaded or disabled.
04-03 10:35:41.366 12041 12222 W BugleRcsEngine: [4189] aiwe.e: Service with meta data key: JibeServiceApiVersions is not compatible. Service Version 1 is not supported. Supported versions: []
04-03 10:35:41.366 12041 12222 I BugleRcsEngine: [4189] aiwe.c: Not using CS JibeService because it is not compatible with AM.
04-03 10:35:41.366 12041 12222 I RcsClientLib: Binding to JibeService in Bugle. com.google.android.ims.rcsservice.signup.ISignup
04-03 10:35:41.368 12041 12041 I RcsClientLib: com.google.android.rcs.client.signup.SignupService connected
04-03 10:35:41.395 12438 12621 E FirebaseInstanceId: Topic sync or token retrieval failed on hard failure exceptions: FIS_AUTH_ERROR. Won't retry the operation.
04-03 10:35:41.437  9337  9553 I BugleRcsEngine: [3521] aibt.a: RcsAvailabilityManager: Calculating Rcs Availability
04-03 10:35:41.437  9337  9546 I BugleRcsEngine: [3516] aien.o: No RCS Configuration was found in Bugle for simID: redacted-pii:sim_id[20-chars]
04-03 10:35:41.438  2162  3895 I ActivityManager: Killing 10812:com.android.musicfx/u0a18 (adj 15): empty #17
04-03 10:35:41.629  2162  3946 D ActivityManager: cleanUpApplicationRecord -- 10812
04-03 10:35:41.662  9337  9546 I BugleRcsEngine: [3516] aibt.a: Config state is not ACCEPTED, provisioning still in progress
04-03 10:35:41.664  9337  9546 I BugleRcsEngine: [3516] agtv.onCsLibPhenotypeUpdated: BindingManager: binding and reset P/H Flag stay same
04-03 10:35:41.664  9337  9546 I BugleRcsEngine: [3516] aibt.a: RcsAvailabilityManager: Rcs Availability still CARRIER_SETUP_PENDING (Carrier RCS is not set up)
04-03 10:35:41.670  9337  9553 I BugleRcsEngine: [3521] aien.b: Bugle is default SMS app: true
04-03 10:35:41.675  9337  9553 I BugleRcsEngine: [3521] aibt.a: Bugle has minimum required RCS permissions: true
04-03 10:35:41.676  9337  9546 I BugleRcsEngine: [3516] ahxy.u: ProvisioningEngineManager: onCsLibPhenotypeUpdated, provisioningTaskInBugleEnabled = false, currentProvisioningStrategy = aibj
04-03 10:35:41.697  9337  9553 I BugleRcsEngine: [3521] aien.a: Rcs is enabled from user settings: true
04-03 10:35:41.697  9337  9553 I BugleRcsEngine: [3521] aify.a: Using config server URL from agzj
04-03 10:35:41.703  9337  9553 I BugleRcsEngine: [3521] aien.o: No RCS Configuration was found in Bugle for simID: redacted-pii:sim_id[20-chars]
04-03 10:35:41.708  9337  9553 I BugleRcsEngine: [3521] aien.o: No RCS Configuration was found in Bugle for simID: redacted-pii:sim_id[20-chars]
04-03 10:35:41.708  9337  9553 I BugleRcsEngine: [3521] aiwe.d: Checking if using CarrierServices.apk is possible. Enabled: true, isAtLeastM: true, runningInsideBugle: true
04-03 10:35:41.709  9337  9553 W BugleRcsEngine: [3521] aiwe.g: Carrier Services Apk was not found.
04-03 10:35:41.709  9337  9553 I BugleRcsEngine: [3521] aiwe.e: Cannot get service version because CS.apk was not found, not pre-loaded or disabled.
04-03 10:35:41.709  9337  9553 W BugleRcsEngine: [3521] aiwe.e: Service with meta data key: JibeServiceApiVersions is not compatible. Service Version 1 is not supported. Supported versions: []
04-03 10:35:41.716  9337  9553 I BugleRcsEngine: [3521] aien.o: No RCS Configuration was found in Bugle for simID: redacted-pii:sim_id[20-chars]
04-03 10:35: