03-31 21:59:09.740  2162  2271 D ConnectivityService: Adding Route [192.168.1.0/24 -> 0.0.0.0 wlan0] to network 251
03-31 21:59:09.740  2162  2271 D ConnectivityService: Adding Route [0.0.0.0/0 -> 192.168.1.1 wlan0] to network 251
03-31 21:59:09.741  2162  2271 D ConnectivityService: Setting Dns servers for network 251 to [/192.168.1.64]
03-31 21:59:09.770  2162  2271 D ConnectivityService: notifyType IP_CHANGED for NetworkAgentInfo [WIFI () - 251]
03-31 21:59:09.793  2162  2271 D ConnectivityService: scheduleUnvalidatedPrompt 251
03-31 21:59:09.793  2162  2271 D ConnectivityService: updateSignalStrengthThresholds: CONNECT, sending [] to NetworkAgentInfo [WIFI () - 251]
03-31 21:59:09.794  2162  2271 D ConnectivityService: rematch for NetworkAgentInfo [WIFI () - 251]
03-31 21:59:09.794  2162  2271 D ConnectivityService:    accepting network in place of null
03-31 21:59:09.794  2162  2271 D ConnectivityService: Switching to new default network: NetworkAgentInfo{ ni{[type: WIFI[], state: CONNECTED/CONNECTED, reason: (unspecified), extra: "Aperture Laboratory", roaming: false, failover: false, isAvailable: true]}  network{251}  lp{{InterfaceName: wlan0 LinkAddresses: [fe80::2e54:cfff:fee5:b45b/64,192.168.1.136/24,]  Routes: [fe80::/64 -> :: wlan0,192.168.1.0/24 -> 0.0.0.0 wlan0,0.0.0.0/0 -> 192.168.1.1 wlan0,] DnsAddresses: [192.168.1.64,] Domains: null MTU: 0 TcpBufferSizes: 524288,1048576,2097152,262144,524288,1048576}}  nc{[ Transports: WIFI Capabilities: INTERNET&NOT_RESTRICTED&TRUSTED&NOT_VPN LinkUpBandwidth>=1048576Kbps LinkDnBandwidth>=1048576Kbps SignalStrength: -66]}  Score{20}  everValidated{false}  lastValidated{false}  created{true} lingering{false} explicitlySelected{false} acceptUnvalidated{false} everCaptivePortalDetected{false} lastCaptivePortalDetected{false} }
03-31 21:59:09.859  2162  2271 D CSLegacyTypeTracker: Sending CONNECTED broadcast for type 1 NetworkAgentInfo [WIFI () - 251] isDefaultNetwork=true
03-31 21:59:09.860  2162  2271 D ConnectivityService: sendStickyBroadcast: action=android.net.conn.CONNECTIVITY_CHANGE
03-31 21:59:09.870  2162  2271 D ConnectivityService: notifyType PRECHECK for NetworkAgentInfo [WIFI () - 251]
03-31 21:59:09.883  2162  3908 V BackupManagerService: Scheduling immediate backup pass
03-31 21:59:09.905  2162  2162 V BackupManagerService: Running a backup pass
03-31 21:59:09.910  2162  2284 V BackupManagerService: clearing pending backups
03-31 21:59:09.914  2162  2284 V PerformBackupTask: Beginning backup of 44 targets
03-31 21:59:09.935  2162  2284 D PerformBackupTask: invokeAgentForBackup on @pm@
03-31 21:59:09.977  2162  2162 I ActivityManager: Start proc 25167:com.google.android.apps.tachyon/u0a88 for service com.google.android.apps.tachyon/androidx.work.impl.background.systemjob.SystemJobService
03-31 21:59:10.042  2162  3946 I ActivityManager: Start proc 25181:com.google.android.apps.photos/u0a64 for broadcast com.google.android.apps.photos/.actionqueue.impl.SystemReceiver
03-31 21:59:10.119  2162  3908 I ActivityManager: Start proc 25194:com.google.android.apps.messaging/u0a67 for content provider com.google.android.apps.messaging/.shared.datamodel.provider.sharedstorage.SharedStorageProvider
03-31 21:59:10.292  2162  2284 I BackupRestoreController: Getting widget state for user: 0
03-31 21:59:10.389  2162  2284 V KeyValueBackupJob: Scheduling k/v pass in 10080 minutes
03-31 21:59:10.982  2162  3015 I ActivityManager: Killing 15700:com.google.android.play.games/u0a65 (adj 15): empty for 1858s
03-31 21:59:11.087  2162  2302 D ActivityManager: cleanUpApplicationRecord -- 15700
03-31 21:59:11.602  2162  2284 I BackupManagerService: Backup pass finished.
03-31 21:59:12.675  2162  2271 D ConnectivityService: notifyType CAP_CHANGED for NetworkAgentInfo [WIFI () - 251]
03-31 21:59:12.873  2162  2271 D ConnectivityService: NetworkAgentInfo [WIFI () - 251] EVENT_NETWORK_INFO_CHANGED, going from CONNECTED to DISCONNECTED
03-31 21:59:12.873  2162  2271 D ConnectivityService: NetworkAgentInfo [WIFI () - 251] got DISCONNECTED, was satisfying 12
03-31 21:59:12.924  2162  2271 D ConnectivityService: notifyType LOST for NetworkAgentInfo [WIFI () - 251]
03-31 21:59:12.942  2162  3910 I ActivityManager: Start proc 25294:com.google.android.apps.gcs/u0a9 for service com.google.android.apps.gcs/.service.GcsNetworkStatusReceiverService
03-31 21:59:13.018  2162  2271 D CSLegacyTypeTracker: Sending DISCONNECTED broadcast for type 1 NetworkAgentInfo [WIFI () - 251] isDefaultNetwork=true
03-31 21:59:13.018  2162  2271 D ConnectivityService: sendStickyBroadcast: action=android.net.conn.CONNECTIVITY_CHANGE
03-31 21:59:13.170  2162  2162 I ActivityManager: Start proc 25318:com.google.android.calendar/u0a33 for service com.google.android.calendar/com.google.android.libraries.notifications.entrypoints.scheduled.ScheduledTaskService
03-31 21:59:13.247  2162  3997 I ActivityManager: Killing 15687:com.google.android.apps.magazines/u0a61 (adj 15): empty for 1858s
03-31 21:59:13.260  2162  2853 D ConnectivityService: ConnectivityService NetworkRequestInfo binderDied(NetworkRequest [ id=271, legacyType=-1, [ Capabilities: INTERNET&NOT_RESTRICTED&TRUSTED] ], android.os.BinderProxy@bce0936)
03-31 21:59:13.319  2162  2173 D ActivityManager: cleanUpApplicationRecord -- 15687
03-31 21:59:13.319  2162  2271 E ConnectivityService: EVENT_NETWORK_INFO_CHANGED from unknown NetworkAgent
03-31 21:59:13.320  2162  2271 D ConnectivityService: releasing NetworkRequest NetworkRequest [ id=271, legacyType=-1, [ Capabilities: INTERNET&NOT_RESTRICTED&TRUSTED] ]
03-31 21:59:13.320  2162  2271 E ConnectivityService: RemoteException caught trying to send a callback msg for NetworkRequest [ id=271, legacyType=-1, [ Capabilities: INTERNET&NOT_RESTRICTED&TRUSTED] ]
03-31 21:59:13.477  2162  2162 I ActivityManager: Start proc 25339:com.google.android.gm/u0a70 for service com.google.android.gm/com.google.android.libraries.notifications.entrypoints.scheduled.ScheduledTaskService
03-31 21:59:13.709  2162  3034 I ActivityManager: Start proc 25358:com.android.providers.calendar/u0a1 for content provider com.android.providers.calendar/.CalendarProvider2
03-31 21:59:14.002  2162  3997 I ActivityManager: Killing 17651:android.process.acore/u0a2 (adj 15): empty for 1858s
03-31 21:59:14.097  2162  2890 D ActivityManager: cleanUpApplicationRecord -- 17651
03-31 21:59:14.379  2162  2269 D ConnectivityService: registerNetworkAgent NetworkAgentInfo{ ni{[type: WIFI[], state: CONNECTING/CONNECTING, reason: (unspecified), extra: "Aperture Laboratory", roaming: false, failover: false, isAvailable: true]}  network{252}  lp{{InterfaceName: wlan0 LinkAddresses: []  Routes: [] DnsAddresses: [] Domains: null MTU: 0 TcpBufferSizes: 524288,1048576,2097152,262144,524288,1048576}}  nc{[ Transports: WIFI Capabilities: INTERNET&NOT_RESTRICTED&TRUSTED&NOT_VPN LinkUpBandwidth>=1048576Kbps LinkDnBandwidth>=1048576Kbps]}  Score{20}  everValidated{false}  lastValidated{false}  created{false} lingering{false} explicitlySelected{false} acceptUnvalidated{false} everCaptivePortalDetected{false} lastCaptivePortalDetected{false} }
03-31 21:59:14.379  2162  2271 D ConnectivityService: NetworkAgentInfo [WIFI () - 252] EVENT_NETWORK_INFO_CHANGED, going from null to CONNECTING
03-31 21:59:14.455  2162  2271 D ConnectivityService: notifyType CAP_CHANGED for NetworkAgentInfo [WIFI () - 252]
03-31 21:59:14.455  2162  2271 D ConnectivityService: updateNetworkScore for NetworkAgentInfo [WIFI () - 252] to 60
03-31 21:59:14.461  2162  2271 D ConnectivityService: NetworkAgentInfo [WIFI () - 252] EVENT_NETWORK_INFO_CHANGED, going from CONNECTING to CONNECTED
03-31 21:59:14.462  2162  2271 D ConnectivityService: Adding iface wlan0 to network 252
03-31 21:59:14.649  2162  2271 E ConnectivityService: Unexpected mtu value: 0, wlan0
03-31 21:59:14.649  2162  2271 D ConnectivityService: Adding Route [fe80::/64 -> :: wlan0] to network 252
03-31 21:59:14.650  2162  2271 D ConnectivityService: Adding Route [192.168.1.0/24 -> 0.0.0.0 wlan0] to network 252
03-31 21:59:14.651  2162  2271 D ConnectivityService: Adding Route [0.0.0.0/0 -> 192.168.1.1 wlan0] to network 252
03-31 21:59:14.652  2162  2271 D ConnectivityService: Setting Dns servers for network 252 to [/192.168.1.64]
03-31 21:59:14.670  2162  2271 D ConnectivityService: notifyType IP_CHANGED for NetworkAgentInfo [WIFI () - 252]
03-31 21:59:14.689  2162  2271 D ConnectivityService: scheduleUnvalidatedPrompt 252
03-31 21:59:14.689  2162  2271 D ConnectivityService: updateSignalStrengthThresholds: CONNECT, sending [] to NetworkAgentInfo [WIFI () - 252]
03-31 21:59:14.689  2162  2271 D ConnectivityService: rematch for NetworkAgentInfo [WIFI () - 252]
03-31 21:59:14.689  2162  2271 D ConnectivityService:    accepting network in place of null
03-31 21:59:14.689  2162  2271 D ConnectivityService: Switching to new default network: NetworkAgentInfo{ ni{[type: WIFI[], state: CONNECTED/CONNECTED, reason: (unspecified), extra: "Aperture Laboratory", roaming: false, failover: false, isAvailable: true]}  network{252}  lp{{InterfaceName: wlan0 LinkAddresses: [fe80::2e54:cfff:fee5:b45b/64,192.168.1.136/24,]  Routes: [fe80::/64 -> :: wlan0,192.168.1.0/24 -> 0.0.0.0 wlan0,0.0.0.0/0 -> 192.168.1.1 wlan0,] DnsAddresses: [192.168.1.64,] Domains: null MTU: 0 TcpBufferSizes: 524288,1048576,2097152,262144,524288,1048576}}  nc{[ Transports: WIFI Capabilities: INTERNET&NOT_RESTRICTED&TRUSTED&NOT_VPN LinkUpBandwidth>=1048576Kbps LinkDnBandwidth>=1048576Kbps SignalStrength: -65]}  Score{20}  everValidated{false}  lastValidated{false}  created{true} lingering{false} explicitlySelected{false} acceptUnvalidated{false} everCaptivePortalDetected{false} lastCaptivePortalDetected{false} }
03-31 21:59:14.755  2162  2271 D CSLegacyTypeTracker: Sending CONNECTED broadcast for type 1 NetworkAgentInfo [WIFI () - 252] isDefaultNetwork=true
03-31 21:59:14.755  2162  2271 D ConnectivityService: sendStickyBroadcast: action=android.net.conn.CONNECTIVITY_CHANGE
03-31 21:59:14.761  2162  2271 D ConnectivityService: notifyType PRECHECK for NetworkAgentInfo [WIFI () - 252]
03-31 21:59:14.775  2162  3997 V BackupManagerService: Scheduling immediate backup pass
03-31 21:59:14.805  2162  2162 V BackupManagerService: Running a backup pass
03-31 21:59:14.805  2162  2284 V BackupManagerService: clearing pending backups
03-31 21:59:14.807  2162  2284 V PerformBackupTask: Beginning backup of 44 targets
03-31 21:59:14.814  2162  2271 D ConnectivityService: setProvNotificationVisibleIntent null visible=false networkType=MOBILE extraInfo=null highPriority=false
03-31 21:59:14.860  2162  2284 D PerformBackupTask: invokeAgentForBackup on @pm@
03-31 21:59:14.953  2162  2284 I BackupRestoreController: Getting widget state for user: 0
03-31 21:59:15.020  2162  2284 V KeyValueBackupJob: Scheduling k/v pass in 10080 minutes
03-31 21:59:15.086  2162  2270 D WifiService: New client listening to asynchronous messages
03-31 21:59:15.377  2162  2252 W ActivityManager: Unable to start service Intent { act=leafly.android.plot.internal.watchdog flg=0x4 cmp=leafly.android/com.plotprojects.retail.android.PlotBackgroundService (has extras) } U=0: not found
03-31 21:59:15.651  2162  3908 I ActivityManager: Start proc 25451:com.navyfederal.android/u0a85 for broadcast com.navyfederal.android/com.launchdarkly.android.ConnectivityReceiver
03-31 21:59:15.652  2162  3908 I ActivityManager: Killing 16309:com.google.android.contacts/u0a11 (adj 15): empty for 1860s
03-31 21:59:15.697  2162  3946 D ActivityManager: cleanUpApplicationRecord -- 16309
03-31 21:59:15.748  2162  2271 D ConnectivityService: NetTransition Wakelock (NetworkAgentInfo [WIFI () - 251] cleared because we found a replacement network
03-31 21:59:16.423 25339 25339 D ActivityThread: Loading provider com.google.android.gm.sapi: com.google.android.gm.sapi.SapiUiProvider
03-31 21:59:16.438  2162  2284 I BackupManagerService: Backup pass finished.
03-31 21:59:17.346  2162  2182 I PowerManagerService: Going to sleep due to screen timeout (uid 1000)...
03-31 21:59:17.348  2162  2182 I PowerManagerService: Sleeping (uid 1000)...
03-31 21:59:17.466  2162  2271 D ConnectivityService: notifyType CAP_CHANGED for NetworkAgentInfo [WIFI () - 252]
03-31 21:59:17.793  2162  2271 D ConnectivityService: handlePromptUnvalidated 251
03-31 21:59:18.257  2162  2180 I DisplayManagerService: Display device changed state: "Built-in Screen", OFF
03-31 21:59:18.674  2162  2271 D ConnectivityService: NetworkAgentInfo [WIFI () - 252] EVENT_NETWORK_INFO_CHANGED, going from CONNECTED to DISCONNECTED
03-31 21:59:18.674  2162  2271 D ConnectivityService: NetworkAgentInfo [WIFI () - 252] got DISCONNECTED, was satisfying 11
03-31 21:59:18.694  2162  2271 D ConnectivityService: notifyType LOST for NetworkAgentInfo [WIFI () - 252]
03-31 21:59:18.813  2162  2271 D CSLegacyTypeTracker: Sending DISCONNECTED broadcast for type 1 NetworkAgentInfo [WIFI () - 252] isDefaultNetwork=true
03-31 21:59:18.815  2162  2271 D ConnectivityService: sendStickyBroadcast: action=android.net.conn.CONNECTIVITY_CHANGE
03-31 21:59:18.913  2162  2271 E ConnectivityService: EVENT_NETWORK_INFO_CHANGED from unknown NetworkAgent
03-31 21:59:18.984  2162  3034 I ActivityManager: Killing 17146:com.google.android.keep/u0a71 (adj 15): empty for 1805s
03-31 21:59:19.068  2162  3997 D ActivityManager: cleanUpApplicationRecord -- 17146
03-31 21:59:19.698  2162  2271 D ConnectivityService: setProvNotificationVisibleIntent null visible=false networkType=MOBILE extraInfo=null highPriority=false
03-31 21:59:19.808  2162  2269 D ConnectivityService: registerNetworkAgent NetworkAgentInfo{ ni{[type: WIFI[], state: CONNECTING/CONNECTING, reason: (unspecified), extra: "Aperture Laboratory", roaming: false, failover: false, isAvailable: true]}  network{253}  lp{{InterfaceName: wlan0 LinkAddresses: []  Routes: [] DnsAddresses: [] Domains: null MTU: 0 TcpBufferSizes: 524288,1048576,2097152,262144,524288,1048576}}  nc{[ Transports: WIFI Capabilities: INTERNET&NOT_RESTRICTED&TRUSTED&NOT_VPN LinkUpBandwidth>=1048576Kbps LinkDnBandwidth>=1048576Kbps]}  Score{20}  everValidated{false}  lastValidated{false}  created{false} lingering{false} explicitlySelected{false} acceptUnvalidated{false} everCaptivePortalDetected{false} lastCaptivePortalDetected{false} }
03-31 21:59:19.808  2162  2271 D ConnectivityService: NetworkAgentInfo [WIFI () - 253] EVENT_NETWORK_INFO_CHANGED, going from null to CONNECTING
03-31 21:59:19.912  2162  2271 D ConnectivityService: NetworkAgentInfo [WIFI () - 253] EVENT_NETWORK_INFO_CHANGED, going from CONNECTING to CONNECTED
03-31 21:59:19.917  2162  2271 D ConnectivityService: Adding iface wlan0 to network 253
03-31 21:59:19.945  2162  2271 E ConnectivityService: Unexpected mtu value: 0, wlan0
03-31 21:59:19.945  2162  2271 D ConnectivityService: Adding Route [fe80::/64 -> :: wlan0] to network 253
03-31 21:59:19.946  2162  2271 D ConnectivityService: Adding Route [192.168.1.0/24 -> 0.0.0.0 wlan0] to network 253
03-31 21:59:19.947  2162  2271 D ConnectivityService: Adding Route [0.0.0.0/0 -> 192.168.1.1 wlan0] to network 253
03-31 21:59:19.947  2162  2271 D ConnectivityService: Setting Dns servers for network 253 to [/192.168.1.64]
03-31 21:59:19.965  2162  2271 D ConnectivityService: notifyType IP_CHANGED for NetworkAgentInfo [WIFI () - 253]
03-31 21:59:19.980  2162  2271 D ConnectivityService: scheduleUnvalidatedPrompt 253
03-31 21:59:19.980  2162  2271 D ConnectivityService: updateSignalStrengthThresholds: CONNECT, sending [] to NetworkAgentInfo [WIFI () - 253]
03-31 21:59:19.981  2162  2271 D ConnectivityService: rematch for NetworkAgentInfo [WIFI () - 253]
03-31 21:59:19.981  2162  2271 D ConnectivityService:    accepting network in place of null
03-31 21:59:19.982  2162  2271 D ConnectivityService: Switching to new default network: NetworkAgentInfo{ ni{[type: WIFI[], state: CONNECTED/CONNECTED, reason: (unspecified), extra: "Aperture Laboratory", roaming: false, failover: false, isAvailable: true]}  network{253}  lp{{InterfaceName: wlan0 LinkAddresses: [fe80::2e54:cfff:fee5:b45b/64,192.168.1.136/24,]  Routes: [fe80::/64 -> :: wlan0,192.168.1.0/24 -> 0.0.0.0 wlan0,0.0.0.0/0 -> 192.168.1.1 wlan0,] DnsAddresses: [192.168.1.64,] Domains: null MTU: 0 TcpBufferSizes: 524288,1048576,2097152,262144,524288,1048576}}  nc{[ Transports: WIFI Capabilities: INTERNET&NOT_RESTRICTED&TRUSTED&NOT_VPN LinkUpBandwidth>=1048576Kbps LinkDnBandwidth>=1048576Kbps]}  Score{20}  everValidated{false}  lastValidated{false}  created{true} lingering{false} explicitlySelected{false} acceptUnvalidated{false} everCaptivePortalDetected{false} lastCaptivePortalDetected{false} }
03-31 21:59:20.033  2162  2271 D CSLegacyTypeTracker: Sending CONNECTED broadcast for type 1 NetworkAgentInfo [WIFI () - 253] isDefaultNetwork=true
03-31 21:59:20.034  2162  2271 D ConnectivityService: sendStickyBroadcast: action=android.net.conn.CONNECTIVITY_CHANGE
03-31 21:59:20.041  2162  2271 D ConnectivityService: notifyType PRECHECK for NetworkAgentInfo [WIFI () - 253]
03-31 21:59:20.058  2162  3908 V BackupManagerService: Scheduling immediate backup pass
03-31 21:59:20.084  2162  2162 V BackupManagerService: Running a backup pass
03-31 21:59:20.085  2162  2284 V BackupManagerService: clearing pending backups
03-31 21:59:20.089  2162  2284 V PerformBackupTask: Beginning backup of 44 targets
03-31 21:59:20.111  2162  2284 D PerformBackupTask: invokeAgentForBackup on @pm@
03-31 21:59:20.246  2162  2284 I BackupRestoreController: Getting widget state for user: 0
03-31 21:59:20.265  2162  2284 V KeyValueBackupJob: Scheduling k/v pass in 10080 minutes
03-31 21:59:20.982  2162  2173 D ConnectivityService: listenForNetwork for Listen from uid/pid:10088/25167 for NetworkRequest [ id=273, legacyType=-1, [ Capabilities: INTERNET&NOT_RESTRICTED&TRUSTED] ]
03-31 21:59:21.030  2162  2271 D ConnectivityService: NetTransition Wakelock (NetworkAgentInfo [WIFI () - 252] cleared because we found a replacement network
03-31 21:59:21.657  2162  2284 I BackupManagerService: Backup pass finished.
03-31 21:59:21.786  2162  2897 I ActivityManager: Start proc 25654:android.process.acore/u0a2 for content provider com.android.providers.contacts/.ContactsProvider2
03-31 21:59:22.690  2162  2271 D ConnectivityService: handlePromptUnvalidated 252
03-31 21:59:23.785  2162  2890 D ConnectivityService: listenForNetwork for Listen from uid/pid:10033/25318 for NetworkRequest [ id=274, legacyType=-1, [ Capabilities: INTERNET&NOT_RESTRICTED&TRUSTED] ]
03-31 21:59:23.935  2162  2271 D ConnectivityService: NetworkAgentInfo [WIFI () - 253] EVENT_NETWORK_INFO_CHANGED, going from CONNECTED to DISCONNECTED
03-31 21:59:23.935  2162  2271 D ConnectivityService: NetworkAgentInfo [WIFI () - 253] got DISCONNECTED, was satisfying 13
03-31 21:59:23.957  2162  2271 D ConnectivityService: notifyType LOST for NetworkAgentInfo [WIFI () - 253]
03-31 21:59:24.028  2162  2890 I ActivityManager: Start proc 25691:com.google.android.webview:webview_service/u0a79 for service com.google.android.webview/org.chromium.android_webview.services.VariationsSeedServer
03-31 21:59:24.068  2162  2271 D CSLegacyTypeTracker: Sending DISCONNECTED broadcast for type 1 NetworkAgentInfo [WIFI () - 253] isDefaultNetwork=true
03-31 21:59:24.068  2162  2271 D ConnectivityService: sendStickyBroadcast: action=android.net.conn.CONNECTIVITY_CHANGE
03-31 21:59:24.240  2162  2271 E ConnectivityService: EVENT_NETWORK_INFO_CHANGED from unknown NetworkAgent
03-31 21:59:24.462 25654 25668 E ActivityThread: Failed to find provider info for com.google.contacts.gal.provider
03-31 21:59:24.989  2162  2271 D ConnectivityService: setProvNotificationVisibleIntent null visible=false networkType=MOBILE extraInfo=null highPriority=false
03-31 21:59:26.460  2162 25770 W DropBoxManagerService: Dropping: data_app_wtf (1145 > 0 bytes)
03-31 21:59:27.984  2162  2271 D ConnectivityService: handlePromptUnvalidated 253
03-31 21:59:34.695  2162  2175 W ProcessCpuTracker: Skipping unknown process pid 25938
03-31 21:59:34.699  2162  2175 W ProcessCpuTracker: Skipping unknown process pid 25942
03-31 22:00:24.074  2162  2271 D ConnectivityService: Failed to find a new network - expiring NetTransition Wakelock
03-31 22:21:06.948  2162  2252 W ActivityManager: Unable to start service Intent { act=leafly.android.plot.internal.watchdog flg=0x4 cmp=leafly.android/com.plotprojects.retail.android.PlotBackgroundService (has extras) } U=0: not found
03-31 22:21:07.218  2162  2897 W DropBoxManagerService: Dropping: event_data (39 > 0 bytes)
03-31 22:21:07.267  2162  3910 W DropBoxManagerService: Dropping: dumpsys:account (45 > 0 bytes)
03-31 22:21:07.353  2162  3895 W DropBoxManagerService: Dropping: platform_stats_bookmark (13 > 0 bytes)
03-31 22:29:19.114  2162  2252 W ActivityManager: Unable to start service Intent { act=leafly.android.plot.internal.watchdog flg=0x4 cmp=leafly.android/com.plotprojects.retail.android.PlotBackgroundService (has extras) } U=0: not found
03-31 22:29:19.158  2162  3946 D WifiService: acquireWifiLockLocked: WifiLock{NlpWifiLock type=2 binder=android.os.BinderProxy@a76e3df}
03-31 22:29:20.077  2162  2302 D WifiService: releaseWifiLockLocked: WifiLock{NlpWifiLock type=2 binder=android.os.BinderProxy@a76e3df}
03-31 22:44:15.198  2162  2252 W ActivityManager: Unable to start service Intent { act=leafly.android.plot.internal.watchdog flg=0x4 cmp=leafly.android/com.plotprojects.retail.android.PlotBackgroundService (has extras) } U=0: not found
03-31 22:44:15.252  2162  2162 I ActivityManager: Start proc 26313:com.google.android.keep/u0a71 for service com.google.android.keep/com.google.android.libraries.internal.growth.growthkit.internal.jobs.impl.GrowthKitJobService
03-31 22:44:15.525  2162  2175 W BroadcastQueue: Permission Denial: broadcasting Intent { act=com.google.android.apps.gmm.NAVIGATION_STATE flg=0x10 pkg=com.google.android.googlequicksearchbox (has extras) } from null (pid=-1, uid=-1) requires com.google.android.googlequicksearchbox.permission.LAUNCH_FROM_GMM due to registered receiver BroadcastFilter{f027a1d u0 ReceiverList{37f72f4 8263 com.google.android.googlequicksearchbox:search/10026/u0 remote:699fcc7}}
03-31 22:44:15.526  2162  2175 W BroadcastQueue: Permission Denial: broadcasting Intent { act=com.google.android.apps.gmm.NAVIGATION_STATE flg=0x10 pkg=com.google.android.gms (has extras) } from null (pid=-1, uid=-1) requires com.google.android.googlequicksearchbox.permission.LAUNCH_FROM_GMM due to registered receiver BroadcastFilter{f027a1d u0 ReceiverList{37f72f4 8263 com.google.android.googlequicksearchbox:search/10026/u0 remote:699fcc7}}
03-31 22:44:16.662  2162  2162 I ActivityManager: Start proc 26373:com.google.android.apps.docs/u0a40 for service com.google.android.apps.docs/com.google.android.libraries.internal.growth.growthkit.internal.jobs.impl.GrowthKitJobService
03-31 22:46:08.723  2162  2853 I ActivityManager: Killing 21139:com.google.android.gms:snet/u0a10 (adj 15): empty #17
03-31 22:46:08.881  2162  3034 D ActivityManager: cleanUpApplicationRecord -- 21139
03-31 22:52:26.049  2162  2162 I ActivityManager: Start proc 26544:com.google.android.apps.walletnfcrel/u0a78 for service com.google.android.apps.walletnfcrel/com.google.android.libraries.notifications.entrypoints.scheduled.ScheduledTaskService
03-31 22:52:26.080  2162  2162 I ActivityManager: Start proc 26557:com.google.android.apps.translate/u0a119 for service com.google.android.apps.translate/com.google.android.libraries.internal.growth.growthkit.internal.jobs.impl.GrowthKitJobService
03-31 22:52:26.508  2162  3898 W DropBoxManagerService: Dropping: event_data (39 > 0 bytes)
03-31 22:52:26.556  2162  2890 W DropBoxManagerService: Dropping: dumpsys:account (45 > 0 bytes)
03-31 22:52:29.217  2162  2162 I ActivityManager: Start proc 26745:com.google.android.apps.chromecast.app/u0a95 for service com.google.android.apps.chromecast.app/com.google.android.libraries.notifications.entrypoints.scheduled.ScheduledTaskService
03-31 22:52:30.232  2162  3997 I ActivityManager: Killing 24457:com.alphainventor.filemanager/u0a146 (adj 15): empty #17
03-31 22:52:30.308  2162  2172 D ActivityManager: cleanUpApplicationRecord -- 24457
03-31 22:52:57.336  2162  2173 I ActivityManager: Killing 25294:com.google.android.apps.gcs/u0a9 (adj 15): empty #17
03-31 22:52:57.346  2162  2270 D WifiService: Client connection lost with reason: 4
03-31 22:52:57.371  2162  3034 D ActivityManager: cleanUpApplicationRecord -- 25294
03-31 22:52:57.528  2162  2175 W ProcessCpuTracker: Skipping unknown process pid 26847
03-31 23:00:00.110  2162  2252 W ActivityManager: Unable to start service Intent { act=leafly.android.plot.internal.watchdog flg=0x4 cmp=leafly.android/com.plotprojects.retail.android.PlotBackgroundService (has extras) } U=0: not found
03-31 23:00:00.249  2162  3997 D WifiService: acquireWifiLockLocked: WifiLock{NlpWifiLock type=2 binder=android.os.BinderProxy@fe64bab}
03-31 23:00:01.227  2162  2853 D WifiService: releaseWifiLockLocked: WifiLock{NlpWifiLock type=2 binder=android.os.BinderProxy@fe64bab}
03-31 23:00:01.414  2162  2853 I ActivityManager: Killing 25167:com.google.android.apps.tachyon/u0a88 (adj 15): empty #17
03-31 23:00:01.434  2162  3997 D ConnectivityService: ConnectivityService NetworkRequestInfo binderDied(NetworkRequest [ id=273, legacyType=-1, [ Capabilities: INTERNET&NOT_RESTRICTED&TRUSTED] ], android.os.BinderProxy@330f002)
03-31 23:00:01.434  2162  2271 D ConnectivityService: releasing NetworkRequest NetworkRequest [ id=273, legacyType=-1, [ Capabilities: INTERNET&NOT_RESTRICTED&TRUSTED] ]
03-31 23:00:01.463  2162  2271 E ConnectivityService: RemoteException caught trying to send a callback msg for NetworkRequest [ id=273, legacyType=-1, [ Capabilities: INTERNET&NOT_RESTRICTED&TRUSTED] ]
03-31 23:00:01.478  2162  2172 D ActivityManager: cleanUpApplicationRecord -- 25167
03-31 23:01:15.653  2162  2162 D AnyMotionDetector: angleBetween: this = timeMillisSinceBoot=472156907 | x=0.0023901742, y=-0.0349541, z=-0.9993861, other = timeMillisSinceBoot=472229714 | x=0.0025230153, y=-0.035255536, z=-0.9993751
03-31 23:01:15.653  2162  2162 D AnyMotionDetector:     degrees = 0.027976455118293345, returnValue = 0.027976455
03-31 23:01:16.100  2162  2162 D JobSchedulerService: Receieved: android.os.action.DEVICE_IDLE_MODE_CHANGED
03-31 23:56:00.154  2162  2252 W ActivityManager: Unable to start service Intent { act=leafly.android.plot.internal.watchdog flg=0x4 cmp=leafly.android/com.plotprojects.retail.android.PlotBackgroundService (has extras) } U=0: not found
03-31 23:56:00.241  2162  3950 D WifiService: acquireWifiLockLocked: WifiLock{NlpWifiLock type=2 binder=android.os.BinderProxy@8288b2f}
03-31 23:56:00.304  2162  2897 D WifiService: releaseWifiLockLocked: WifiLock{NlpWifiLock type=2 binder=android.os.BinderProxy@8288b2f}
03-31 23:56:00.525  2162  3895 W DropBoxManagerService: Dropping: event_data (39 > 0 bytes)
03-31 23:56:00.570  2162  2162 D JobSchedulerService: Receieved: android.os.action.DEVICE_IDLE_MODE_CHANGED
03-31 23:56:00.582  2162  3910 W DropBoxManagerService: Dropping: dumpsys:account (45 > 0 bytes)
03-31 23:56:00.589  2162  2162 I ActivityManager: Start proc 27209:com.google.android.talk/u0a54 for service com.google.android.talk/androidx.work.impl.background.systemjob.SystemJobService
03-31 23:56:00.616  2162  2162 I ActivityManager: Start proc 27222:com.google.android.contacts/u0a11 for service com.google.android.contacts/com.google.android.libraries.internal.growth.growthkit.internal.jobs.impl.GrowthKitJobService
03-31 23:56:00.663  2162  3034 W DropBoxManagerService: Dropping: platform_stats_bookmark (13 > 0 bytes)
03-31 23:56:00.931  2162  2357 W DropBoxManagerService: Dropping: platform_stats_bookmark (13 > 0 bytes)
03-31 23:56:01.462  2162  2853 W DropBoxManagerService: Dropping: platform_stats_bookmark (13 > 0 bytes)
03-31 23:56:01.554  2162  3908 I ActivityManager: Start proc 27263:com.android.chrome/u0a36 for service com.android.chrome/org.chromium.chrome.browser.customtabs.CustomTabsConnectionService
03-31 23:56:02.544  2162  3034 I ActivityManager: Killing 25691:com.google.android.webview:webview_service/u0a79 (adj 15): empty #17
03-31 23:56:02.591  2162  3946 D ActivityManager: cleanUpApplicationRecord -- 25691
03-31 23:56:02.612  2162  2162 I ActivityManager: Start proc 27307:com.google.android.play.games/u0a65 for service com.google.android.play.games/com.google.android.libraries.internal.growth.growthkit.internal.jobs.impl.GrowthKitJobService
03-31 23:56:03.444  2162  3946 I ActivityManager: Killing 25318:com.google.android.calendar/u0a33 (adj 15): empty #17
03-31 23:56:03.464  2162  2357 D ConnectivityService: ConnectivityService NetworkRequestInfo binderDied(NetworkRequest [ id=274, legacyType=-1, [ Capabilities: INTERNET&NOT_RESTRICTED&TRUSTED] ], android.os.BinderProxy@1325e3a)
03-31 23:56:03.464  2162  2271 D ConnectivityService: releasing NetworkRequest NetworkRequest [ id=274, legacyType=-1, [ Capabilities: INTERNET&NOT_RESTRICTED&TRUSTED] ]
03-31 23:56:03.465  2162  2271 E ConnectivityService: RemoteException caught trying to send a callback msg for NetworkRequest [ id=274, legacyType=-1, [ Capabilities: INTERNET&NOT_RESTRICTED&TRUSTED] ]
03-31 23:56:03.519  2162  3910 D ActivityManager: cleanUpApplicationRecord -- 25318
03-31 23:56:03.775  2162  2890 I ActivityManager: Killing 23545:android.process.media/u0a7 (adj 15): empty #17
03-31 23:56:03.831  2162  3034 D ActivityManager: cleanUpApplicationRecord -- 23545
03-31 23:56:04.690  2162  3910 I ActivityManager: Start proc 27394:android.process.media/u0a7 for content provider com.android.providers.media/.MediaProvider
03-31 23:56:05.453  2162  3898 I ActivityManager: Killing 25451:com.navyfederal.android/u0a85 (adj 15): empty #17
03-31 23:56:05.568  2162  2162 I ActivityManager: Start proc 27447:com.google.android.apps.magazines/u0a61 for service com.google.android.apps.magazines/com.google.android.libraries.internal.growth.growthkit.internal.jobs.impl.GrowthKitJobService
03-31 23:56:05.569  2162  3950 D ActivityManager: cleanUpApplicationRecord -- 25451
03-31 23:56:05.816  2162  2897 W ActivityManager: Unable to start service Intent { act=com.google.android.gms.auth.key.retrieval.service.START pkg=com.google.android.gms } U=0: not found
03-31 23:56:05.816  2162  2853 W ActivityManager: Unbind failed: could not find connection for android.os.BinderProxy@c3e0952
03-31 23:56:05.906  2162  3895 D ConnectivityService: listenForNetwork for Listen from uid/pid:10036/27263 for NetworkRequest [ id=275, legacyType=-1, [ Capabilities: INTERNET&NOT_RESTRICTED&TRUSTED] ]
03-31 23:56:06.099  2162  2162 I ActivityManager: Start proc 27466:com.google.android.instantapps.supervisor/u0a123 for service com.google.android.instantapps.supervisor/androidx.work.impl.background.systemjob.SystemJobService
03-31 23:56:07.937  2162  3946 I ActivityManager: Start proc 27537:com.android.vending:instant_app_installer/u0a19 for content provider com.android.vending/com.google.android.finsky.instantapps.dna.PhoneskyArchiveProvider
03-31 23:56:08.456  2162  2302 I ActivityManager: Killing 25339:com.google.android.gm/u0a70 (adj 15): empty #17
03-31 23:56:08.511  2162  3910 D ActivityManager: cleanUpApplicationRecord -- 25339
03-31 23:56:08.535  2162  2162 I ActivityManager: Start proc 27561:com.google.android.apps.fitness/u0a45 for service com.google.android.apps.fitness/com.google.android.libraries.internal.growth.growthkit.internal.jobs.impl.GrowthKitJobService
03-31 23:56:08.628  2162  3895 I ActivityManager: Killing 25358:com.android.providers.calendar/u0a1 (adj 15): empty #17
03-31 23:56:08.685  2162  2890 D ActivityManager: cleanUpApplicationRecord -- 25358
03-31 23:56:09.019  2162  3895 D ConnectivityService: listenForNetwork for Listen from uid/pid:10061/27447 for NetworkRequest [ id=276, legacyType=-1, [ Capabilities: INTERNET&NOT_RESTRICTED&TRUSTED] ]
03-31 23:56:10.743  2162  3997 I ActivityManager: Killing 26544:com.google.android.apps.walletnfcrel/u0a78 (adj 15): empty #17
03-31 23:56:10.782  2162  2172 D ActivityManager: cleanUpApplicationRecord -- 26544
03-31 23:56:10.917  2162  3950 I ActivityManager: Killing 2792:com.google.android.apps.genie.geniewidget/u0a72 (adj 15): empty #17
03-31 23:56:10.931  2162  3997 D ConnectivityService: ConnectivityService NetworkRequestInfo binderDied(NetworkRequest [ id=258, legacyType=-1, [ Capabilities: NOT_RESTRICTED&TRUSTED&NOT_VPN] ], android.os.BinderProxy@be0b391)
03-31 23:56:10.931  2162  2271 D ConnectivityService: releasing NetworkRequest NetworkRequest [ id=258, legacyType=-1, [ Capabilities: NOT_RESTRICTED&TRUSTED&NOT_VPN] ]
03-31 23:56:10.932  2162  2271 E ConnectivityService: RemoteException caught trying to send a callback msg for NetworkRequest [ id=258, legacyType=-1, [ Capabilities: NOT_RESTRICTED&TRUSTED&NOT_VPN] ]
03-31 23:56:10.967  2162  3997 D ActivityManager: cleanUpApplicationRecord -- 2792
03-31 23:56:11.702  2162  2357 I ActivityManager: Killing 27263:com.android.chrome/u0a36 (adj 15): empty #17
03-31 23:56:11.719  2162  2173 D ConnectivityService: ConnectivityService NetworkRequestInfo binderDied(NetworkRequest [ id=275, legacyType=-1, [ Capabilities: INTERNET&NOT_RESTRICTED&TRUSTED] ], android.os.BinderProxy@104a301)
03-31 23:56:11.719  2162  2271 D ConnectivityService: releasing NetworkRequest NetworkRequest [ id=275, legacyType=-1, [ Capabilities: INTERNET&NOT_RESTRICTED&TRUSTED] ]
03-31 23:56:11.720  2162  2271 E ConnectivityService: RemoteException caught trying to send a callback msg for NetworkRequest [ id=275, legacyType=-1, [ Capabilities: INTERNET&NOT_RESTRICTED&TRUSTED] ]
04-01 00:00:00.113  2162  2853 D ActivityManager: cleanUpApplicationRecord -- 27263
04-01 00:01:39.839  2162  2252 W ActivityManager: Unable to start service Intent { act=leafly.android.plot.internal.watchdog flg=0x4 cmp=leafly.android/com.plotprojects.retail.android.PlotBackgroundService (has extras) } U=0: not found
04-01 00:01:39.927  2162  3950 D WifiService: acquireWifiLockLocked: WifiLock{NlpWifiLock type=2 binder=android.os.BinderProxy@e54a338}
04-01 00:01:39.949  2162  3946 I ActivityManager: Start proc 27783:com.google.android.calendar/u0a33 for broadcast com.google.android.calendar/com.google.android.apps.calendar.usernotificationsframework.common.UserNotificationBroadcastReceiver
04-01 00:01:40.142  2162  2162 D JobSchedulerService: Receieved: android.os.action.DEVICE_IDLE_MODE_CHANGED
04-01 00:01:40.154  2162  3950 D WifiService: releaseWifiLockLocked: WifiLock{NlpWifiLock type=2 binder=android.os.BinderProxy@e54a338}
04-01 00:01:40.846  2162  2897 I ActivityManager: Start proc 27836:com.android.providers.calendar/u0a1 for content provider com.android.providers.calendar/.CalendarProvider2
04-01 00:16:08.120  2162  2302 I ActivityManager: Killing 27222:com.google.android.contacts/u0a11 (adj 15): empty #17
04-01 00:16:08.150  2162  3946 D ActivityManager: cleanUpApplicationRecord -- 27222
04-01 00:16:08.164  2162  3997 I ActivityManager: Killing 27209:com.google.android.talk/u0a54 (adj 15): empty #17
04-01 00:16:08.201  2162  2302 D ActivityManager: cleanUpApplicationRecord -- 27209
04-01 00:16:41.307  2162  2175 I ActivityManager: Start proc 27964:com.google.android.apps.genie.geniewidget/u0a72 for broadcast com.google.android.apps.genie.geniewidget/.miniwidget.MiniWidgetProvider
04-01 00:16:41.942  2162  2302 D ConnectivityService: listenForNetwork for Listen from uid/pid:10072/27964 for NetworkRequest [ id=277, legacyType=-1, [ Capabilities: NOT_RESTRICTED&TRUSTED&NOT_VPN] ]
04-01 00:16:42.044  2162  3946 I ActivityManager: Killing 27307:com.google.android.play.games/u0a65 (adj 15): empty #17
04-01 00:22:06.118  2162  3895 D ActivityManager: cleanUpApplicationRecord -- 27307
04-01 01:48:05.130  2162  2252 W ActivityManager: Unable to start service Intent { act=leafly.android.plot.internal.watchdog flg=0x4 cmp=leafly.android/com.plotprojects.retail.android.PlotBackgroundService (has extras) } U=0: not found
04-01 01:48:05.292  2162  3908 D WifiService: acquireWifiLockLocked: WifiLock{NlpWifiLock type=2 binder=android.os.BinderProxy@1bfca1a}
04-01 01:48:05.305  2162  2173 D WifiService: releaseWifiLockLocked: WifiLock{NlpWifiLock type=2 binder=android.os.BinderProxy@1bfca1a}
04-01 01:48:05.495  2162  2162 D JobSchedulerService: Receieved: android.os.action.DEVICE_IDLE_MODE_CHANGED
04-01 01:48:05.682  2162  2897 W DropBoxManagerService: Dropping: event_data (39 > 0 bytes)
04-01 01:48:05.757  2162  2302 W DropBoxManagerService: Dropping: dumpsys:account (45 > 0 bytes)
04-01 01:48:05.819  2162  2173 W DropBoxManagerService: Dropping: platform_stats_bookmark (13 > 0 bytes)
04-01 01:53:05.341  2162  3950 D WifiService: acquireWifiLockLocked: WifiLock{NlpWifiLock type=2 binder=android.os.BinderProxy@18b92a3}
04-01 01:53:06.252  2162  2172 D WifiService: releaseWifiLockLocked: WifiLock{NlpWifiLock type=2 binder=android.os.BinderProxy@18b92a3}
04-01 01:59:15.709  2162  2252 W ActivityManager: Unable to start service Intent { act=leafly.android.plot.internal.watchdog flg=0x4 cmp=leafly.android/com.plotprojects.retail.android.PlotBackgroundService (has extras) } U=0: not found
04-01 02:01:11.211  2162  2162 D JobSchedulerService: Receieved: android.os.action.DEVICE_IDLE_MODE_CHANGED
04-01 05:47:01.566  2162  2252 W ActivityManager: Unable to start service Intent { act=leafly.android.plot.internal.watchdog flg=0x4 cmp=leafly.android/com.plotprojects.retail.android.PlotBackgroundService (has extras) } U=0: not found
04-01 05:47:01.638  2162  3034 D WifiService: acquireWifiLockLocked: WifiLock{NlpWifiLock type=2 binder=android.os.BinderProxy@b1fa382}
04-01 05:47:01.670  2162  3034 D WifiService: releaseWifiLockLocked: WifiLock{NlpWifiLock type=2 binder=android.os.BinderProxy@b1fa382}
04-01 05:47:01.886  2162  2162 D JobSchedulerService: Receieved: android.os.action.DEVICE_IDLE_MODE_CHANGED
04-01 05:47:02.030  2162  2897 W DropBoxManagerService: Dropping: event_log (72 > 0 bytes)
04-01 05:47:02.053  2162  2302 W DropBoxManagerService: Dropping: event_data (39 > 0 bytes)
04-01 05:47:02.185  2162  3950 W DropBoxManagerService: Dropping: dumpsys:account (45 > 0 bytes)
04-01 05:47:02.241  2162  3946 W DropBoxManagerService: Dropping: platform_stats_bookmark (13 > 0 bytes)
04-01 05:47:02.334  2162  3895 W DropBoxManagerService: Dropping: platform_stats_bookmark (13 > 0 bytes)
04-01 05:47:02.830  2162  2357 W DropBoxManagerService: Dropping: platform_stats_bookmark (13 > 0 bytes)
04-01 05:52:10.206  2162  3908 D WifiService: acquireWifiLockLocked: WifiLock{NlpWifiLock type=2 binder=android.os.BinderProxy@9f575f9}
04-01 05:52:11.023  2162  3895 D WifiService: releaseWifiLockLocked: WifiLock{NlpWifiLock type=2 binder=android.os.BinderProxy@9f575f9}
04-01 05:57:10.281  2162  3895 D WifiService: acquireWifiLockLocked: WifiLock{NlpWifiLock type=2 binder=android.os.BinderProxy@9f575f9}
04-01 05:57:10.563  2162  2162 D JobSchedulerService: Receieved: android.os.action.DEVICE_IDLE_MODE_CHANGED
04-01 05:57:10.568  2162  3015 D WifiService: releaseWifiLockLocked: WifiLock{NlpWifiLock type=2 binder=android.os.BinderProxy@9f575f9}
04-01 08:31:23.285  2162  2890 I ActivityManager: Process com.google.android.apps.messaging (pid 25194) has died
04-01 08:31:23.285  2162  2890 D ActivityManager: cleanUpApplicationRecord -- 25194
04-01 08:46:18.407  2162  3997 I ActivityManager: Process com.google.android.apps.photos (pid 25181) has died
04-01 08:46:18.407  2162  3997 D ActivityManager: cleanUpApplicationRecord -- 25181
04-01 11:31:19.835  2162  3898 I ActivityManager: Process com.google.android.apps.translate (pid 26557) has died
04-01 11:31:19.835  2162  3898 D ActivityManager: cleanUpApplicationRecord -- 26557
04-01 11:31:22.922  2162  3950 I ActivityManager: Process com.google.android.apps.chromecast.app (pid 26745) has died
04-01 11:31:22.922  2162  3950 D ActivityManager: cleanUpApplicationRecord -- 26745
04-01 11:46:08.018  2162  2252 W ActivityManager: Unable to start service Intent { act=leafly.android.plot.internal.watchdog flg=0x4 cmp=leafly.android/com.plotprojects.retail.android.PlotBackgroundService (has extras) } U=0: not found
04-01 11:46:08.226  2162  3997 D WifiService: acquireWifiLockLocked: WifiLock{NlpWifiLock type=2 binder=android.os.BinderProxy@b4c1a13}
04-01 11:46:08.227  2162  3895 D WifiService: releaseWifiLockLocked: WifiLock{NlpWifiLock type=2 binder=android.os.BinderProxy@b4c1a13}
04-01 11:46:08.315  2162  3997 I ActivityManager: Start proc 28884:com.google.android.apps.messaging/u0a67 for broadcast com.google.android.apps.messaging/.shared.analytics.recurringmetrics.AnalyticsAlarmReceiver
04-01 11:46:08.480  2162  2162 D JobSchedulerService: Receieved: android.os.action.DEVICE_IDLE_MODE_CHANGED
04-01 11:46:08.698  2162  3895 W DropBoxManagerService: Dropping: event_data (39 > 0 bytes)
04-01 11:46:08.768  2162  3997 W DropBoxManagerService: Dropping: dumpsys:account (45 > 0 bytes)
04-01 11:46:09.136  2162  2172 W DropBoxManagerService: Dropping: platform_stats_bookmark (13 > 0 bytes)
04-01 11:46:09.535  2162  2897 W DropBoxManagerService: Dropping: platform_stats_bookmark (13 > 0 bytes)
04-01 11:51:08.245  2162  2897 D WifiService: acquireWifiLockLocked: WifiLock{NlpWifiLock type=2 binder=android.os.BinderProxy@d9575f5}
04-01 11:51:09.054  2162  3898 D WifiService: releaseWifiLockLocked: WifiLock{NlpWifiLock type=2 binder=android.os.BinderProxy@d9575f5}
04-01 11:56:10.126  2162  3910 D WifiService: acquireWifiLockLocked: WifiLock{NlpWifiLock type=2 binder=android.os.BinderProxy@b899e2e}
04-01 11:56:10.352  2162  2162 D JobSchedulerService: Receieved: android.os.action.DEVICE_IDLE_MODE_CHANGED
04-01 11:56:10.355  2162  2897 D WifiService: releaseWifiLockLocked: WifiLock{NlpWifiLock type=2 binder=android.os.BinderProxy@b899e2e}
04-01 12:31:23.486  2162  2172 I ActivityManager: Process com.google.android.apps.fitness (pid 27561) has died
04-01 12:31:23.486  2162  2172 D ActivityManager: cleanUpApplicationRecord -- 27561
04-01 12:46:27.663  2162  2172 I ActivityManager: Process com.google.android.calendar (pid 27783) has died
04-01 12:46:27.663  2162  2172 D ActivityManager: cleanUpApplicationRecord -- 27783
04-01 14:31:24.762  2162  2175 W ProcessCpuTracker: Skipping unknown process pid 29227
04-01 14:31:24.763  2162  2175 W ProcessCpuTracker: Skipping unknown process pid 29230
04-01 16:31:28.494  2162  2174 I UsageStatsService: User[0] Flushing usage stats to disk
04-01 17:50:11.393  2162  2252 W ActivityManager: Unable to start service Intent { act=leafly.android.plot.internal.watchdog flg=0x4 cmp=leafly.android/com.plotprojects.retail.android.PlotBackgroundService (has extras) } U=0: not found
04-01 17:50:11.455  2162  2162 I ActivityManager: Start proc 29309:com.qualcomm.timeservice/u0a75 for broadcast com.qualcomm.timeservice/.TimeServiceBroadcastReceiver
04-01 17:50:11.576  2162  3910 I ActivityManager: Start proc 29336:com.google.android.calendar/u0a33 for broadcast com.google.android.calendar/com.android.calendar.widget.CalendarAppWidgetProvider
04-01 17:50:12.135  2162  3895 D WifiService: acquireWifiLockLocked: WifiLock{NlpWifiLock type=2 binder=android.os.BinderProxy@8cd3084}
04-01 17:50:12.136  2162  2302 D WifiService: releaseWifiLockLocked: WifiLock{NlpWifiLock type=2 binder=android.os.BinderProxy@8cd3084}
04-01 17:50:12.273  2162  2890 W SettingsProvider: You shouldn't keep your settings in the secure settings. This will soon become an error.
04-01 17:50:12.275  2162  3015 W SettingsProvider: You shouldn't keep your settings in the secure settings. This will soon become an error.
04-01 17:50:12.276  2162  3034 W SettingsProvider: You shouldn't keep your settings in the secure settings. This will soon become an error.
04-01 17:50:12.338  2162  2173 I ActivityManager: Start proc 29418:com.google.android.apps.maps:server_recovery_process/u0a58 for broadcast com.google.android.apps.maps/com.google.android.apps.gmm.plugins.serverrecovery.PhenotypeServerRecoveryHandlerImpl
04-01 17:50:12.491  2162  2162 D JobSchedulerService: Receieved: android.os.action.DEVICE_IDLE_MODE_CHANGED
04-01 17:50:12.505  2162  2162 I ActivityManager: Start proc 29434:com.google.android.apps.tachyon/u0a88 for service com.google.android.apps.tachyon/com.google.android.libraries.internal.growth.growthkit.internal.jobs.impl.GrowthKitJobService
04-01 17:50:12.516  2162  2162 I ActivityManager: Start proc 29446:com.google.android.contacts/u0a11 for service com.google.android.contacts/com.google.android.apps.contacts.operation.ContactsService
04-01 17:50:13.089  2162  2173 W DropBoxManagerService: Dropping: event_data (39 > 0 bytes)
04-01 17:50:13.138  2162  2302 W DropBoxManagerService: Dropping: dumpsys:account (45 > 0 bytes)
04-01 17:50:14.132  2162  3950 W DropBoxManagerService: Dropping: platform_stats_bookmark (13 > 0 bytes)
04-01 17:50:14.727  2162  3895 W DropBoxManagerService: Dropping: platform_stats_bookmark (13 > 0 bytes)
04-01 17:50:15.603  2162  3015 I ActivityManager: Process com.google.android.apps.maps:server_recovery_process (pid 29418) has died
04-01 17:50:15.603  2162  3015 D ActivityManager: cleanUpApplicationRecord -- 29418
04-01 17:55:12.182  2162  2173 D WifiService: acquireWifiLockLocked: WifiLock{NlpWifiLock type=2 binder=android.os.BinderProxy@c58492e}
04-01 17:55:13.065  2162  2172 D WifiService: releaseWifiLockLocked: WifiLock{NlpWifiLock type=2 binder=android.os.BinderProxy@c58492e}
04-01 18:00:12.185  2162  2252 W ActivityManager: Unable to start service Intent { act=leafly.android.plot.internal.watchdog flg=0x4 cmp=leafly.android/com.plotprojects.retail.android.PlotBackgroundService (has extras) } U=0: not found
04-01 18:00:12.225  2162  3895 D WifiService: acquireWifiLockLocked: WifiLock{NlpWifiLock type=2 binder=android.os.BinderProxy@c58492e}
04-01 18:00:12.410  2162  2162 D JobSchedulerService: Receieved: android.os.action.DEVICE_IDLE_MODE_CHANGED
04-01 18:00:12.413  2162  3898 D WifiService: releaseWifiLockLocked: WifiLock{NlpWifiLock type=2 binder=android.os.BinderProxy@c58492e}
04-01 20:13:10.778  2162  2175 I ProcessStatsService: Prepared write state in 8ms
04-01 20:13:10.780  2162  2175 I ProcessStatsService: Prepared write state in 2ms
04-01 20:13:10.834  2162  2174 I ProcessStatsService: Pruning old procstats: /data/system/procstats/state-2021-03-14-17-48-30.bin
04-01 22:31:37.335  2162  2174 I UsageStatsService: User[0] Rolling over usage stats
04-01 22:31:37.422  2162  2174 I UsageStatsService: User[0] Rollover scheduled @ 2021-04-02 17:00:00(1617408000000)
04-01 22:31:37.444  2162  2174 I UsageStatsService: User[0] Rolling over usage stats complete. Took 109 milliseconds
04-01 22:46:28.045  2162  2176 E NetdConnector: NDC Command {5722 firewall set_uid_rule dozable 10001 allow} took too long (693933ms)
04-01 23:51:12.246  2162  2252 W ActivityManager: Unable to start service Intent { act=leafly.android.plot.internal.watchdog flg=0x4 cmp=leafly.android/com.plotprojects.retail.android.PlotBackgroundService (has extras) } U=0: not found
04-01 23:51:12.364  2162  2897 D WifiService: acquireWifiLockLocked: WifiLock{NlpWifiLock type=2 binder=android.os.BinderProxy@f46c6b5}
04-01 23:51:12.369  2162  3895 D WifiService: releaseWifiLockLocked: WifiLock{NlpWifiLock type=2 binder=android.os.BinderProxy@f46c6b5}
04-01 23:51:12.624  2162  2302 W DropBoxManagerService: Dropping: event_log (72 > 0 bytes)
04-01 23:51:12.733  2162  3910 W DropBoxManagerService: Dropping: event_data (39 > 0 bytes)
04-01 23:51:12.761  2162  2853 W DropBoxManagerService: Dropping: platform_stats_bookmark (13 > 0 bytes)
04-01 23:51:12.794  2162  3946 W DropBoxManagerService: Dropping: dumpsys:account (45 > 0 bytes)
04-01 23:51:13.052  2162  2162 D JobSchedulerService: Receieved: android.os.action.DEVICE_IDLE_MODE_CHANGED
04-01 23:51:13.062  2162  2162 V BackupManagerService: Scheduling immediate backup pass
04-01 23:51:13.063  2162  2162 V BackupManagerService: Running a backup pass
04-01 23:51:13.063  2162  2284 V BackupManagerService: clearing pending backups
04-01 23:51:13.069  2162  2284 V PerformBackupTask: Beginning backup of 44 targets
04-01 23:51:13.084  2162  2162 I ActivityManager: Start proc 29999:com.google.android.apps.photos/u0a64 for service com.google.android.apps.photos/com.google.android.libraries.notifications.entrypoints.scheduled.ScheduledTaskService
04-01 23:51:13.101  2162  2284 D PerformBackupTask: invokeAgentForBackup on @pm@
04-01 23:51:13.149  2162  2173 W BroadcastQueue: Permission Denial: broadcasting Intent { act=com.google.android.checkin.CHECKIN_COMPLETE flg=0x10 (has extras) } from com.google.android.gms (pid=31723, uid=10010) is not exported from uid 10019 due to receiver com.android.vending/com.google.android.finsky.checkin.CheckinReceiver
04-01 23:51:13.234  2162  2284 I BackupRestoreController: Getting widget state for user: 0
04-01 23:51:13.322  2162  2284 V KeyValueBackupJob: Scheduling k/v pass in 10080 minutes
04-01 23:51:13.723  2162  2172 W DropBoxManagerService: Dropping: platform_stats_bookmark (13 > 0 bytes)
04-01 23:51:14.220  2162  3895 W DropBoxManagerService: Dropping: platform_stats_bookmark (13 > 0 bytes)
04-01 23:51:14.265  2162  2284 I BackupManagerService: Backup pass finished.
04-01 23:56:12.468  2162  2162 I ActivityManager: Start proc 30071:com.google.android.apps.fitness/u0a45 for service com.google.android.apps.fitness/com.google.android.libraries.internal.growth.growthkit.internal.jobs.impl.GrowthKitJobService
04-01 23:56:12.529  2162  2357 D WifiService: acquireWifiLockLocked: WifiLock{NlpWifiLock type=2 binder=android.os.BinderProxy@b43987d}
04-01 23:56:12.544  2162  2302 I ActivityManager: Start proc 30096:com.alphainventor.filemanager/u0a146 for broadcast com.alphainventor.filemanager/.receiver.StorageCheckReceiver
