--------- beginning of crash
03-28 10:47:10.090 28609 28661 E AndroidRuntime: FATAL EXCEPTION: IntentService[AccountsChangedService]
03-28 10:47:10.090 28609 28661 E AndroidRuntime: Process: com.google.android.apps.social.spaces, PID: 28609
03-28 10:47:10.090 28609 28661 E AndroidRuntime: java.lang.SecurityException: GoogleCertificatesRslt: Package signed with unknown certificate (go/gsrlt)
03-28 10:47:10.090 28609 28661 E AndroidRuntime: 	at android.os.Parcel.readException(Parcel.java:1620)
03-28 10:47:10.090 28609 28661 E AndroidRuntime: 	at android.database.DatabaseUtils.readExceptionFromParcel(DatabaseUtils.java:183)
03-28 10:47:10.090 28609 28661 E AndroidRuntime: 	at android.database.DatabaseUtils.readExceptionFromParcel(DatabaseUtils.java:135)
03-28 10:47:10.090 28609 28661 E AndroidRuntime: 	at android.content.ContentProviderProxy.call(ContentProviderNative.java:646)
03-28 10:47:10.090 28609 28661 E AndroidRuntime: 	at android.content.ContentProviderClient.call(ContentProviderClient.java:437)
03-28 10:47:10.090 28609 28661 E AndroidRuntime: 	at ebn.d(Unknown Source)
03-28 10:47:10.090 28609 28661 E AndroidRuntime: 	at ebm.c(Unknown Source)
03-28 10:47:10.090 28609 28661 E AndroidRuntime: 	at exm.c(PG:38)
03-28 10:47:10.090 28609 28661 E AndroidRuntime: 	at frc.a(PG:33)
03-28 10:47:10.090 28609 28661 E AndroidRuntime: 	at fqy.a(PG:65)
03-28 10:47:10.090 28609 28661 E AndroidRuntime: 	at frf.a(PG:37)
03-28 10:47:10.090 28609 28661 E AndroidRuntime: 	at com.google.android.libraries.social.account.refresh.receiver.AccountsChangedService.onHandleIntent(PG:28)
03-28 10:47:10.090 28609 28661 E AndroidRuntime: 	at android.app.IntentService$ServiceHandler.handleMessage(IntentService.java:66)
03-28 10:47:10.090 28609 28661 E AndroidRuntime: 	at android.os.Handler.dispatchMessage(Handler.java:102)
03-28 10:47:10.090 28609 28661 E AndroidRuntime: 	at android.os.Looper.loop(Looper.java:148)
03-28 10:47:10.090 28609 28661 E AndroidRuntime: 	at android.os.HandlerThread.run(HandlerThread.java:61)
03-28 11:41:32.553  4442  4442 F libc    : Fatal signal 11 (SIGSEGV), code 1, fault addr 0x1 in tid 4442 (main)
03-28 11:41:32.669  1638  1638 F DEBUG   : *** *** *** *** *** *** *** *** *** *** *** *** *** *** *** ***
03-28 11:41:32.669  1638  1638 F DEBUG   : Build fingerprint: 'google/hammerhead/hammerhead:6.0.1/M4B30Z/3437181:user/release-keys'
03-28 11:41:32.670  1638  1638 F DEBUG   : Revision: '11'
03-28 11:41:32.670  1638  1638 F DEBUG   : ABI: 'arm'
03-28 11:41:32.670  1638  1638 F DEBUG   : pid: 4442, tid: 4442, name: main  >>> /system/bin/dex2oat <<<
03-28 11:41:32.670  1638  1638 F DEBUG   : signal 11 (SIGSEGV), code 1 (SEGV_MAPERR), fault addr 0x1
03-28 11:41:32.672  1638  1638 F DEBUG   :     r0 b1302040  r1 b6449480  r2 ffffff24  r3 b1302180
03-28 11:41:32.672  1638  1638 F DEBUG   :     r4 b1302040  r5 b6449480  r6 00000001  r7 b13024d0
03-28 11:41:32.672  1638  1638 F DEBUG   :     r8 b1302480  r9 beca2228  sl 00000000  fp b1302040
03-28 11:41:32.672  1638  1638 F DEBUG   :     ip b6f379e4  sp beca2010  lr b6cb1ed5  pc b6cb1e86  cpsr 200f0030
03-28 11:41:32.697  1638  1638 F DEBUG   : 
03-28 11:41:32.697  1638  1638 F DEBUG   : backtrace:
03-28 11:41:32.698  1638  1638 F DEBUG   :     #00 pc 000d0e86  /system/lib/libart-compiler.so (_ZNSt3__16__treeINS_12__value_typeIjjEENS_19__map_value_compareIjS2_NS_4lessIjEELb1EEEN3art21ArenaAllocatorAdapterIS2_EEE7destroyEPNS_11__tree_nodeIS2_PvEE+33)
03-28 11:41:32.698  1638  1638 F DEBUG   :     #01 pc 000d0ed1  /system/lib/libart-compiler.so (_ZNSt3__16__treeINS_12__value_typeIjjEENS_19__map_value_compareIjS2_NS_4lessIjEELb1EEEN3art21ArenaAllocatorAdapterIS2_EEE7destroyEPNS_11__tree_nodeIS2_PvEE+108)
03-28 11:41:32.698  1638  1638 F DEBUG   :     #02 pc 000d35b5  /system/lib/libart-compiler.so (_ZN3art20GlobalValueNumberingD1Ev+1332)
03-28 11:41:32.698  1638  1638 F DEBUG   :     #03 pc 001b84b3  /system/lib/libart-compiler.so (_ZN3art8MIRGraph27GlobalValueNumberingCleanupEv+30)
03-28 11:41:32.698  1638  1638 F DEBUG   :     #04 pc 001b8841  /system/lib/libart-compiler.so (_ZN3art16PassDriverMEOpts9ApplyPassEPNS_14PassDataHolderEPKNS_4PassE+24)
03-28 11:41:32.698  1638  1638 F DEBUG   :     #05 pc 00168567  /system/lib/libart-compiler.so
03-28 11:41:32.698  1638  1638 F DEBUG   :     #06 pc 00168da3  /system/lib/libart-compiler.so (_ZNK3art13QuickCompiler7CompileEPKNS_7DexFile8CodeItemEjNS_10InvokeTypeEtjP8_jobjectRKS1_+1406)
03-28 11:41:32.698  1638  1638 F DEBUG   :     #07 pc 0026276b  /system/lib/libart-compiler.so (_ZNK3art18OptimizingCompiler7CompileEPKNS_7DexFile8CodeItemEjNS_10InvokeTypeEtjP8_jobjectRKS1_+110)
03-28 11:41:32.698  1638  1638 F DEBUG   :     #08 pc 001c7f61  /system/lib/libart-compiler.so (_ZN3art14CompilerDriver13CompileMethodEPNS_6ThreadEPKNS_7DexFile8CodeItemEjNS_10InvokeTypeEtjP8_jobjectRKS3_NS_24DexToDexCompilationLevelEb+1904)
03-28 11:41:32.698  1638  1638 F DEBUG   :     #09 pc 001c8bc3  /system/lib/libart-compiler.so (_ZN3art14CompilerDriver12CompileClassEPKNS_26ParallelCompilationManagerEj+1866)
03-28 11:41:32.698  1638  1638 F DEBUG   :     #10 pc 001bebcf  /system/lib/libart-compiler.so
03-28 11:41:32.698  1638  1638 F DEBUG   :     #11 pc 0035d4bd  /system/lib/libart.so (_ZN3art10ThreadPool4WaitEPNS_6ThreadEbb+156)
03-28 11:41:32.698  1638  1638 F DEBUG   :     #12 pc 001c2e43  /system/lib/libart-compiler.so
03-28 11:41:32.698  1638  1638 F DEBUG   :     #13 pc 001cdae7  /system/lib/libart-compiler.so (_ZN3art14CompilerDriver7CompileEP8_jobjectRKNSt3__16vectorIPKNS_7DexFileENS3_9allocatorIS7_EEEEPNS_10ThreadPoolEPNS_12TimingLoggerE+162)
03-28 11:41:32.698  1638  1638 F DEBUG   :     #14 pc 001cea31  /system/lib/libart-compiler.so (_ZN3art14CompilerDriver10CompileAllEP8_jobjectRKNSt3__16vectorIPKNS_7DexFileENS3_9allocatorIS7_EEEEPNS_12TimingLoggerE+100)
03-28 11:41:32.698  1638  1638 F DEBUG   :     #15 pc 0000e645  /system/bin/dex2oat
03-28 11:41:32.698  1638  1638 F DEBUG   :     #16 pc 00013ceb  /system/bin/dex2oat
03-28 11:41:32.698  1638  1638 F DEBUG   :     #17 pc 0000797f  /system/bin/dex2oat (main+6)
03-28 11:41:32.698  1638  1638 F DEBUG   :     #18 pc 00017359  /system/lib/libc.so (__libc_init+44)
03-28 11:41:32.698  1638  1638 F DEBUG   :     #19 pc 00007a8c  /system/bin/dex2oat
03-28 11:41:32.832  1638  1638 F DEBUG   : 
03-28 11:41:32.832  1638  1638 F DEBUG   : Tombstone written to: /data/tombstones/tombstone_06
03-28 12:09:24.549 24019 24025 F libc    : Fatal signal 11 (SIGSEGV), code 1, fault addr 0x1 in tid 24025 (Compiler driver)
03-28 12:09:24.666  1638  1638 F DEBUG   : *** *** *** *** *** *** *** *** *** *** *** *** *** *** *** ***
03-28 12:09:24.666  1638  1638 F DEBUG   : Build fingerprint: 'google/hammerhead/hammerhead:6.0.1/M4B30Z/3437181:user/release-keys'
03-28 12:09:24.666  1638  1638 F DEBUG   : Revision: '11'
03-28 12:09:24.666  1638  1638 F DEBUG   : ABI: 'arm'
03-28 12:09:24.667  1638  1638 F DEBUG   : pid: 24019, tid: 24025, name: Compiler driver  >>> /system/bin/dex2oat <<<
03-28 12:09:24.667  1638  1638 F DEBUG   : signal 11 (SIGSEGV), code 1 (SEGV_MAPERR), fault addr 0x1
03-28 12:09:24.671  1638  1638 F DEBUG   :     r0 b1342040  r1 b63c9480  r2 ffffff24  r3 b1342180
03-28 12:09:24.671  1638  1638 F DEBUG   :     r4 b1342040  r5 b63c9480  r6 00000001  r7 b13424d0
03-28 12:09:24.671  1638  1638 F DEBUG   :     r8 b1342480  r9 b1b20638  sl 00000000  fp b1342040
03-28 12:09:24.671  1638  1638 F DEBUG   :     ip b6eb99e4  sp b1b20420  lr b6c33ed5  pc b6c33e86  cpsr 200f0030
03-28 12:09:24.701  1638  1638 F DEBUG   : 
03-28 12:09:24.701  1638  1638 F DEBUG   : backtrace:
03-28 12:09:24.701  1638  1638 F DEBUG   :     #00 pc 000d0e86  /system/lib/libart-compiler.so (_ZNSt3__16__treeINS_12__value_typeIjjEENS_19__map_value_compareIjS2_NS_4lessIjEELb1EEEN3art21ArenaAllocatorAdapterIS2_EEE7destroyEPNS_11__tree_nodeIS2_PvEE+33)
03-28 12:09:24.702  1638  1638 F DEBUG   :     #01 pc 000d0ed1  /system/lib/libart-compiler.so (_ZNSt3__16__treeINS_12__value_typeIjjEENS_19__map_value_compareIjS2_NS_4lessIjEELb1EEEN3art21ArenaAllocatorAdapterIS2_EEE7destroyEPNS_11__tree_nodeIS2_PvEE+108)
03-28 12:09:24.702  1638  1638 F DEBUG   :     #02 pc 000d35b5  /system/lib/libart-compiler.so (_ZN3art20GlobalValueNumberingD1Ev+1332)
03-28 12:09:24.702  1638  1638 F DEBUG   :     #03 pc 001b84b3  /system/lib/libart-compiler.so (_ZN3art8MIRGraph27GlobalValueNumberingCleanupEv+30)
03-28 12:09:24.702  1638  1638 F DEBUG   :     #04 pc 001b8841  /system/lib/libart-compiler.so (_ZN3art16PassDriverMEOpts9ApplyPassEPNS_14PassDataHolderEPKNS_4PassE+24)
03-28 12:09:24.702  1638  1638 F DEBUG   :     #05 pc 00168567  /system/lib/libart-compiler.so
03-28 12:09:24.702  1638  1638 F DEBUG   :     #06 pc 00168da3  /system/lib/libart-compiler.so (_ZNK3art13QuickCompiler7CompileEPKNS_7DexFile8CodeItemEjNS_10InvokeTypeEtjP8_jobjectRKS1_+1406)
03-28 12:09:24.702  1638  1638 F DEBUG   :     #07 pc 0026276b  /system/lib/libart-compiler.so (_ZNK3art18OptimizingCompiler7CompileEPKNS_7DexFile8CodeItemEjNS_10InvokeTypeEtjP8_jobjectRKS1_+110)
03-28 12:09:24.702  1638  1638 F DEBUG   :     #08 pc 001c7f61  /system/lib/libart-compiler.so (_ZN3art14CompilerDriver13CompileMethodEPNS_6ThreadEPKNS_7DexFile8CodeItemEjNS_10InvokeTypeEtjP8_jobjectRKS3_NS_24DexToDexCompilationLevelEb+1904)
03-28 12:09:24.702  1638  1638 F DEBUG   :     #09 pc 001c8bc3  /system/lib/libart-compiler.so (_ZN3art14CompilerDriver12CompileClassEPKNS_26ParallelCompilationManagerEj+1866)
03-28 12:09:24.702  1638  1638 F DEBUG   :     #10 pc 001bebcf  /system/lib/libart-compiler.so
03-28 12:09:24.702  1638  1638 F DEBUG   :     #11 pc 0035d255  /system/lib/libart.so (_ZN3art16ThreadPoolWorker3RunEv+264)
03-28 12:09:24.702  1638  1638 F DEBUG   :     #12 pc 0035d91f  /system/lib/libart.so (_ZN3art16ThreadPoolWorker8CallbackEPv+54)
03-28 12:09:24.702  1638  1638 F DEBUG   :     #13 pc 0003f45f  /system/lib/libc.so (_ZL15__pthread_startPv+30)
03-28 12:09:24.702  1638  1638 F DEBUG   :     #14 pc 00019b43  /system/lib/libc.so (__start_thread+6)
03-28 12:09:24.861  1638  1638 F DEBUG   : 
03-28 12:09:24.861  1638  1638 F DEBUG   : Tombstone written to: /data/tombstones/tombstone_07
--------- beginning of system
03-30 12:17:08.046  2162  3034 D ActivityManager: cleanUpApplicationRecord -- 17967
03-30 12:20:52.017  2162  2252 I ActivityManager: Killing 18167:com.google.android.contacts/u0a11 (adj 15): empty for 1801s
03-30 12:20:52.035  2162  2252 W ActivityManager: Unable to start service Intent { act=leafly.android.plot.internal.watchdog flg=0x4 cmp=leafly.android/com.plotprojects.retail.android.PlotBackgroundService (has extras) } U=0: not found
03-30 12:20:52.036  2162  3997 D ActivityManager: cleanUpApplicationRecord -- 18167
03-30 12:30:05.017  2162  2162 I ActivityManager: Killing 19257:com.android.chrome/u0a36 (adj 15): empty for 1805s
03-30 12:30:05.054  2162  3898 D ActivityManager: cleanUpApplicationRecord -- 19257
03-30 12:35:44.015  2162  2252 W ActivityManager: Unable to start service Intent { act=leafly.android.plot.internal.watchdog flg=0x4 cmp=leafly.android/com.plotprojects.retail.android.PlotBackgroundService (has extras) } U=0: not found
03-30 12:35:44.230  2162  3015 W DropBoxManagerService: Dropping: event_data (39 > 0 bytes)
03-30 12:35:44.232  2162  2175 W BroadcastQueue: Permission Denial: receiving Intent { act=android.intent.action.DROPBOX_ENTRY_ADDED flg=0x10 (has extras) } to ProcessRecord{eca9bc5 27924:com.pandora.android/u0a103} (pid=27924, uid=10103) requires android.permission.READ_LOGS due to sender android (uid 1000)
03-30 12:35:44.278  2162  3034 W DropBoxManagerService: Dropping: dumpsys:account (45 > 0 bytes)
03-30 12:35:44.279  2162  2175 W BroadcastQueue: Permission Denial: receiving Intent { act=android.intent.action.DROPBOX_ENTRY_ADDED flg=0x10 (has extras) } to ProcessRecord{eca9bc5 27924:com.pandora.android/u0a103} (pid=27924, uid=10103) requires android.permission.READ_LOGS due to sender android (uid 1000)
03-30 12:35:44.318  2162  3910 W DropBoxManagerService: Dropping: platform_stats_bookmark (13 > 0 bytes)
03-30 12:35:44.319  2162  2175 W BroadcastQueue: Permission Denial: receiving Intent { act=android.intent.action.DROPBOX_ENTRY_ADDED flg=0x10 (has extras) } to ProcessRecord{eca9bc5 27924:com.pandora.android/u0a103} (pid=27924, uid=10103) requires android.permission.READ_LOGS due to sender android (uid 1000)
03-30 12:45:05.074  2162  2162 I ActivityManager: Killing 19869:leafly.android/u0a138 (adj 15): empty for 1802s
03-30 12:45:05.150  2162  3034 D ActivityManager: cleanUpApplicationRecord -- 19869
03-30 12:55:16.014  2162  2252 W ActivityManager: Unable to start service Intent { act=leafly.android.plot.internal.watchdog flg=0x4 cmp=leafly.android/com.plotprojects.retail.android.PlotBackgroundService (has extras) } U=0: not found
03-30 12:55:16.018  2162  2252 I ActivityManager: Killing 20128:com.google.android.webview:webview_service/u0a79 (adj 15): empty for 1826s
03-30 12:55:16.038  2162  2357 D ActivityManager: cleanUpApplicationRecord -- 20128
03-30 12:55:16.052  2162  3910 I ActivityManager: Start proc 30186:com.google.android.apps.maps:server_recovery_process/u0a58 for broadcast com.google.android.apps.maps/com.google.android.apps.gmm.plugins.serverrecovery.PhenotypeServerRecoveryHandlerImpl
03-30 12:55:16.983  2162  3910 I ActivityManager: Process com.google.android.apps.maps:server_recovery_process (pid 30186) has died
03-30 12:55:16.983  2162  3910 D ActivityManager: cleanUpApplicationRecord -- 30186
03-30 13:05:44.962  2162  2252 W ActivityManager: Unable to start service Intent { act=leafly.android.plot.internal.watchdog flg=0x4 cmp=leafly.android/com.plotprojects.retail.android.PlotBackgroundService (has extras) } U=0: not found
03-30 13:05:45.153  2162  3950 W DropBoxManagerService: Dropping: event_data (39 > 0 bytes)
03-30 13:05:45.154  2162  2175 W BroadcastQueue: Permission Denial: receiving Intent { act=android.intent.action.DROPBOX_ENTRY_ADDED flg=0x10 (has extras) } to ProcessRecord{eca9bc5 27924:com.pandora.android/u0a103} (pid=27924, uid=10103) requires android.permission.READ_LOGS due to sender android (uid 1000)
03-30 13:05:45.205  2162  2897 W DropBoxManagerService: Dropping: dumpsys:account (45 > 0 bytes)
03-30 13:05:45.206  2162  2175 W BroadcastQueue: Permission Denial: receiving Intent { act=android.intent.action.DROPBOX_ENTRY_ADDED flg=0x10 (has extras) } to ProcessRecord{eca9bc5 27924:com.pandora.android/u0a103} (pid=27924, uid=10103) requires android.permission.READ_LOGS due to sender android (uid 1000)
03-30 13:20:04.108  2162  2853 I ActivityManager: Process com.google.android.apps.tachyon (pid 26360) has died
03-30 13:20:04.108  2162  2853 D ActivityManager: cleanUpApplicationRecord -- 26360
03-30 13:25:16.098  2162  2252 W ActivityManager: Unable to start service Intent { act=leafly.android.plot.internal.watchdog flg=0x4 cmp=leafly.android/com.plotprojects.retail.android.PlotBackgroundService (has extras) } U=0: not found
03-30 13:35:45.220  2162  2252 W ActivityManager: Unable to start service Intent { act=leafly.android.plot.internal.watchdog flg=0x4 cmp=leafly.android/com.plotprojects.retail.android.PlotBackgroundService (has extras) } U=0: not found
03-30 13:35:45.385  2162  3950 W DropBoxManagerService: Dropping: event_data (39 > 0 bytes)
03-30 13:35:45.387  2162  2175 W BroadcastQueue: Permission Denial: receiving Intent { act=android.intent.action.DROPBOX_ENTRY_ADDED flg=0x10 (has extras) } to ProcessRecord{eca9bc5 27924:com.pandora.android/u0a103} (pid=27924, uid=10103) requires android.permission.READ_LOGS due to sender android (uid 1000)
03-30 13:35:45.445  2162  3898 W DropBoxManagerService: Dropping: dumpsys:account (45 > 0 bytes)
03-30 13:35:45.446  2162  2175 W BroadcastQueue: Permission Denial: receiving Intent { act=android.intent.action.DROPBOX_ENTRY_ADDED flg=0x10 (has extras) } to ProcessRecord{eca9bc5 27924:com.pandora.android/u0a103} (pid=27924, uid=10103) requires android.permission.READ_LOGS due to sender android (uid 1000)
03-30 13:35:45.483  2162  3950 W DropBoxManagerService: Dropping: platform_stats_bookmark (13 > 0 bytes)
03-30 13:35:45.507  2162  2175 W BroadcastQueue: Permission Denial: receiving Intent { act=android.intent.action.DROPBOX_ENTRY_ADDED flg=0x10 (has extras) } to ProcessRecord{eca9bc5 27924:com.pandora.android/u0a103} (pid=27924, uid=10103) requires android.permission.READ_LOGS due to sender android (uid 1000)
03-30 13:55:16.263  2162  2252 W ActivityManager: Unable to start service Intent { act=leafly.android.plot.internal.watchdog flg=0x4 cmp=leafly.android/com.plotprojects.retail.android.PlotBackgroundService (has extras) } U=0: not found
03-30 13:55:16.368  2162  2162 I ActivityManager: Start proc 30993:com.google.android.keep/u0a71 for service com.google.android.keep/com.google.android.libraries.internal.growth.growthkit.internal.jobs.impl.GrowthKitJobService
03-30 14:03:48.127  2162  3946 I ActivityManager: Process com.google.android.apps.books (pid 27554) has died
03-30 14:03:48.127  2162  3946 D ActivityManager: cleanUpApplicationRecord -- 27554
03-30 14:04:37.014  2162  2252 W ActivityManager: Unable to start service Intent { act=leafly.android.plot.internal.watchdog flg=0x4 cmp=leafly.android/com.plotprojects.retail.android.PlotBackgroundService (has extras) } U=0: not found
03-30 14:04:37.299  2162  2302 W DropBoxManagerService: Dropping: event_data (39 > 0 bytes)
03-30 14:04:37.301  2162  2175 W BroadcastQueue: Permission Denial: receiving Intent { act=android.intent.action.DROPBOX_ENTRY_ADDED flg=0x10 (has extras) } to ProcessRecord{eca9bc5 27924:com.pandora.android/u0a103} (pid=27924, uid=10103) requires android.permission.READ_LOGS due to sender android (uid 1000)
03-30 14:04:37.359  2162  3034 W DropBoxManagerService: Dropping: dumpsys:account (45 > 0 bytes)
03-30 14:04:37.361  2162  2175 W BroadcastQueue: Permission Denial: receiving Intent { act=android.intent.action.DROPBOX_ENTRY_ADDED flg=0x10 (has extras) } to ProcessRecord{eca9bc5 27924:com.pandora.android/u0a103} (pid=27924, uid=10103) requires android.permission.READ_LOGS due to sender android (uid 1000)
03-30 14:04:40.453  2162  2897 D CryptdConnector: SND -> {202 cryptfs cryptocomplete}
03-30 14:04:40.453   144   168 I Ext4Crypt: ext4 crypto complete called on /data
03-30 14:04:40.453   144   168 I Ext4Crypt: No master key, so not ext4enc
03-30 14:04:40.454  2162  2258 D CryptdConnector: RCV <- {200 202 0}
03-30 14:04:40.455  2162  2897 D CryptdConnector: SND -> {203 cryptfs getpwtype}
03-30 14:04:40.455   144   168 D VoldCryptCmdListener: cryptfs getpwtype
03-30 14:04:40.455   144   168 I Ext4Crypt: ext4 crypto complete called on /data
03-30 14:04:40.455   144   168 I Ext4Crypt: No master key, so not ext4enc
03-30 14:04:40.455  2162  2258 D CryptdConnector: RCV <- {213 203 pattern}
03-30 14:25:16.511  2162  2252 W ActivityManager: Unable to start service Intent { act=leafly.android.plot.internal.watchdog flg=0x4 cmp=leafly.android/com.plotprojects.retail.android.PlotBackgroundService (has extras) } U=0: not found
03-30 14:35:45.650  2162  2252 W ActivityManager: Unable to start service Intent { act=leafly.android.plot.internal.watchdog flg=0x4 cmp=leafly.android/com.plotprojects.retail.android.PlotBackgroundService (has extras) } U=0: not found
03-30 14:35:45.863  2162  3910 W DropBoxManagerService: Dropping: event_data (39 > 0 bytes)
03-30 14:35:45.868  2162  2175 W BroadcastQueue: Permission Denial: receiving Intent { act=android.intent.action.DROPBOX_ENTRY_ADDED flg=0x10 (has extras) } to ProcessRecord{eca9bc5 27924:com.pandora.android/u0a103} (pid=27924, uid=10103) requires android.permission.READ_LOGS due to sender android (uid 1000)
03-30 14:35:45.913  2162  2357 W DropBoxManagerService: Dropping: dumpsys:account (45 > 0 bytes)
03-30 14:35:45.915  2162  2175 W BroadcastQueue: Permission Denial: receiving Intent { act=android.intent.action.DROPBOX_ENTRY_ADDED flg=0x10 (has extras) } to ProcessRecord{eca9bc5 27924:com.pandora.android/u0a103} (pid=27924, uid=10103) requires android.permission.READ_LOGS due to sender android (uid 1000)
03-30 14:35:45.988  2162  2302 W DropBoxManagerService: Dropping: platform_stats_bookmark (13 > 0 bytes)
03-30 14:35:45.989  2162  2175 W BroadcastQueue: Permission Denial: receiving Intent { act=android.intent.action.DROPBOX_ENTRY_ADDED flg=0x10 (has extras) } to ProcessRecord{eca9bc5 27924:com.pandora.android/u0a103} (pid=27924, uid=10103) requires android.permission.READ_LOGS due to sender android (uid 1000)
03-30 14:55:16.965  2162  2252 W ActivityManager: Unable to start service Intent { act=leafly.android.plot.internal.watchdog flg=0x4 cmp=leafly.android/com.plotprojects.retail.android.PlotBackgroundService (has extras) } U=0: not found
03-30 15:05:45.959  2162  2252 W ActivityManager: Unable to start service Intent { act=leafly.android.plot.internal.watchdog flg=0x4 cmp=leafly.android/com.plotprojects.retail.android.PlotBackgroundService (has extras) } U=0: not found
03-30 15:05:46.165  2162  3898 W DropBoxManagerService: Dropping: event_data (39 > 0 bytes)
03-30 15:05:46.166  2162  2175 W BroadcastQueue: Permission Denial: receiving Intent { act=android.intent.action.DROPBOX_ENTRY_ADDED flg=0x10 (has extras) } to ProcessRecord{eca9bc5 27924:com.pandora.android/u0a103} (pid=27924, uid=10103) requires android.permission.READ_LOGS due to sender android (uid 1000)
03-30 15:05:46.218  2162  3997 W DropBoxManagerService: Dropping: dumpsys:account (45 > 0 bytes)
03-30 15:05:46.219  2162  2175 W BroadcastQueue: Permission Denial: receiving Intent { act=android.intent.action.DROPBOX_ENTRY_ADDED flg=0x10 (has extras) } to ProcessRecord{eca9bc5 27924:com.pandora.android/u0a103} (pid=27924, uid=10103) requires android.permission.READ_LOGS due to sender android (uid 1000)
03-30 15:05:46.627  2162  2302 W DropBoxManagerService: Dropping: platform_stats_bookmark (13 > 0 bytes)
03-30 15:05:46.628  2162  2175 W BroadcastQueue: Permission Denial: receiving Intent { act=android.intent.action.DROPBOX_ENTRY_ADDED flg=0x10 (has extras) } to ProcessRecord{eca9bc5 27924:com.pandora.android/u0a103} (pid=27924, uid=10103) requires android.permission.READ_LOGS due to sender android (uid 1000)
03-30 15:05:46.689  2162  3015 W DropBoxManagerService: Dropping: platform_stats_bookmark (13 > 0 bytes)
03-30 15:05:46.691  2162  2175 W BroadcastQueue: Permission Denial: receiving Intent { act=android.intent.action.DROPBOX_ENTRY_ADDED flg=0x10 (has extras) } to ProcessRecord{eca9bc5 27924:com.pandora.android/u0a103} (pid=27924, uid=10103) requires android.permission.READ_LOGS due to sender android (uid 1000)
03-30 15:15:13.610  2162  2853 I ActivityManager: Process com.google.android.calendar (pid 29267) has died
03-30 15:15:13.610  2162  2853 D ActivityManager: cleanUpApplicationRecord -- 29267
03-30 15:25:17.967  2162  2252 W ActivityManager: Unable to start service Intent { act=leafly.android.plot.internal.watchdog flg=0x4 cmp=leafly.android/com.plotprojects.retail.android.PlotBackgroundService (has extras) } U=0: not found
03-30 15:35:46.239  2162  2252 W ActivityManager: Unable to start service Intent { act=leafly.android.plot.internal.watchdog flg=0x4 cmp=leafly.android/com.plotprojects.retail.android.PlotBackgroundService (has extras) } U=0: not found
03-30 15:35:46.431  2162  2890 W DropBoxManagerService: Dropping: event_data (39 > 0 bytes)
03-30 15:35:46.432  2162  2175 W BroadcastQueue: Permission Denial: receiving Intent { act=android.intent.action.DROPBOX_ENTRY_ADDED flg=0x10 (has extras) } to ProcessRecord{eca9bc5 27924:com.pandora.android/u0a103} (pid=27924, uid=10103) requires android.permission.READ_LOGS due to sender android (uid 1000)
03-30 15:35:46.484  2162  2357 W DropBoxManagerService: Dropping: dumpsys:account (45 > 0 bytes)
03-30 15:35:46.485  2162  2175 W BroadcastQueue: Permission Denial: receiving Intent { act=android.intent.action.DROPBOX_ENTRY_ADDED flg=0x10 (has extras) } to ProcessRecord{eca9bc5 27924:com.pandora.android/u0a103} (pid=27924, uid=10103) requires android.permission.READ_LOGS due to sender android (uid 1000)
03-30 15:45:12.763  2162  2174 I UsageStatsService: User[0] Flushing usage stats to disk
03-30 15:55:18.070  2162  2252 W ActivityManager: Unable to start service Intent { act=leafly.android.plot.internal.watchdog flg=0x4 cmp=leafly.android/com.plotprojects.retail.android.PlotBackgroundService (has extras) } U=0: not found
03-30 15:59:15.193  2162  2252 W ActivityManager: Unable to start service Intent { act=leafly.android.plot.internal.watchdog flg=0x4 cmp=leafly.android/com.plotprojects.retail.android.PlotBackgroundService (has extras) } U=0: not found
03-30 16:17:10.044  2162  2357 W ActivityManager: SLOW OOM ADJ: 837ms for pid 30993 = 13
03-30 16:25:18.163  2162  2252 W ActivityManager: Unable to start service Intent { act=leafly.android.plot.internal.watchdog flg=0x4 cmp=leafly.android/com.plotprojects.retail.android.PlotBackgroundService (has extras) } U=0: not found
03-30 16:25:18.536  2162  2897 W DropBoxManagerService: Dropping: event_data (39 > 0 bytes)
03-30 16:25:18.539  2162  2175 W BroadcastQueue: Permission Denial: receiving Intent { act=android.intent.action.DROPBOX_ENTRY_ADDED flg=0x10 (has extras) } to ProcessRecord{eca9bc5 27924:com.pandora.android/u0a103} (pid=27924, uid=10103) requires android.permission.READ_LOGS due to sender android (uid 1000)
03-30 16:25:18.590  2162  2173 W DropBoxManagerService: Dropping: dumpsys:account (45 > 0 bytes)
03-30 16:25:18.597  2162  2175 W BroadcastQueue: Permission Denial: receiving Intent { act=android.intent.action.DROPBOX_ENTRY_ADDED flg=0x10 (has extras) } to ProcessRecord{eca9bc5 27924:com.pandora.android/u0a103} (pid=27924, uid=10103) requires android.permission.READ_LOGS due to sender android (uid 1000)
03-30 16:25:18.642  2162  2853 W DropBoxManagerService: Dropping: platform_stats_bookmark (13 > 0 bytes)
03-30 16:25:18.643  2162  2175 W BroadcastQueue: Permission Denial: receiving Intent { act=android.intent.action.DROPBOX_ENTRY_ADDED flg=0x10 (has extras) } to ProcessRecord{eca9bc5 27924:com.pandora.android/u0a103} (pid=27924, uid=10103) requires android.permission.READ_LOGS due to sender android (uid 1000)
03-30 16:35:18.073  2162  2252 W ActivityManager: Unable to start service Intent { act=leafly.android.plot.internal.watchdog flg=0x4 cmp=leafly.android/com.plotprojects.retail.android.PlotBackgroundService (has extras) } U=0: not found
03-30 16:55:19.964  2162  2252 W ActivityManager: Unable to start service Intent { act=leafly.android.plot.internal.watchdog flg=0x4 cmp=leafly.android/com.plotprojects.retail.android.PlotBackgroundService (has extras) } U=0: not found
03-30 16:55:20.209  2162  2302 W DropBoxManagerService: Dropping: event_log (72 > 0 bytes)
03-30 16:55:20.210  2162  2175 W BroadcastQueue: Permission Denial: receiving Intent { act=android.intent.action.DROPBOX_ENTRY_ADDED flg=0x10 (has extras) } to ProcessRecord{eca9bc5 27924:com.pandora.android/u0a103} (pid=27924, uid=10103) requires android.permission.READ_LOGS due to sender android (uid 1000)
03-30 16:55:20.217  2162  3997 W DropBoxManagerService: Dropping: event_data (39 > 0 bytes)
03-30 16:55:20.218  2162  2175 W BroadcastQueue: Permission Denial: receiving Intent { act=android.intent.action.DROPBOX_ENTRY_ADDED flg=0x10 (has extras) } to ProcessRecord{eca9bc5 27924:com.pandora.android/u0a103} (pid=27924, uid=10103) requires android.permission.READ_LOGS due to sender android (uid 1000)
03-30 16:55:20.260  2162  3034 W DropBoxManagerService: Dropping: dumpsys:account (45 > 0 bytes)
03-30 16:55:20.261  2162  2175 W BroadcastQueue: Permission Denial: receiving Intent { act=android.intent.action.DROPBOX_ENTRY_ADDED flg=0x10 (has extras) } to ProcessRecord{eca9bc5 27924:com.pandora.android/u0a103} (pid=27924, uid=10103) requires android.permission.READ_LOGS due to sender android (uid 1000)
03-30 16:55:22.106  2162  2172 D CryptdConnector: SND -> {204 cryptfs cryptocomplete}
03-30 16:55:22.107   144   168 I Ext4Crypt: ext4 crypto complete called on /data
03-30 16:55:22.107   144   168 I Ext4Crypt: No master key, so not ext4enc
03-30 16:55:22.108  2162  2258 D CryptdConnector: RCV <- {200 204 0}
03-30 16:55:22.108  2162  2172 D CryptdConnector: SND -> {205 cryptfs getpwtype}
03-30 16:55:22.108   144   168 D VoldCryptCmdListener: cryptfs getpwtype
03-30 16:55:22.108   144   168 I Ext4Crypt: ext4 crypto complete called on /data
03-30 16:55:22.108   144   168 I Ext4Crypt: No master key, so not ext4enc
03-30 16:55:22.109  2162  2258 D CryptdConnector: RCV <- {213 205 pattern}
03-30 17:04:31.013  2162  2252 W ActivityManager: Unable to start service Intent { act=leafly.android.plot.internal.watchdog flg=0x4 cmp=leafly.android/com.plotprojects.retail.android.PlotBackgroundService (has extras) } U=0: not found
03-30 17:25:20.068  2162  2252 W ActivityManager: Unable to start service Intent { act=leafly.android.plot.internal.watchdog flg=0x4 cmp=leafly.android/com.plotprojects.retail.android.PlotBackgroundService (has extras) } U=0: not found
03-30 17:25:20.443  2162  2173 W DropBoxManagerService: Dropping: event_data (39 > 0 bytes)
03-30 17:25:20.446  2162  2175 W BroadcastQueue: Permission Denial: receiving Intent { act=android.intent.action.DROPBOX_ENTRY_ADDED flg=0x10 (has extras) } to ProcessRecord{eca9bc5 27924:com.pandora.android/u0a103} (pid=27924, uid=10103) requires android.permission.READ_LOGS due to sender android (uid 1000)
03-30 17:25:20.506  2162  2172 W DropBoxManagerService: Dropping: dumpsys:account (45 > 0 bytes)
03-30 17:25:20.507  2162  2175 W BroadcastQueue: Permission Denial: receiving Intent { act=android.intent.action.DROPBOX_ENTRY_ADDED flg=0x10 (has extras) } to ProcessRecord{eca9bc5 27924:com.pandora.android/u0a103} (pid=27924, uid=10103) requires android.permission.READ_LOGS due to sender android (uid 1000)
03-30 17:25:20.547  2162  2173 W DropBoxManagerService: Dropping: platform_stats_bookmark (13 > 0 bytes)
03-30 17:25:20.548  2162  2175 W BroadcastQueue: Permission Denial: receiving Intent { act=android.intent.action.DROPBOX_ENTRY_ADDED flg=0x10 (has extras) } to ProcessRecord{eca9bc5 27924:com.pandora.android/u0a103} (pid=27924, uid=10103) requires android.permission.READ_LOGS due to sender android (uid 1000)
03-30 17:37:29.016  2162  2252 W ActivityManager: Unable to start service Intent { act=leafly.android.plot.internal.watchdog flg=0x4 cmp=leafly.android/com.plotprojects.retail.android.PlotBackgroundService (has extras) } U=0: not found
03-30 17:55:20.989  2162  2252 W ActivityManager: Unable to start service Intent { act=leafly.android.plot.internal.watchdog flg=0x4 cmp=leafly.android/com.plotprojects.retail.android.PlotBackgroundService (has extras) } U=0: not found
03-30 17:55:21.270  2162  2173 W DropBoxManagerService: Dropping: event_data (39 > 0 bytes)
03-30 17:55:21.271  2162  2175 W BroadcastQueue: Permission Denial: receiving Intent { act=android.intent.action.DROPBOX_ENTRY_ADDED flg=0x10 (has extras) } to ProcessRecord{eca9bc5 27924:com.pandora.android/u0a103} (pid=27924, uid=10103) requires android.permission.READ_LOGS due to sender android (uid 1000)
03-30 17:55:21.321  2162  2172 W DropBoxManagerService: Dropping: dumpsys:account (45 > 0 bytes)
03-30 17:55:21.322  2162  2175 W BroadcastQueue: Permission Denial: receiving Intent { act=android.intent.action.DROPBOX_ENTRY_ADDED flg=0x10 (has extras) } to ProcessRecord{eca9bc5 27924:com.pandora.android/u0a103} (pid=27924, uid=10103) requires android.permission.READ_LOGS due to sender android (uid 1000)
03-30 17:59:15.198  2162  2252 W ActivityManager: Unable to start service Intent { act=leafly.android.plot.internal.watchdog flg=0x4 cmp=leafly.android/com.plotprojects.retail.android.PlotBackgroundService (has extras) } U=0: not found
03-30 18:25:22.978  2162  2252 W ActivityManager: Unable to start service Intent { act=leafly.android.plot.internal.watchdog flg=0x4 cmp=leafly.android/com.plotprojects.retail.android.PlotBackgroundService (has extras) } U=0: not found
03-30 18:25:23.243  2162  3898 W DropBoxManagerService: Dropping: event_data (39 > 0 bytes)
03-30 18:25:23.244  2162  2175 W BroadcastQueue: Permission Denial: receiving Intent { act=android.intent.action.DROPBOX_ENTRY_ADDED flg=0x10 (has extras) } to ProcessRecord{eca9bc5 27924:com.pandora.android/u0a103} (pid=27924, uid=10103) requires android.permission.READ_LOGS due to sender android (uid 1000)
03-30 18:25:23.294  2162  2172 W DropBoxManagerService: Dropping: dumpsys:account (45 > 0 bytes)
03-30 18:25:23.296  2162  2175 W BroadcastQueue: Permission Denial: receiving Intent { act=android.intent.action.DROPBOX_ENTRY_ADDED flg=0x10 (has extras) } to ProcessRecord{eca9bc5 27924:com.pandora.android/u0a103} (pid=27924, uid=10103) requires android.permission.READ_LOGS due to sender android (uid 1000)
03-30 18:25:23.361  2162  2853 W DropBoxManagerService: Dropping: platform_stats_bookmark (13 > 0 bytes)
03-30 18:25:23.362  2162  2175 W BroadcastQueue: Permission Denial: receiving Intent { act=android.intent.action.DROPBOX_ENTRY_ADDED flg=0x10 (has extras) } to ProcessRecord{eca9bc5 27924:com.pandora.android/u0a103} (pid=27924, uid=10103) requires android.permission.READ_LOGS due to sender android (uid 1000)
03-30 18:39:45.082  2162  2252 W ActivityManager: Unable to start service Intent { act=leafly.android.plot.internal.watchdog flg=0x4 cmp=leafly.android/com.plotprojects.retail.android.PlotBackgroundService (has extras) } U=0: not found
03-30 18:44:37.015  2162  2252 W ActivityManager: Unable to start service Intent { act=leafly.android.plot.internal.watchdog flg=0x4 cmp=leafly.android/com.plotprojects.retail.android.PlotBackgroundService (has extras) } U=0: not found
03-30 18:44:37.100  2162  2175 I ActivityManager: Start proc 2929:com.google.android.apps.docs/u0a40 for broadcast com.google.android.apps.docs/.drive.appindexing.AppIndexingReceiver
03-30 18:45:25.466  2162  2174 I UsageStatsService: User[0] Rolling over usage stats
03-30 18:45:25.481  2162  2174 I UsageStatsService: User[0] Rollover scheduled @ 2021-03-31 17:00:00(1617235200000)
03-30 18:45:25.504  2162  2174 I UsageStatsService: User[0] Rolling over usage stats complete. Took 38 milliseconds
03-30 18:45:39.167  2162  2174 E NetdConnector: NDC Command {5424 firewall set_uid_rule standby 10071 deny} took too long (1906ms)
03-30 18:46:00.376  2162  2172 W DropBoxManagerService: Dropping: event_data (39 > 0 bytes)
03-30 18:46:00.377  2162  2175 W BroadcastQueue: Permission Denial: receiving Intent { act=android.intent.action.DROPBOX_ENTRY_ADDED flg=0x10 (has extras) } to ProcessRecord{eca9bc5 27924:com.pandora.android/u0a103} (pid=27924, uid=10103) requires android.permission.READ_LOGS due to sender android (uid 1000)
03-30 18:46:00.418  2162  2172 W DropBoxManagerService: Dropping: dumpsys:account (45 > 0 bytes)
03-30 18:46:00.419  2162  2175 W BroadcastQueue: Permission Denial: receiving Intent { act=android.intent.action.DROPBOX_ENTRY_ADDED flg=0x10 (has extras) } to ProcessRecord{eca9bc5 27924:com.pandora.android/u0a103} (pid=27924, uid=10103) requires android.permission.READ_LOGS due to sender android (uid 1000)
03-30 18:59:15.193  2162  2252 W ActivityManager: Unable to start service Intent { act=leafly.android.plot.internal.watchdog flg=0x4 cmp=leafly.android/com.plotprojects.retail.android.PlotBackgroundService (has extras) } U=0: not found
03-30 19:25:23.128  2162  2252 W ActivityManager: Unable to start service Intent { act=leafly.android.plot.internal.watchdog flg=0x4 cmp=leafly.android/com.plotprojects.retail.android.PlotBackgroundService (has extras) } U=0: not found
03-30 19:25:23.606  2162  2890 W DropBoxManagerService: Dropping: platform_stats_bookmark (13 > 0 bytes)
03-30 19:25:23.607  2162  2175 W BroadcastQueue: Permission Denial: receiving Intent { act=android.intent.action.DROPBOX_ENTRY_ADDED flg=0x10 (has extras) } to ProcessRecord{eca9bc5 27924:com.pandora.android/u0a103} (pid=27924, uid=10103) requires android.permission.READ_LOGS due to sender android (uid 1000)
03-30 19:25:23.666  2162  3034 W DropBoxManagerService: Dropping: platform_stats_bookmark (13 > 0 bytes)
03-30 19:25:23.667  2162  2175 W BroadcastQueue: Permission Denial: receiving Intent { act=android.intent.action.DROPBOX_ENTRY_ADDED flg=0x10 (has extras) } to ProcessRecord{eca9bc5 27924:com.pandora.android/u0a103} (pid=27924, uid=10103) requires android.permission.READ_LOGS due to sender android (uid 1000)
03-30 19:25:24.030  2162  2302 W DropBoxManagerService: Dropping: event_data (39 > 0 bytes)
03-30 19:25:24.031  2162  2175 W BroadcastQueue: Permission Denial: receiving Intent { act=android.intent.action.DROPBOX_ENTRY_ADDED flg=0x10 (has extras) } to ProcessRecord{eca9bc5 27924:com.pandora.android/u0a103} (pid=27924, uid=10103) requires android.permission.READ_LOGS due to sender android (uid 1000)
03-30 19:25:24.078  2162  3910 W DropBoxManagerService: Dropping: dumpsys:account (45 > 0 bytes)
03-30 19:25:24.079  2162  2175 W BroadcastQueue: Permission Denial: receiving Intent { act=android.intent.action.DROPBOX_ENTRY_ADDED flg=0x10 (has extras) } to ProcessRecord{eca9bc5 27924:com.pandora.android/u0a103} (pid=27924, uid=10103) requires android.permission.READ_LOGS due to sender android (uid 1000)
03-30 19:39:52.141  2162  2252 W ActivityManager: Unable to start service Intent { act=leafly.android.plot.internal.watchdog flg=0x4 cmp=leafly.android/com.plotprojects.retail.android.PlotBackgroundService (has extras) } U=0: not found
03-30 19:45:16.246  2162  2175 I ProcessStatsService: Prepared write state in 31ms
03-30 19:45:16.248  2162  2175 I ProcessStatsService: Prepared write state in 1ms
03-30 19:45:16.274  2162  2175 I ProcessStatsService: Prepared write state in 3ms
03-30 19:45:16.277  2162  2175 I ProcessStatsService: Prepared write state in 3ms
03-30 19:55:24.084  2162  2252 W ActivityManager: Unable to start service Intent { act=leafly.android.plot.internal.watchdog flg=0x4 cmp=leafly.android/com.plotprojects.retail.android.PlotBackgroundService (has extras) } U=0: not found
03-30 19:55:24.141 23545  4137 D DownloadManager: Removed 0 stale downloads
03-30 19:55:24.204 23545  4137 D DownloadManager: Found 25 files in database
03-30 19:55:24.204 23545  4137 D DownloadManager: Found 2 files on disk
03-30 19:55:24.283  2162  2853 W DropBoxManagerService: Dropping: event_data (39 > 0 bytes)
03-30 19:55:24.285  2162  2175 W BroadcastQueue: Permission Denial: receiving Intent { act=android.intent.action.DROPBOX_ENTRY_ADDED flg=0x10 (has extras) } to ProcessRecord{eca9bc5 27924:com.pandora.android/u0a103} (pid=27924, uid=10103) requires android.permission.READ_LOGS due to sender android (uid 1000)
03-30 19:55:24.329  2162  3950 W DropBoxManagerService: Dropping: dumpsys:account (45 > 0 bytes)
03-30 19:55:24.330  2162  2175 W BroadcastQueue: Permission Denial: receiving Intent { act=android.intent.action.DROPBOX_ENTRY_ADDED flg=0x10 (has extras) } to ProcessRecord{eca9bc5 27924:com.pandora.android/u0a103} (pid=27924, uid=10103) requires android.permission.READ_LOGS due to sender android (uid 1000)
03-30 19:55:25.378  2162  3908 D CryptdConnector: SND -> {206 cryptfs cryptocomplete}
03-30 19:55:25.378   144   168 I Ext4Crypt: ext4 crypto complete called on /data
03-30 19:55:25.379   144   168 I Ext4Crypt: No master key, so not ext4enc
03-30 19:55:25.380  2162  2258 D CryptdConnector: RCV <- {200 206 0}
03-30 19:55:25.380  2162  3908 D CryptdConnector: SND -> {207 cryptfs getpwtype}
03-30 19:55:25.380   144   168 D VoldCryptCmdListener: cryptfs getpwtype
03-30 19:55:25.380   144   168 I Ext4Crypt: ext4 crypto complete called on /data
03-30 19:55:25.380   144   168 I Ext4Crypt: No master key, so not ext4enc
03-30 19:55:25.381  2162  2258 D CryptdConnector: RCV <- {213 207 pattern}
03-30 20:09:52.241  2162  2252 W ActivityManager: Unable to start service Intent { act=leafly.android.plot.internal.watchdog flg=0x4 cmp=leafly.android/com.plotprojects.retail.android.PlotBackgroundService (has extras) } U=0: not found
03-30 20:25:24.356  2162  2175 I ActivityManager: Killing 17776:com.google.android.gm/u0a70 (adj 15): empty for 1802s
03-30 20:25:24.399  2162  2252 W ActivityManager: Unable to start service Intent { act=leafly.android.plot.internal.watchdog flg=0x4 cmp=leafly.android/com.plotprojects.retail.android.PlotBackgroundService (has extras) } U=0: not found
03-30 20:25:24.399  2162  3950 D ActivityManager: cleanUpApplicationRecord -- 17776
03-30 20:25:24.573  2162  3910 W DropBoxManagerService: Dropping: event_data (39 > 0 bytes)
03-30 20:25:24.574  2162  2175 W BroadcastQueue: Permission Denial: receiving Intent { act=android.intent.action.DROPBOX_ENTRY_ADDED flg=0x10 (has extras) } to ProcessRecord{eca9bc5 27924:com.pandora.android/u0a103} (pid=27924, uid=10103) requires android.permission.READ_LOGS due to sender android (uid 1000)
03-30 20:25:24.623  2162  3034 W DropBoxManagerService: Dropping: dumpsys:account (45 > 0 bytes)
03-30 20:25:24.624  2162  2175 W BroadcastQueue: Permission Denial: receiving Intent { act=android.intent.action.DROPBOX_ENTRY_ADDED flg=0x10 (has extras) } to ProcessRecord{eca9bc5 27924:com.pandora.android/u0a103} (pid=27924, uid=10103) requires android.permission.READ_LOGS due to sender android (uid 1000)
03-30 20:25:24.687  2162  3946 W DropBoxManagerService: Dropping: platform_stats_bookmark (13 > 0 bytes)
03-30 20:25:24.689  2162  2175 W BroadcastQueue: Permission Denial: receiving Intent { act=android.intent.action.DROPBOX_ENTRY_ADDED flg=0x10 (has extras) } to ProcessRecord{eca9bc5 27924:com.pandora.android/u0a103} (pid=27924, uid=10103) requires android.permission.READ_LOGS due to sender android (uid 1000)
03-30 20:39:53.023  2162  2252 W ActivityManager: Unable to start service Intent { act=leafly.android.plot.internal.watchdog flg=0x4 cmp=leafly.android/com.plotprojects.retail.android.PlotBackgroundService (has extras) } U=0: not found
03-30 20:55:24.648  2162  2252 W ActivityManager: Unable to start service Intent { act=leafly.android.plot.internal.watchdog flg=0x4 cmp=leafly.android/com.plotprojects.retail.android.PlotBackgroundService (has extras) } U=0: not found
03-30 20:55:24.845  2162  3034 W DropBoxManagerService: Dropping: event_data (39 > 0 bytes)
03-30 20:55:24.846  2162  2175 W BroadcastQueue: Permission Denial: receiving Intent { act=android.intent.action.DROPBOX_ENTRY_ADDED flg=0x10 (has extras) } to ProcessRecord{eca9bc5 27924:com.pandora.android/u0a103} (pid=27924, uid=10103) requires android.permission.READ_LOGS due to sender android (uid 1000)
03-30 20:55:24.902  2162  3950 W DropBoxManagerService: Dropping: dumpsys:account (45 > 0 bytes)
03-30 20:55:24.903  2162  2175 W BroadcastQueue: Permission Denial: receiving Intent { act=android.intent.action.DROPBOX_ENTRY_ADDED flg=0x10 (has extras) } to ProcessRecord{eca9bc5 27924:com.pandora.android/u0a103} (pid=27924, uid=10103) requires android.permission.READ_LOGS due to sender android (uid 1000)
03-30 21:09:53.996  2162  2252 W ActivityManager: Unable to start service Intent { act=leafly.android.plot.internal.watchdog flg=0x4 cmp=leafly.android/com.plotprojects.retail.android.PlotBackgroundService (has extras) } U=0: not found
03-30 21:09:54.012  2162  2175 I ActivityManager: Start proc 5074:com.alphainventor.filemanager/u0a146 for broadcast com.alphainventor.filemanager/.receiver.StorageCheckReceiver
03-30 21:09:54.813  2162  2173 I ActivityManager: Killing 27924:com.pandora.android/u0a103 (adj 15): empty for 1864s
03-30 21:09:57.113  2162  2172 D ActivityManager: cleanUpApplicationRecord -- 27924
03-30 21:18:57.043  2162  2853 W ActivityManager: SLOW OOM ADJ: 107740ms for pid 17651 = 15
03-30 21:25:24.972  2162  2252 W ActivityManager: Unable to start service Intent { act=leafly.android.plot.internal.watchdog flg=0x4 cmp=leafly.android/com.plotprojects.retail.android.PlotBackgroundService (has extras) } U=0: not found
03-30 21:25:25.219  2162  2302 W DropBoxManagerService: Dropping: event_data (39 > 0 bytes)
03-30 21:25:25.275  2162  2172 W DropBoxManagerService: Dropping: dumpsys:account (45 > 0 bytes)
03-30 21:25:25.320  2162  3034 W DropBoxManagerService: Dropping: platform_stats_bookmark (13 > 0 bytes)
03-30 21:34:26.764  2162  2897 W BroadcastQueue: Permission Denial: broadcasting Intent { act=com.google.android.checkin.CHECKIN_COMPLETE flg=0x10 (has extras) } from com.google.android.gms (pid=31723, uid=10010) is not exported from uid 10019 due to receiver com.android.vending/com.google.android.finsky.checkin.CheckinReceiver
03-30 21:39:54.111  2162  2252 W ActivityManager: Unable to start service Intent { act=leafly.android.plot.internal.watchdog flg=0x4 cmp=leafly.android/com.plotprojects.retail.android.PlotBackgroundService (has extras) } U=0: not found
03-30 21:55:26.017  2162  2252 W ActivityManager: Unable to start service Intent { act=leafly.android.plot.internal.watchdog flg=0x4 cmp=leafly.android/com.plotprojects.retail.android.PlotBackgroundService (has extras) } U=0: not found
03-30 21:55:26.290  2162  2897 W DropBoxManagerService: Dropping: event_data (39 > 0 bytes)
03-30 21:55:26.337  2162  3034 W DropBoxManagerService: Dropping: dumpsys:account (45 > 0 bytes)
03-30 22:09:54.165  2162  2252 W ActivityManager: Unable to start service Intent { act=leafly.android.plot.internal.watchdog flg=0x4 cmp=leafly.android/com.plotprojects.retail.android.PlotBackgroundService (has extras) } U=0: not found
03-30 22:25:27.015  2162  2252 W ActivityManager: Unable to start service Intent { act=leafly.android.plot.internal.watchdog flg=0x4 cmp=leafly.android/com.plotprojects.retail.android.PlotBackgroundService (has extras) } U=0: not found
03-30 22:25:27.280  2162  3950 W DropBoxManagerService: Dropping: event_data (39 > 0 bytes)
03-30 22:25:27.350  2162  3910 W DropBoxManagerService: Dropping: dumpsys:account (45 > 0 bytes)
03-30 22:25:27.421  2162  2173 W DropBoxManagerService: Dropping: platform_stats_bookmark (13 > 0 bytes)
03-30 22:40:22.018  2162  2252 W ActivityManager: Unable to start service Intent { act=leafly.android.plot.internal.watchdog flg=0x4 cmp=leafly.android/com.plotprojects.retail.android.PlotBackgroundService (has extras) } U=0: not found
03-30 22:44:16.105  2162  2252 W ActivityManager: Unable to start service Intent { act=leafly.android.plot.internal.watchdog flg=0x4 cmp=leafly.android/com.plotprojects.retail.android.PlotBackgroundService (has extras) } U=0: not found
03-30 22:44:16.167  2162  2173 D WifiService: acquireWifiLockLocked: WifiLock{NlpWifiLock type=2 binder=android.os.BinderProxy@de01ced}
03-30 22:44:17.133  2162  3895 D WifiService: releaseWifiLockLocked: WifiLock{NlpWifiLock type=2 binder=android.os.BinderProxy@de01ced}
03-30 23:00:01.016  2162  2252 W ActivityManager: Unable to start service Intent { act=leafly.android.plot.internal.watchdog flg=0x4 cmp=leafly.android/com.plotprojects.retail.android.PlotBackgroundService (has extras) } U=0: not found
03-30 23:00:01.035  2162  2162 V BackupManagerService: Scheduling immediate backup pass
03-30 23:00:01.036  2162  2162 V BackupManagerService: Running a backup pass
03-30 23:00:01.049  2162  2284 V BackupManagerService: clearing pending backups
03-30 23:00:01.067  2162  2284 V PerformBackupTask: Beginning backup of 44 targets
03-30 23:00:01.121  2162  2284 D PerformBackupTask: invokeAgentForBackup on @pm@
03-30 23:00:01.221  2162  2284 I BackupRestoreController: Getting widget state for user: 0
03-30 23:00:01.264  2162  2284 V KeyValueBackupJob: Scheduling k/v pass in 10080 minutes
03-30 23:00:01.292  2162  3946 W DropBoxManagerService: Dropping: event_data (39 > 0 bytes)
03-30 23:00:01.335  2162  3898 W DropBoxManagerService: Dropping: dumpsys:account (45 > 0 bytes)
03-30 23:00:01.591  2162  2284 I BackupManagerService: Backup pass finished.
03-30 23:00:02.733  2162  2890 D CryptdConnector: SND -> {208 cryptfs cryptocomplete}
03-30 23:00:02.733   144   168 I Ext4Crypt: ext4 crypto complete called on /data
03-30 23:00:02.733   144   168 I Ext4Crypt: No master key, so not ext4enc
03-30 23:00:02.734  2162  2258 D CryptdConnector: RCV <- {200 208 0}
03-30 23:00:02.734  2162  2890 D CryptdConnector: SND -> {209 cryptfs getpwtype}
03-30 23:00:02.734   144   168 D VoldCryptCmdListener: cryptfs getpwtype
03-30 23:00:02.734   144   168 I Ext4Crypt: ext4 crypto complete called on /data
03-30 23:00:02.734   144   168 I Ext4Crypt: No master key, so not ext4enc
03-30 23:00:02.735  2162  2258 D CryptdConnector: RCV <- {213 209 pattern}
03-30 23:16:22.224  2162  2252 W ActivityManager: Unable to start service Intent { act=leafly.android.plot.internal.watchdog flg=0x4 cmp=leafly.android/com.plotprojects.retail.android.PlotBackgroundService (has extras) } U=0: not found
03-30 23:29:16.015  2162  2252 W ActivityManager: Unable to start service Intent { act=leafly.android.plot.internal.watchdog flg=0x4 cmp=leafly.android/com.plotprojects.retail.android.PlotBackgroundService (has extras) } U=0: not found
03-30 23:29:16.349  2162  2897 W DropBoxManagerService: Dropping: platform_stats_bookmark (13 > 0 bytes)
03-30 23:29:16.458  2162  2302 W DropBoxManagerService: Dropping: platform_stats_bookmark (13 > 0 bytes)
03-30 23:29:16.717  2162  3895 W DropBoxManagerService: Dropping: event_data (39 > 0 bytes)
03-30 23:29:16.798  2162  2897 W DropBoxManagerService: Dropping: dumpsys:account (45 > 0 bytes)
03-30 23:50:53.015  2162  2252 W ActivityManager: Unable to start service Intent { act=leafly.android.plot.internal.watchdog flg=0x4 cmp=leafly.android/com.plotprojects.retail.android.PlotBackgroundService (has extras) } U=0: not found
03-30 23:59:16.016  2162  2252 W ActivityManager: Unable to start service Intent { act=leafly.android.plot.internal.watchdog flg=0x4 cmp=leafly.android/com.plotprojects.retail.android.PlotBackgroundService (has extras) } U=0: not found
