04-03 10:35:26.769 12041 12120 W ProtoDataStoreFlagStore: 	at ayku.run(PG:9)
04-03 10:35:26.769 12041 12120 W ProtoDataStoreFlagStore: 	at ayoq.run(PG:1)
04-03 10:35:26.769 12041 12120 W ProtoDataStoreFlagStore: 	at ayor.run(PG:4)
04-03 10:35:26.769 12041 12120 W ProtoDataStoreFlagStore: 	at alkd.run(PG:1)
04-03 10:35:26.769 12041 12120 W ProtoDataStoreFlagStore: 	at java.util.concurrent.ThreadPoolExecutor.runWorker(ThreadPoolExecutor.java:1113)
04-03 10:35:26.769 12041 12120 W ProtoDataStoreFlagStore: 	at java.util.concurrent.ThreadPoolExecutor$Worker.run(ThreadPoolExecutor.java:588)
04-03 10:35:26.769 12041 12120 W ProtoDataStoreFlagStore: 	at aljp.run(Unknown Source)
04-03 10:35:26.769 12041 12120 W ProtoDataStoreFlagStore: 	at aljk.run(Unknown Source)
04-03 10:35:26.769 12041 12120 W ProtoDataStoreFlagStore: 	... 1 more
04-03 10:35:26.769 12041 12120 W ProtoDataStoreFlagStore: Unable to retrieve flag snapshot for com.google.android.libraries.performance.primes#com.google.android.apps.messaging, using defaults.
04-03 10:35:26.869 12041 12041 V ClearcutMetricXmitter: Transmission is done.
04-03 10:35:26.869 12041 12041 V ClearcutMetricXmitter: Transmission is done.
04-03 10:35:26.870 12041 12041 V ClearcutMetricXmitter: Transmission is done.
04-03 10:35:26.896  2162  3997 I ActivityManager: Killing 10852:com.google.android.apps.magazines/u0a61 (adj 15): empty #17
04-03 10:35:26.914  2162  3946 D ConnectivityService: ConnectivityService NetworkRequestInfo binderDied(NetworkRequest [ id=291, legacyType=-1, [ Capabilities: INTERNET&NOT_RESTRICTED&TRUSTED] ], android.os.BinderProxy@831e83e)
04-03 10:35:26.914  2162  2271 D ConnectivityService: releasing NetworkRequest NetworkRequest [ id=291, legacyType=-1, [ Capabilities: INTERNET&NOT_RESTRICTED&TRUSTED] ]
04-03 10:35:26.915  2162  2271 E ConnectivityService: RemoteException caught trying to send a callback msg for NetworkRequest [ id=291, legacyType=-1, [ Capabilities: INTERNET&NOT_RESTRICTED&TRUSTED] ]
04-03 10:35:26.940 12319 12329 W art     : Suspending all threads took: 7.267ms
04-03 10:35:26.962 12065 12166 W CelloAccountCapability: [SyncManagerImpl] Unknown mime type (application/vnd.google-apps.script) returned in supported import map
04-03 10:35:26.962 12065 12166 W CelloAccountCapability: [SyncManagerImpl] Unknown mime type (application/vnd.google-apps.script) returned in supported import map
04-03 10:35:26.963 12065 12166 W CelloAccountCapability: [SyncManagerImpl] Unknown mime type (application/vnd.google-apps.script+json) returned in supported export map
04-03 10:35:26.978  2162  2162 I ActivityManager: Start proc 12416:com.google.android.apps.youtube.music/u0a105 for service com.google.android.apps.youtube.music/androidx.work.impl.background.systemjob.SystemJobService
04-03 10:35:26.979  2162  2172 D ActivityManager: cleanUpApplicationRecord -- 10852
04-03 10:35:27.049  4449 12400 I JobExecutor: Executing request{id=282, tag=SyncJob, transient=false}, context PlatformJobService
04-03 10:35:27.175  2162  3034 I Telecom : PhoneAccountRegistrar: SimCallManager queried, returning: null
04-03 10:35:27.221 12065 12166 W SyncManagerImpl: [SyncManagerImpl] Sync for AccountId f25b5938 took 2461 ms
04-03 10:35:27.290  2162  2173 I Telecom : PhoneAccountRegistrar: SimCallManager queried, returning: null
04-03 10:35:27.293 12065 12172 E Cello   : [12172:NonCelloThread] item_query_handler.cc:65:CheckQueryAgainstInternalItemLocalProperty Querying on internal item local property key: pinned
04-03 10:35:27.308 12065 12166 W SyncManagerImpl: [SyncManagerImpl] Sync completed for AccountId f25b5938 (com.google.android.apps.docs)
04-03 10:35:27.342  2162  3997 I ActivityManager: Killing 10987:com.google.android.apps.maps/u0a58 (adj 15): empty #17
04-03 10:35:27.348  4449 12432 I JobExecutor: Finished job{id=282, finished=true, result=SUCCESS, canceled=false, periodic=false, class=b, tag=SyncJob}
04-03 10:35:27.348  4449 12400 D PlatformJobService: Finished job, request{id=282, tag=SyncJob, transient=false} SUCCESS
04-03 10:35:27.362  2162  2897 D ConnectivityService: ConnectivityService NetworkRequestInfo binderDied(NetworkRequest [ id=292, legacyType=-1, [ Capabilities: INTERNET&NOT_RESTRICTED&TRUSTED] ], android.os.BinderProxy@50b1a97)
04-03 10:35:27.362  2162  2271 D ConnectivityService: releasing NetworkRequest NetworkRequest [ id=292, legacyType=-1, [ Capabilities: INTERNET&NOT_RESTRICTED&TRUSTED] ]
04-03 10:35:27.363  2162  2271 E ConnectivityService: RemoteException caught trying to send a callback msg for NetworkRequest [ id=292, legacyType=-1, [ Capabilities: INTERNET&NOT_RESTRICTED&TRUSTED] ]
04-03 10:35:27.437  2162  3898 D ActivityManager: cleanUpApplicationRecord -- 10987
04-03 10:35:27.562  2162  2162 I ActivityManager: Start proc 12438:leafly.android/u0a138 for service leafly.android/androidx.work.impl.background.systemjob.SystemJobService
04-03 10:35:27.874 12438 12438 W System  : ClassLoader referenced unknown path: /data/app/leafly.android-2/lib/arm
04-03 10:35:27.911 31723 12310 I GmscoreIpa: Starting mediastore instant index [CONTEXT service_id=255 ]
04-03 10:35:28.259  4449  4678 D JobProxy21: Schedule one-off jobInfo success, request{id=283, tag=SyncJob, transient=false}, start 03:48:00, end 12:00:00 (+17 days) (from now), reschedule count 0
04-03 10:35:28.338 12416 12416 W art     : Verification of void acxc.<clinit>() took 114.841ms
04-03 10:35:28.382  2162  2302 I ActivityManager: Killing 11074:com.showtime.showtimeanytime:vservices/u0a118 (adj 15): empty #17
04-03 10:35:28.397  2162  2173 D ActivityManager: cleanUpApplicationRecord -- 11074
04-03 10:35:28.466 12319 12394 W DynamiteModule: Local module descriptor class for com.google.android.gms.providerinstaller.dynamite not found.
04-03 10:35:28.468 15528 30280 W ProviderHelper: Unknown dynamite feature providerinstaller.dynamite
04-03 10:35:28.473 12319 12394 W ProviderInstaller: Failed to load providerinstaller module: No acceptable module found. Local version is 0 and remote version is 0.
04-03 10:35:28.476 12319 12394 W ResourceType: ResTable_typeSpec entry count inconsistent: given 67, previously 69
04-03 10:35:28.476 12319 12394 W ResourceType: ResTable_typeSpec entry count inconsistent: given 5587, previously 5588
04-03 10:35:28.601 12319 12394 V NativeCrypto: Registering com/google/android/gms/org/conscrypt/NativeCrypto's 287 native methods...
04-03 10:35:28.698 12319 12394 I art     : Rejecting re-init on previously-failed class java.lang.Class<com.google.android.gms.org.conscrypt.Java7ExtendedSSLSession>
04-03 10:35:28.699 12319 12394 I art     : Rejecting re-init on previously-failed class java.lang.Class<com.google.android.gms.org.conscrypt.Java7ExtendedSSLSession>
04-03 10:35:28.699 12319 12394 I art     : Rejecting re-init on previously-failed class java.lang.Class<com.google.android.gms.org.conscrypt.Java8ExtendedSSLSession>
04-03 10:35:28.699 12319 12394 I art     : Rejecting re-init on previously-failed class java.lang.Class<com.google.android.gms.org.conscrypt.Java8ExtendedSSLSession>
04-03 10:35:28.727 12319 12394 I ProviderInstaller: Installed default security provider GmsCore_OpenSSL
04-03 10:35:28.741 12416 12416 W FileProviderCompat: isPatchingNecessary returned true and in == null: false
04-03 10:35:28.745 12416 12475 W ResourceType: ResTable_typeSpec entry count inconsistent: given 67, previously 69
04-03 10:35:28.745 12416 12475 W ResourceType: ResTable_typeSpec entry count inconsistent: given 5587, previously 5588
04-03 10:35:28.759 12416 12475 W System  : ClassLoader referenced unknown path: /data/data/com.google.android.gms/app_chimera/m/00000046/n/armeabi-v7a
04-03 10:35:28.759 12416 12475 W System  : ClassLoader referenced unknown path: /data/data/com.google.android.gms/app_chimera/m/00000046/n/armeabi
04-03 10:35:28.786 12416 12416 W PatchedPackageManager: patching ProviderInfo. Metadata was not null
04-03 10:35:28.786 12416 12416 W PatchedPackageManager: resolveContentProvider flags: 128 ret: ContentProviderInfo{name=com.google.android.apps.youtube.music.fileprovider className=com.google.android.apps.youtube.music.util.MusicFileProviderCompat}
04-03 10:35:28.881 12416 12428 W art     : Suspending all threads took: 16.400ms
04-03 10:35:28.962  2162  3895 W DropBoxManagerService: Dropping: exp_det_cert_pin_failure (10 > 0 bytes)
04-03 10:35:28.963  2162  2175 W BroadcastQueue: Permission Denial: receiving Intent { act=android.intent.action.DROPBOX_ENTRY_ADDED flg=0x10 (has extras) } to ProcessRecord{78234d5 4449:com.pandora.android/u0a103} (pid=4449, uid=10103) requires android.permission.READ_LOGS due to sender android (uid 1000)
04-03 10:35:29.000 12184 12184 V ClearcutMetricXmitter: Transmission is done.
04-03 10:35:29.002 12184 12184 V ClearcutMetricXmitter: Transmission is done.
04-03 10:35:29.020 12416 12491 I FA      : App measurement disabled by setAnalyticsCollectionEnabled(false)
04-03 10:35:29.022 12416 12491 I FA      : App measurement initialized, version: 39035
04-03 10:35:29.022 12416 12491 I FA      : To enable debug logging run: adb shell setprop log.tag.FA VERBOSE
04-03 10:35:29.023 12416 12491 I FA      : To enable faster debug mode event logging run:
04-03 10:35:29.023 12416 12491 I FA      :   adb shell setprop debug.firebase.analytics.app com.google.android.apps.youtube.music
04-03 10:35:29.036 12184 12235 W ProtoDataStoreFlagStore: Unable to retrieve flag snapshot for com.google.android.libraries.performance.primes#com.google.android.apps.gcs from storage.
04-03 10:35:29.036 12184 12235 W ProtoDataStoreFlagStore: java.util.concurrent.ExecutionException: bih: Direct boot only exists on N or greater: current SDK 23
04-03 10:35:29.036 12184 12235 W ProtoDataStoreFlagStore: 	at cgw.s(PG:6)
04-03 10:35:29.036 12184 12235 W ProtoDataStoreFlagStore: 	at cgw.get(PG:13)
04-03 10:35:29.036 12184 12235 W ProtoDataStoreFlagStore: 	at bhh.a(PG:2)
04-03 10:35:29.036 12184 12235 W ProtoDataStoreFlagStore: 	at bgc.a(Unknown Source)
04-03 10:35:29.036 12184 12235 W ProtoDataStoreFlagStore: 	at bge.f(PG:1)
04-03 10:35:29.036 12184 12235 W ProtoDataStoreFlagStore: 	at bft.a(PG:3)
04-03 10:35:29.036 12184 12235 W ProtoDataStoreFlagStore: 	at bgx.d(PG:20)
04-03 10:35:29.036 12184 12235 W ProtoDataStoreFlagStore: 	at bgx.c(PG:2)
04-03 10:35:29.036 12184 12235 W ProtoDataStoreFlagStore: 	at czu.a(PG:1)
04-03 10:35:29.036 12184 12235 W ProtoDataStoreFlagStore: 	at awq.a(PG:20)
04-03 10:35:29.036 12184 12235 W ProtoDataStoreFlagStore: 	at cxu.a(PG:1)
04-03 10:35:29.036 12184 12235 W ProtoDataStoreFlagStore: 	at bda.run(Unknown Source)
04-03 10:35:29.036 12184 12235 W ProtoDataStoreFlagStore: 	at java.util.concurrent.Executors$RunnableAdapter.call(Executors.java:423)
04-03 10:35:29.036 12184 12235 W ProtoDataStoreFlagStore: 	at cja.c(PG:1)
04-03 10:35:29.036 12184 12235 W ProtoDataStoreFlagStore: 	at cil.run(PG:4)
04-03 10:35:29.036 12184 12235 W ProtoDataStoreFlagStore: 	at cjb.run(PG:1)
04-03 10:35:29.036 12184 12235 W ProtoDataStoreFlagStore: 	at java.util.concurrent.Executors$RunnableAdapter.call(Executors.java:423)
04-03 10:35:29.036 12184 12235 W ProtoDataStoreFlagStore: 	at java.util.concurrent.FutureTask.run(FutureTask.java:237)
04-03 10:35:29.036 12184 12235 W ProtoDataStoreFlagStore: 	at java.util.concurrent.ScheduledThreadPoolExecutor$ScheduledFutureTask.run(ScheduledThreadPoolExecutor.java:269)
04-03 10:35:29.036 12184 12235 W ProtoDataStoreFlagStore: 	at java.util.concurrent.ThreadPoolExecutor.runWorker(ThreadPoolExecutor.java:1113)
04-03 10:35:29.036 12184 12235 W ProtoDataStoreFlagStore: 	at java.util.concurrent.ThreadPoolExecutor$Worker.run(ThreadPoolExecutor.java:588)
04-03 10:35:29.036 12184 12235 W ProtoDataStoreFlagStore: 	at awf.run(Unknown Source)
04-03 10:35:29.036 12184 12235 W ProtoDataStoreFlagStore: 	at java.lang.Thread.run(Thread.java:818)
04-03 10:35:29.036 12184 12235 W ProtoDataStoreFlagStore: Caused by: bih: Direct boot only exists on N or greater: current SDK 23
04-03 10:35:29.036 12184 12235 W ProtoDataStoreFlagStore: 	at bia.g(PG:35)
04-03 10:35:29.036 12184 12235 W ProtoDataStoreFlagStore: 	at bia.f(PG:3)
04-03 10:35:29.036 12184 12235 W ProtoDataStoreFlagStore: 	at bia.e(PG:2)
04-03 10:35:29.036 12184 12235 W ProtoDataStoreFlagStore: 	at bhx.a(PG:2)
04-03 10:35:29.036 12184 12235 W ProtoDataStoreFlagStore: 	at bjn.a(Unknown Source)
04-03 10:35:29.036 12184 12235 W ProtoDataStoreFlagStore: 	at bxi.a(PG:2)
04-03 10:35:29.036 12184 12235 W ProtoDataStoreFlagStore: 	at cgy.f(PG:2)
04-03 10:35:29.036 12184 12235 W ProtoDataStoreFlagStore: 	at cha.run(PG:9)
04-03 10:35:29.036 12184 12235 W ProtoDataStoreFlagStore: 	at cit.run(PG:1)
04-03 10:35:29.036 12184 12235 W ProtoDataStoreFlagStore: 	at ciu.run(PG:4)
04-03 10:35:29.036 12184 12235 W ProtoDataStoreFlagStore: 	at java.util.concurrent.Executors$RunnableAdapter.call(Executors.java:423)
04-03 10:35:29.036 12184 12235 W ProtoDataStoreFlagStore: 	at java.util.concurrent.FutureTask.run(FutureTask.java:237)
04-03 10:35:29.036 12184 12235 W ProtoDataStoreFlagStore: 	at java.util.concurrent.ScheduledThreadPoolExecutor$ScheduledFutureTask.run(ScheduledThreadPoolExecutor.java:269)
04-03 10:35:29.036 12184 12235 W ProtoDataStoreFlagStore: 	at java.util.concurrent.ThreadPoolExecutor.runWorker(ThreadPoolExecutor.java:1113)
04-03 10:35:29.036 12184 12235 W ProtoDataStoreFlagStore: 	at java.util.concurrent.ThreadPoolExecutor$Worker.run(ThreadPoolExecutor.java:588)
04-03 10:35:29.036 12184 12235 W ProtoDataStoreFlagStore: 	... 1 more
04-03 10:35:29.037 12184 12235 W ProtoDataStoreFlagStore: Unable to retrieve flag snapshot for com.google.android.libraries.performance.primes#com.google.android.apps.gcs, using defaults.
04-03 10:35:29.094 12319 12398 I art     : Waiting for a blocking GC DisableMovingGc
04-03 10:35:29.097 12319 12398 I art     : Starting a blocking GC DisableMovingGc
04-03 10:35:29.158  2162  3034 W DropBoxManagerService: Dropping: exp_det_cert_pin_failure (10 > 0 bytes)
04-03 10:35:29.159  2162  2175 W BroadcastQueue: Permission Denial: receiving Intent { act=android.intent.action.DROPBOX_ENTRY_ADDED flg=0x10 (has extras) } to ProcessRecord{78234d5 4449:com.pandora.android/u0a103} (pid=4449, uid=10103) requires android.permission.READ_LOGS due to sender android (uid 1000)
04-03 10:35:29.179 12397 12406 I art     : Background sticky concurrent mark sweep GC freed 194106(10MB) AllocSpace objects, 70(1412KB) LOS objects, 29% free, 28MB/40MB, paused 12.101ms total 98.158ms
04-03 10:35:29.195 12319 12398 W System  : ClassLoader referenced unknown path: /data/data/com.google.android.gms/app_chimera/m/00000040/n/armeabi
04-03 10:35:29.243 11784 11860 I art     : Note: end time exceeds epoch: 
04-03 10:35:29.243 11784 11859 I art     : Note: end time exceeds epoch: 
04-03 10:35:29.282 12438 12503 W ResourceType: ResTable_typeSpec entry count inconsistent: given 67, previously 69
04-03 10:35:29.282 12438 12503 W ResourceType: ResTable_typeSpec entry count inconsistent: given 5587, previously 5588
04-03 10:35:29.321 11784 11859 I art     : Note: end time exceeds epoch: 
04-03 10:35:29.322 11784 11860 I art     : Note: end time exceeds epoch: 
04-03 10:35:29.323 11784 11859 I art     : Note: end time exceeds epoch: 
04-03 10:35:29.327 11784 11860 I art     : Note: end time exceeds epoch: 
04-03 10:35:29.361 12319 12398 I cr_CronetLibraryLoader: Cronet version: 85.0.4183.127, arch: armv7l
04-03 10:35:29.442  2162  3898 D ConnectivityService: listenForNetwork for Listen from uid/pid:10045/12319 for NetworkRequest [ id=294, legacyType=-1, [ Capabilities: INTERNET&NOT_RESTRICTED&TRUSTED] ]
04-03 10:35:29.497 12397 12397 D NetworkLog: Received package broadcast: android.intent.action.PACKAGE_CHANGED
04-03 10:35:29.497 12397 12397 D NetworkLog: Package changed: com.google.android.apps.docs 10040
04-03 10:35:29.507  2162  2302 W ActivityManager: Permission Denial: Accessing service ComponentInfo{com.google.android.music/com.google.android.music.dial.DialMediaRouteProviderService} from pid=31723, uid=10010 that is not exported from uid 10060
04-03 10:35:29.561  2162  2162 W ResourceType: ResTable_typeSpec entry count inconsistent: given 67, previously 69
04-03 10:35:29.561  2162  2162 W ResourceType: ResTable_typeSpec entry count inconsistent: given 5587, previously 5588
04-03 10:35:29.567  2990  2990 W RegisteredComponentCache: Unable to load component info ResolveInfo{dac5004 com.jefftharris.passwdsafe/.FileListActivity m=0x108000}
04-03 10:35:29.567  2990  2990 W RegisteredComponentCache: org.xmlpull.v1.XmlPullParserException: No android.nfc.action.TECH_DISCOVERED meta-data
04-03 10:35:29.567  2990  2990 W RegisteredComponentCache: 	at com.android.nfc.RegisteredComponentCache.parseComponentInfo(RegisteredComponentCache.java:186)
04-03 10:35:29.567  2990  2990 W RegisteredComponentCache: 	at com.android.nfc.RegisteredComponentCache.generateComponentsList(RegisteredComponentCache.java:161)
04-03 10:35:29.567  2990  2990 W RegisteredComponentCache: 	at com.android.nfc.RegisteredComponentCache$1.onReceive(RegisteredComponentCache.java:66)
04-03 10:35:29.567  2990  2990 W RegisteredComponentCache: 	at android.app.LoadedApk$ReceiverDispatcher$Args.run(LoadedApk.java:881)
04-03 10:35:29.567  2990  2990 W RegisteredComponentCache: 	at android.os.Handler.handleCallback(Handler.java:739)
04-03 10:35:29.567  2990  2990 W RegisteredComponentCache: 	at android.os.Handler.dispatchMessage(Handler.java:95)
04-03 10:35:29.567  2990  2990 W RegisteredComponentCache: 	at android.os.Looper.loop(Looper.java:148)
04-03 10:35:29.567  2990  2990 W RegisteredComponentCache: 	at android.app.ActivityThread.main(ActivityThread.java:5417)
04-03 10:35:29.567  2990  2990 W RegisteredComponentCache: 	at java.lang.reflect.Method.invoke(Native Method)
04-03 10:35:29.567  2990  2990 W RegisteredComponentCache: 	at com.android.internal.os.ZygoteInit$MethodAndArgsCaller.run(ZygoteInit.java:726)
04-03 10:35:29.567  2990  2990 W RegisteredComponentCache: 	at com.android.internal.os.ZygoteInit.main(ZygoteInit.java:616)
04-03 10:35:29.582 11784 11859 E gnf     : Babel_GetUserConfig: Account not found.
04-03 10:35:29.582 11784 11859 E gnf     : Babel_GetUserConfig: 
04-03 10:35:29.646 15528 12522 I Fitness : OnPackageChangedOperation got intent: Intent { act=android.intent.action.PACKAGE_CHANGED dat=package:com.google.android.apps.docs flg=0x4000010 pkg=com.google.android.gms cmp=com.google.android.gms/.chimera.PersistentIntentOperationService (has extras) } [CONTEXT service_id=17 ]
04-03 10:35:29.654 12438 12503 V FA      : Deferring to Google Analytics for Firebase for event data collection. https://goo.gl/J1sWQy
04-03 10:35:29.675 15528 12527 I Fitness : FitCleanupIntentOperation received Intent android.intent.action.PACKAGE_CHANGED [CONTEXT service_id=17 ]
04-03 10:35:29.696  2162  2162 W ResourceType: ResTable_typeSpec entry count inconsistent: given 84, previously 88
04-03 10:35:29.696  2162  2162 W ResourceType: ResTable_typeSpec entry count inconsistent: given 1180, previously 2611
04-03 10:35:29.697  2162  2162 W ResourceType: ResTable_typeSpec entry count inconsistent: given 2617, previously 2611
04-03 10:35:29.697  2162  2162 W ResourceType: ResTable_typeSpec entry count inconsistent: given 1698, previously 4792
04-03 10:35:29.697  2162  2162 W ResourceType: ResTable_typeSpec entry count inconsistent: given 390, previously 2196
04-03 10:35:29.698  2162  2162 W ResourceType: For resource 0x7f130d40, entry index(3392) is beyond type entryCount(1698)
04-03 10:35:29.702  2162  2174 W ResourceType: ResTable_typeSpec entry count inconsistent: given 2671, previously 2674
04-03 10:35:29.703  2162  2174 W ResourceType: ResTable_typeSpec entry count inconsistent: given 2785, previously 2788
04-03 10:35:29.703  2162  2174 W ResourceType: ResTable_typeSpec entry count inconsistent: given 308, previously 1801
04-03 10:35:29.734  2162  2162 W ResourceType: For resource 0x7f08055d, entry index(1373) is beyond type entryCount(1180)
04-03 10:35:29.749 10154 10154 I Finsky  : [1] accd.h(1): PackageMonitorReceiverImpl - Received: android.intent.action.PACKAGE_CHANGED, [iTxshryCuPY6C916aZXDo6LvUp6R4TecqNpsnC6TT4M]
04-03 10:35:29.750 10154 10154 I Finsky  : [1] acde.g(-1): Invalidating cached PackageState for com.google.android.apps.docs
04-03 10:35:29.772  2162  2162 W ResourceType: For resource 0x7f0804e9, entry index(1257) is beyond type entryCount(1180)
04-03 10:35:29.794  2162  2162 W ResourceType: For resource 0x7f1306f3, entry index(1779) is beyond type entryCount(1698)
04-03 10:35:29.795  2162  2162 W ResourceType: For resource 0x7f08055d, entry index(1373) is beyond type entryCount(1180)
04-03 10:35:29.795  2162  2162 W ResourceType: For resource 0x7f0804e9, entry index(1257) is beyond type entryCount(1180)
04-03 10:35:29.795  2162  2162 W ResourceType: For resource 0x7f13092a, entry index(2346) is beyond type entryCount(1698)
04-03 10:35:29.795  2162  2162 W ResourceType: For resource 0x7f08055d, entry index(1373) is beyond type entryCount(1180)
04-03 10:35:29.795  2162  2162 W ResourceType: For resource 0x7f0804e9, entry index(1257) is beyond type entryCount(1180)
04-03 10:35:29.861 31723 31797 I Icing   : IndexChimeraService.getServiceInterface callingPackage=com.google.android.gms componentName=AppsCorpus serviceId=36
04-03 10:35:29.867 12438 12503 I DynamiteModule: Considering local module com.google.android.gms.ads.dynamite:0 and remote module com.google.android.gms.ads.dynamite:210402101
04-03 10:35:29.868 12438 12503 I DynamiteModule: Selected remote version of com.google.android.gms.ads.dynamite, version >= 210402101
04-03 10:35:29.882 31723  7410 I GmsCoreXrpcWrapper: Returning a channel provider with trafficStatsTag=12803
04-03 10:35:29.887 15528 15547 I Auth    : [ReflectiveChannelBinder] Successfully bound channel!
04-03 10:35:29.909 12438 12503 V DynamiteModule: Dynamite loader version >= 2, using loadModule2NoCrashUtils
04-03 10:35:29.909 12438 12533 I DynamiteModule: Considering local module com.google.android.gms.measurement.dynamite:15 and remote module com.google.android.gms.measurement.dynamite:0
04-03 10:35:29.909 12438 12533 I DynamiteModule: Selected local version of com.google.android.gms.measurement.dynamite
04-03 10:35:29.915 15528 30278 W Conscrypt: Could not set socket write timeout: java.net.SocketException: Socket closed
04-03 10:35:29.915 15528 15547 W Conscrypt: Could not set socket write timeout: java.net.SocketException: Socket closed
04-03 10:35:29.915 15528 15547 E art     : invalid stream - problem with parameter iterator in /data/app/com.google.android.gms-1/base.apk:classes3.dex for method void com.google.android.gms.org.conscrypt.ConscryptFileDescriptorSocket.setSoWriteTimeout(int)
04-03 10:35:29.915 15528 30278 E art     : invalid stream - problem with parameter iterator in /data/app/com.google.android.gms-1/base.apk:classes3.dex for method void com.google.android.gms.org.conscrypt.ConscryptFileDescriptorSocket.setSoWriteTimeout(int)
04-03 10:35:29.928 10154 12532 I Finsky  : [4221] qqq.run(-1): Wrote row to frosting DB: 814
04-03 10:35:29.945 12397 12537 D NetworkLog: [appFragment] performing filtering
04-03 10:35:29.945 12397 12537 D NetworkLog: [AppFragment] filter returning 1 results
04-03 10:35:29.945 12397 12397 D NetworkLog: [AppFragment] Publishing filter results
04-03 10:35:29.945 12397 12397 D NetworkLog: [AppFragment] Published
04-03 10:35:30.001  4351  4351 D       : onReceive
04-03 10:35:30.001  4351  4351 D       : UpdateViews
04-03 10:35:30.002  4351  4351 W       : Widgets list is empty
04-03 10:35:30.003  4351  4351 D       : onReceive
04-03 10:35:30.003  4351  4351 D       : UpdateViews
04-03 10:35:30.005  4351  4351 W       : Widgets list is empty
04-03 10:35:30.014 10154 12532 I Finsky  : [4221] qqq.run(-1): Wrote row to frosting DB: 815
04-03 10:35:30.017  2162  2174 W ResourceType: ResTable_typeSpec entry count inconsistent: given 49, previously 64
04-03 10:35:30.108 12438 12503 W System  : ClassLoader referenced unknown path: /data/data/com.google.android.gms/app_chimera/m/0000003d/n/armeabi-v7a
04-03 10:35:30.108 12438 12503 W System  : ClassLoader referenced unknown path: /data/data/com.google.android.gms/app_chimera/m/0000003d/n/armeabi
04-03 10:35:30.124  2162  2162 W ResourceType: ResTable_typeSpec entry count inconsistent: given 12, previously 14
04-03 10:35:30.134  2162  2162 W ResourceType: ResTable_typeSpec entry count inconsistent: given 770, previously 778
04-03 10:35:30.134  2162  2162 W ResourceType: ResTable_typeSpec entry count inconsistent: given 489, previously 1668
04-03 10:35:30.134  2162  2162 W ResourceType: ResTable_typeSpec entry count inconsistent: given 250, previously 1392
04-03 10:35:30.179 15528 15547 W Conscrypt: 	at com.google.android.gms.org.conscrypt.Platform.setSocketWriteTimeout(:com.google.android.gms@210915018@21.09.15 (040308-361652764):2)
04-03 10:35:30.179 15528 15547 W Conscrypt: 	at com.google.android.gms.org.conscrypt.ConscryptFileDescriptorSocket.setSoWriteTimeout(:com.google.android.gms@210915018@21.09.15 (040308-361652764))
04-03 10:35:30.180 15528 30278 W Conscrypt: 	at com.google.android.gms.org.conscrypt.Platform.setSocketWriteTimeout(:com.google.android.gms@210915018@21.09.15 (040308-361652764):2)
04-03 10:35:30.180 15528 30278 W Conscrypt: 	at com.google.android.gms.org.conscrypt.ConscryptFileDescriptorSocket.setSoWriteTimeout(:com.google.android.gms@210915018@21.09.15 (040308-361652764))
04-03 10:35:30.215  2162  3910 W DropBoxManagerService: Dropping: exp_det_cert_pin_failure (10 > 0 bytes)
04-03 10:35:30.230 15528 15547 W Conscrypt: Could not set socket write timeout: java.net.SocketException: Socket closed
04-03 10:35:30.230 15528 15547 E art     : invalid stream - problem with parameter iterator in /data/app/com.google.android.gms-1/base.apk:classes3.dex for method void com.google.android.gms.org.conscrypt.ConscryptFileDescriptorSocket.setSoWriteTimeout(int)
04-03 10:35:30.231 15528 15547 W Conscrypt: 	at com.google.android.gms.org.conscrypt.Platform.setSocketWriteTimeout(:com.google.android.gms@210915018@21.09.15 (040308-361652764):2)
04-03 10:35:30.231 15528 15547 W Conscrypt: 	at com.google.android.gms.org.conscrypt.ConscryptFileDescriptorSocket.setSoWriteTimeout(:com.google.android.gms@210915018@21.09.15 (040308-361652764))
04-03 10:35:30.245 15528 30278 W Conscrypt: Could not set socket write timeout: java.net.SocketException: Socket closed
04-03 10:35:30.245 15528 30278 E art     : invalid stream - problem with parameter iterator in /data/app/com.google.android.gms-1/base.apk:classes3.dex for method void com.google.android.gms.org.conscrypt.ConscryptFileDescriptorSocket.setSoWriteTimeout(int)
04-03 10:35:30.246 15528 30278 W Conscrypt: 	at com.google.android.gms.org.conscrypt.Platform.setSocketWriteTimeout(:com.google.android.gms@210915018@21.09.15 (040308-361652764):2)
04-03 10:35:30.246 15528 30278 W Conscrypt: 	at com.google.android.gms.org.conscrypt.ConscryptFileDescriptorSocket.setSoWriteTimeout(:com.google.android.gms@210915018@21.09.15 (040308-361652764))
04-03 10:35:30.266  2162  2162 W ResourceType: ResTable_typeSpec entry count inconsistent: given 88, previously 134
04-03 10:35:30.266  2162  2162 W ResourceType: ResTable_typeSpec entry count inconsistent: given 4, previously 9
04-03 10:35:30.266  2162  2162 W ResourceType: ResTable_typeSpec entry count inconsistent: given 3210, previously 3291
04-03 10:35:30.267  2162  2162 W ResourceType: ResTable_typeSpec entry count inconsistent: given 101, previously 935
04-03 10:35:30.267  2162  2162 W ResourceType: ResTable_typeSpec entry count inconsistent: given 1511, previously 1509
04-03 10:35:30.267  2162  2162 W ResourceType: ResTable_typeSpec entry count inconsistent: given 181, previously 996
04-03 10:35:30.324 12416 12499 W DynamiteModule: Local module descriptor class for com.google.android.gms.providerinstaller.dynamite not found.
04-03 10:35:30.325 15528 15538 W ProviderHelper: Unknown dynamite feature providerinstaller.dynamite
04-03 10:35:30.408  2162  2255 I InputReader: Reconfiguring input devices.  changes=0x00000010
04-03 10:35:30.435 12416 12499 W ProviderInstaller: Failed to load providerinstaller module: No acceptable module found. Local version is 0 and remote version is 0.
04-03 10:35:30.450  2162  2897 D ConnectivityService: listenForNetwork for Listen from uid/pid:10105/12416 for NetworkRequest [ id=295, legacyType=-1, [ Capabilities: INTERNET&NOT_RESTRICTED&TRUSTED] ]
04-03 10:35:30.482  2162  2162 W ResourceType: ResTable_typeSpec entry count inconsistent: given 1020, previously 1045
04-03 10:35:30.483  2162  2162 W ResourceType: ResTable_typeSpec entry count inconsistent: given 272, previously 1775
04-03 10:35:30.510 31723  7410 I Icing   : Usage reports ok 2, Failed Usage reports 0, indexed 0, rejected 0
04-03 10:35:30.525 31723  7410 I Icing   : Indexing com.google.android.gms-internal.3p:MobileApplication from com.google.android.gms using seqno 249
04-03 10:35:30.644 12438 12543 I FA      : App measurement initialized, version: 31000
04-03 10:35:30.645 12438 12543 I FA      : To enable debug logging run: adb shell setprop log.tag.FA VERBOSE
04-03 10:35:30.645 12438 12543 I FA      : To enable faster debug mode event logging run:
04-03 10:35:30.645 12438 12543 I FA      :   adb shell setprop debug.firebase.analytics.app leafly.android
04-03 10:35:30.699 12416 12499 V NativeCrypto: Registering com/google/android/gms/org/conscrypt/NativeCrypto's 287 native methods...
04-03 10:35:30.702 12013 12551 I FirebaseCrash: Sending crashes
04-03 10:35:30.739  2162  2890 W DropBoxManagerService: Dropping: exp_det_cert_pin_failure (10 > 0 bytes)
04-03 10:35:30.749 11784 11860 I art     : Note: end time exceeds epoch: 
04-03 10:35:30.750 11784 11860 I art     : Note: end time exceeds epoch: 
04-03 10:35:30.779 12416 12499 I art     : Rejecting re-init on previously-failed class java.lang.Class<com.google.android.gms.org.conscrypt.Java7ExtendedSSLSession>
04-03 10:35:30.779 12416 12499 I art     : Rejecting re-init on previously-failed class java.lang.Class<com.google.android.gms.org.conscrypt.Java7ExtendedSSLSession>
04-03 10:35:30.779 12416 12499 I art     : Rejecting re-init on previously-failed class java.lang.Class<com.google.android.gms.org.conscrypt.Java8ExtendedSSLSession>
04-03 10:35:30.780 12416 12499 I art     : Rejecting re-init on previously-failed class java.lang.Class<com.google.android.gms.org.conscrypt.Java8ExtendedSSLSession>
04-03 10:35:30.805 12438 12543 W FA      : Failed to retrieve Firebase Instance Id
04-03 10:35:30.805 12416 12499 I ProviderInstaller: Installed default security provider GmsCore_OpenSSL
04-03 10:35:30.863 11784 11860 I art     : Note: end time exceeds epoch: 
04-03 10:35:30.865 11784 11860 I art     : Note: end time exceeds epoch: 
04-03 10:35:30.866 11784 11860 I art     : Note: end time exceeds epoch: 
04-03 10:35:30.870 12416 12542 E GEL_DELAYED_EVENT_DEBUG: Failed delayed event dispatch, no dispatchers.
04-03 10:35:30.887 31723  7410 I Icing   : Indexing com.google.android.gms-apps from com.google.android.gms
04-03 10:35:30.902 31723  7410 I Icing   : Indexing done com.google.android.gms-apps
04-03 10:35:30.944 12397 12537 D NetworkLog: [appFragment] performing filtering
04-03 10:35:30.944 12397 12537 D NetworkLog: [AppFragment] filter returning 1 results
04-03 10:35:30.944 12397 12397 D NetworkLog: [AppFragment] Publishing filter results
04-03 10:35:30.944 12397 12397 D NetworkLog: [AppFragment] Published
04-03 10:35:30.985 12319 12509 I cr_CronetUrlRequestContext: destroyNativeStreamLocked org.chromium.net.impl.CronetBidirectionalStream@b40ecae
04-03 10:35:30.987 12319 12509 I cr_CronetUrlRequestContext: destroyNativeStreamLocked org.chromium.net.impl.CronetBidirectionalStream@1f9d5dc
04-03 10:35:31.021 12438 12543 W FA      : Failed to retrieve Firebase Instance Id
04-03 10:35:31.209  2162  2174 W ResourceType: ResTable_typeSpec entry count inconsistent: given 13, previously 15
04-03 10:35:31.209  2162  2162 W ResourceType: ResTable_typeSpec entry count inconsistent: given 13, previously 15
04-03 10:35:31.256  2162  2162 W ResourceType: For resource 0x7f1310be, entry index(4286) is beyond type entryCount(1698)
04-03 10:35:31.259  2162  2162 W ResourceType: For resource 0x7f1310bf, entry index(4287) is beyond type entryCount(1698)
04-03 10:35:31.370  2162  2175 W BroadcastQueue: Permission Denial: receiving Intent { act=android.intent.action.DROPBOX_ENTRY_ADDED flg=0x10 (has extras) } to ProcessRecord{78234d5 4449:com.pandora.android/u0a103} (pid=4449, uid=10103) requires android.permission.READ_LOGS due to sender android (uid 1000)
04-03 10:35:31.370  2162  2175 W BroadcastQueue: Permission Denial: receiving Intent { act=android.intent.action.DROPBOX_ENTRY_ADDED flg=0x10 (has extras) } to ProcessRecord{78234d5 4449:com.pandora.android/u0a103} (pid=4449, uid=10103) requires android.permission.READ_LOGS due to sender android (uid 1000)
04-03 10:35:31.442 12416 12580 E AwarenessClientProvider: Account associated with identity was null
04-03 10:35:31.463 12416 12519 E AwarenessRouterSyncMgr: Exception while syncing fences
04-03 10:35:31.463 12416 12519 E AwarenessRouterSyncMgr: java.util.concurrent.ExecutionException: java.lang.IllegalStateException: Account associated with identity was null
04-03 10:35:31.463 12416 12519 E AwarenessRouterSyncMgr: 	at acgk.s(PG:6)
04-03 10:35:31.463 12416 12519 E AwarenessRouterSyncMgr: 	at acgk.get(PG:4)
04-03 10:35:31.463 12416 12519 E AwarenessRouterSyncMgr: 	at ackg.a(PG:1)
04-03 10:35:31.463 12416 12519 E AwarenessRouterSyncMgr: 	at acit.p(PG:2)
04-03 10:35:31.463 12416 12519 E AwarenessRouterSyncMgr: 	at gse.run(Unknown Source)
04-03 10:35:31.463 12416 12519 E AwarenessRouterSyncMgr: 	at java.util.concurrent.Executors$RunnableAdapter.call(Executors.java:423)
04-03 10:35:31.463 12416 12519 E AwarenessRouterSyncMgr: 	at java.util.concurrent.FutureTask.run(FutureTask.java:237)
04-03 10:35:31.463 12416 12519 E AwarenessRouterSyncMgr: 	at java.util.concurrent.ScheduledThreadPoolExecutor$ScheduledFutureTask.run(ScheduledThreadPoolExecutor.java:269)
04-03 10:35:31.463 12416 12519 E AwarenessRouterSyncMgr: 	at java.util.concurrent.ThreadPoolExecutor.runWorker(ThreadPoolExecutor.java:1113)
04-03 10:35:31.463 12416 12519 E AwarenessRouterSyncMgr: 	at java.util.concurrent.ThreadPoolExecutor$Worker.run(ThreadPoolExecutor.java:588)
04-03 10:35:31.463 12416 12519 E AwarenessRouterSyncMgr: 	at rbq.run(PG:12)
04-03 10:35:31.463 12416 12519 E AwarenessRouterSyncMgr: 	at java.lang.Thread.run(Thread.java:818)
04-03 10:35:31.463 12416 12519 E AwarenessRouterSyncMgr: Caused by: java.lang.IllegalStateException: Account associated with identity was null
04-03 10:35:31.463 12416 12519 E AwarenessRouterSyncMgr: 	at grj.a(Unknown Source)
04-03 10:35:31.463 12416 12519 E AwarenessRouterSyncMgr: 	at acgm.g(PG:2)
04-03 10:35:31.463 12416 12519 E AwarenessRouterSyncMgr: 	at acgo.run(PG:9)
04-03 10:35:31.463 12416 12519 E AwarenessRouterSyncMgr: 	... 7 more
04-03 10:35:31.571 11784 11850 W System  : ClassLoader referenced unknown path: /data/data/com.google.android.gms/app_chimera/m/00000044/n/armeabi-v7a
04-03 10:35:31.571 11784 11850 W System  : ClassLoader referenced unknown path: /data/data/com.google.android.gms/app_chimera/m/00000044/n/armeabi
04-03 10:35:31.670 12438 12438 I FirebaseCrashlytics: Initializing Crashlytics 17.1.1
04-03 10:35:31.752 12416 12501 I DynamiteModule: Considering local module com.google.android.gms.ads.dynamite:0 and remote module com.google.android.gms.ads.dynamite:210402101
04-03 10:35:31.761 12416 12501 I DynamiteModule: Selected remote version of com.google.android.gms.ads.dynamite, version >= 210402101
04-03 10:35:31.839 12416 12511 W GoogleTagManager: Failed to extract the container from the resource file. Resource is a UTF-8 encoded string but doesn't contain a JSON container
04-03 10:35:31.911 12416 12416 W YT.MDX.tlo: CastAppId for type 0 not found. Defaulting to mainCastAppId.
04-03 10:35:31.945 12397 12537 D NetworkLog: [appFragment] performing filtering
04-03 10:35:31.945 12397 12537 D NetworkLog: [AppFragment] filter returning 1 results
04-03 10:35:31.945 12397 12397 D NetworkLog: [AppFragment] Publishing filter results
04-03 10:35:31.945 12397 12397 D NetworkLog: [AppFragment] Published
04-03 10:35:31.988  2162  2890 W DropBoxManagerService: Dropping: exp_det_cert_pin_failure (10 > 0 bytes)
04-03 10:35:31.989  2162  2175 W BroadcastQueue: Permission Denial: receiving Intent { act=android.intent.action.DROPBOX_ENTRY_ADDED flg=0x10 (has extras) } to ProcessRecord{78234d5 4449:com.pandora.android/u0a103} (pid=4449, uid=10103) requires android.permission.READ_LOGS due to sender android (uid 1000)
04-03 10:35:32.048 12416 12428 W art     : Suspending all threads took: 28.472ms
04-03 10:35:32.051 11784 12650 I art     : Note: end time exceeds epoch: 
04-03 10:35:32.055 11784 12650 I art     : Note: end time exceeds epoch: 
04-03 10:35:32.215 11784 12650 I art     : Note: end time exceeds epoch: 
04-03 10:35:32.218 11784 12650 I art     : Note: end time exceeds epoch: 
04-03 10:35:32.223 11784 12650 I art     : Note: end time exceeds epoch: 
04-03 10:35:32.233 12416 12501 W System  : ClassLoader referenced unknown path: /data/data/com.google.android.gms/app_chimera/m/0000003d/n/armeabi-v7a
04-03 10:35:32.233 12416 12501 W System  : ClassLoader referenced unknown path: /data/data/com.google.android.gms/app_chimera/m/0000003d/n/armeabi
04-03 10:35:32.236 11784 11795 W art     : Suspending all threads took: 11.215ms
04-03 10:35:32.255 12416 12501 D DynamitePackage: Instantiated singleton DynamitePackage.
04-03 10:35:32.255 12416 12501 D DynamitePackage: Instantiating com.google.android.gms.ads.adshield.ChimeraAdShieldCreatorImpl
04-03 10:35:32.538 12416 12511 E GoogleTagManager: Invalid macro: _gtm.loadEventEnabled
04-03 10:35:32.694 15528 30276 I FontLog : Received query Noto Color Emoji Compat, URI content://com.google.android.gms.fonts [CONTEXT service_id=132 ]
04-03 10:35:32.694 15528 30276 I FontLog : Query [Noto Color Emoji Compat] resolved to {Noto Color Emoji Compat, wdth 100.0, wght 400, ital 0.0, bestEffort false} [CONTEXT service_id=132 ]
04-03 10:35:32.749 15528 30276 I FontLog : Fetch {Noto Color Emoji Compat, wdth 100.0, wght 400, ital 0.0, bestEffort false} end status Status{statusCode=SUCCESS, resolution=null} [CONTEXT service_id=132 ]
04-03 10:35:32.913 12438 12681 I DynamiteModule: Considering local module com.google.android.gms.ads.dynamite:0 and remote module com.google.android.gms.ads.dynamite:210402101
04-03 10:35:32.913 12438 12681 I DynamiteModule: Selected remote version of com.google.android.gms.ads.dynamite, version >= 210402101
04-03 10:35:32.939 12438 12681 D DynamitePackage: Instantiated singleton DynamitePackage.
04-03 10:35:32.939 12438 12681 D DynamitePackage: Instantiating com.google.android.gms.ads.ChimeraMobileAdsSettingManagerCreatorImpl
04-03 10:35:32.977 15528 30275 I FontLog : Pulling font file for id = 30, cache size = 5 [CONTEXT service_id=132 ]
04-03 10:35:32.979 12416 12679 E GoogleTagManager: Invalid macro: _gtm.loadEventEnabled
04-03 10:35:33.117 12438 12681 I Ads     : Updating ad debug logging enablement.
04-03 10:35:33.147 12283 12672 W ProtoDataStoreFlagStore: Unable to retrieve flag snapshot for com.google.android.libraries.performance.primes#com.google.android.apps.walletnfcrel from storage.
04-03 10:35:33.147 12283 12672 W ProtoDataStoreFlagStore: java.util.concurrent.ExecutionException: com.google.android.libraries.storage.file.common.MalformedUriException: Direct boot only exists on N or greater: current SDK 23
04-03 10:35:33.147 12283 12672 W ProtoDataStoreFlagStore: 	at com.google.common.util.concurrent.AbstractFuture.getDoneValue$ar$ds$82b19c59_1(AbstractFuture.java:6)
04-03 10:35:33.147 12283 12672 W ProtoDataStoreFlagStore: 	at com.google.common.util.concurrent.AbstractFuture.get(AbstractFuture.java:13)
04-03 10:35:33.147 12283 12672 W ProtoDataStoreFlagStore: 	at com.google.android.libraries.phenotype.client.stable.ProtoDataStoreFlagStore.readFlags(ProtoDataStoreFlagStore.java:2)
04-03 10:35:33.147 12283 12672 W ProtoDataStoreFlagStore: 	at com.google.android.libraries.phenotype.client.stable.FlagStore$$Lambda$0.get(Unknown Source)
04-03 10:35:33.147 12283 12672 W ProtoDataStoreFlagStore: 	at com.google.android.libraries.phenotype.client.stable.FlagStore.getFlag(FlagStore.java:1)
04-03 10:35:33.147 12283 12672 W ProtoDataStoreFlagStore: 	at com.google.android.libraries.phenotype.client.stable.CombinedFlagSource.getFromProtoDataStore$ar$ds(CombinedFlagSource.java:3)
04-03 10:35:33.147 12283 12672 W ProtoDataStoreFlagStore: 	at com.google.android.libraries.phenotype.client.stable.ProcessStablePhenotypeFlag.getWithPhenotypeContext$ar$ds(ProcessStablePhenotypeFlag.java:20)
04-03 10:35:33.147 12283 12672 W ProtoDataStoreFlagStore: 	at com.google.android.libraries.phenotype.client.stable.ProcessStablePhenotypeFlag.get(ProcessStablePhenotypeFlag.java:3)
04-03 10:35:33.147 12283 12672 W ProtoDataStoreFlagStore: 	at googledata.experiments.mobile.primes_android.features.MemoryFeatureFlagsImpl.memorySamplingParameters(MemoryFeatureFlagsImpl.java:1)
04-03 10:35:33.147 12283 12672 W ProtoDataStoreFlagStore: 	at com.google.android.libraries.performance.primes.flags.impl.PhenotypeFlagsModule_MemorySamplingParametersFactory.get(PhenotypeFlagsModule_MemorySamplingParametersFactory.java:3)
04-03 10:35:33.147 12283 12672 W ProtoDataStoreFlagStore: 	at dagger.internal.DoubleCheck.get(DoubleCheck.java:1)
04-03 10:35:33.147 12283 12672 W ProtoDataStoreFlagStore: 	at com.google.android.libraries.performance.primes.sampling.Sampler$$Lambda$2.run(Unknown Source)
04-03 10:35:33.147 12283 12672 W ProtoDataStoreFlagStore: 	at java.util.concurrent.Executors$RunnableAdapter.call(Executors.java:423)
04-03 10:35:33.147 12283 12672 W ProtoDataStoreFlagStore: 	at com.google.common.util.concurrent.TrustedListenableFutureTask$TrustedFutureInterruptibleTask.runInterruptibly(TrustedListenableFutureTask.java:1)
04-03 10:35:33.147 12283 12672 W ProtoDataStoreFlagStore: 	at com.google.common.util.concurrent.InterruptibleTask.run(InterruptibleTask.java:4)
04-03 10:35:33.147 12283 12672 W ProtoDataStoreFlagStore: 	at com.google.common.util.concurrent.TrustedListenableFutureTask.run(TrustedListenableFutureTask.java:1)
04-03 10:35:33.147 12283 12672 W ProtoDataStoreFlagStore: 	at java.util.concurrent.Executors$RunnableAdapter.call(Executors.java:423)
04-03 10:35:33.147 12283 12672 W ProtoDataStoreFlagStore: 	at java.util.concurrent.FutureTask.run(FutureTask.java:237)
04-03 10:35:33.147 12283 12672 W ProtoDataStoreFlagStore: 	at java.util.concurrent.ScheduledThreadPoolExecutor$ScheduledFutureTask.run(ScheduledThreadPoolExecutor.java:269)
04-03 10:35:33.147 12283 12672 W ProtoDataStoreFlagStore: 	at java.util.concurrent.ThreadPoolExecutor.runWorker(ThreadPoolExecutor.java:1113)
04-03 10:35:33.147 12283 12672 W ProtoDataStoreFlagStore: 	at java.util.concurrent.ThreadPoolExecutor$Worker.run(ThreadPoolExecutor.java:588)
04-03 10:35:33.147 12283 12672 W ProtoDataStoreFlagStore: 	at com.google.android.libraries.performance.primes.PrimesExecutorsModule$PrimesThreadFactory$$Lambda$0.run(Unknown Source)
04-03 10:35:33.147 12283 12672 W ProtoDataStoreFlagStore: 	at java.lang.Thread.run(Thread.java:818)
04-03 10:35:33.147 12283 12672 W ProtoDataStoreFlagStore: Caused by: com.google.android.libraries.storage.file.common.MalformedUriException: Direct boot only exists on N or greater: current SDK 23
04-03 10:35:33.147 12283 12672 W ProtoDataStoreFlagStore: 	at com.google.android.libraries.storage.file.backends.AndroidFileBackend.toFile(AndroidFileBackend.java:35)
04-03 10:35:33.147 12283 12672 W ProtoDataStoreFlagStore: 	at com.google.android.libraries.storage.file.backends.AndroidFileBackend.rewriteUri(AndroidFileBackend.java:3)
04-03 10:35:33.147 12283 12672 W ProtoDataStoreFlagStore: 	at com.google.android.libraries.storage.file.backends.AndroidFileBackend.exists(AndroidFileBackend.java:2)
04-03 10:35:33.147 12283 12672 W ProtoDataStoreFlagStore: 	at com.google.android.libraries.storage.file.SynchronousFileStorage.exists(SynchronousFileStorage.java:2)
04-03 10:35:33.147 12283 12672 W ProtoDataStoreFlagStore: 	at com.google.android.libraries.storage.protostore.SingleProcProtoDataStore$$Lambda$8.apply(Unknown Source)
04-03 10:35:33.147 12283 12672 W ProtoDataStoreFlagStore: 	at com.google.apps.tiktok.tracing.TracePropagation$7.apply(TracePropagation.java:2)
04-03 10:35:33.147 12283 12672 W ProtoDataStoreFlagStore: 	at com.google.common.util.concurrent.AbstractTransformFuture$AsyncTransformFuture.doTransform(AbstractTransformFuture.java:2)
04-03 10:35:33.147 12283 12672 W ProtoDataStoreFlagStore: 	at com.google.common.util.concurrent.AbstractTransformFuture.run(AbstractTransformFuture.java:9)
04-03 10:35:33.147 12283 12672 W ProtoDataStoreFlagStore: 	at com.google.common.util.concurrent.SequentialExecutor$1.run(SequentialExecutor.java:1)
04-03 10:35:33.147 12283 12672 W ProtoDataStoreFlagStore: 	at com.google.common.util.concurrent.SequentialExecutor$QueueWorker.run(SequentialExecutor.java:4)
04-03 10:35:33.147 12283 12672 W ProtoDataStoreFlagStore: 	at java.util.concurrent.Executors$RunnableAdapter.call(Executors.java:423)
04-03 10:35:33.147 12283 12672 W ProtoDataStoreFlagStore: 	at java.util.concurrent.FutureTask.run(FutureTask.java:237)
04-03 10:35:33.147 12283 12672 W ProtoDataStoreFlagStore: 	at java.util.concurrent.ScheduledThreadPoo
04-03 10:35:33.149 12283 12672 W ProtoDataStoreFlagStore: Unable to retrieve flag snapshot for com.google.android.libraries.performance.primes#com.google.android.apps.walletnfcrel, using defaults.
04-03 10:35:33.423 12283 12283 V ClearcutMetricXmitter: Transmission is done.
04-03 10:35:33.485 12416 12499 E GoogleTagManager: Unsupported Value Escaping: 3
04-03 10:35:33.507 12416 12520 W art     : Verification of android.graphics.Point jnx.U(android.content.Context) took 123.355ms
04-03 10:35:33.545 12416 12687 E GoogleTagManager: Invalid macro: _gtm.loadEventEnabled
04-03 10:35:33.548  2162  2172 W DropBoxManagerService: Dropping: exp_det_cert_pin_failure (10 > 0 bytes)
04-03 10:35:33.549  2162  2175 W BroadcastQueue: Permission Denial: receiving Intent { act=android.intent.action.DROPBOX_ENTRY_ADDED flg=0x10 (has extras) } to ProcessRecord{78234d5 4449:com.pandora.android/u0a103} (pid=4449, uid=10103) requires android.permission.READ_LOGS due to sender android (uid 1000)
04-03 10:35:33.550 11784 12650 I art     : Note: end time exceeds epoch: 
04-03 10:35:33.573 11784 12650 I art     : Note: end time exceeds epoch: 
04-03 10:35:33.573 12416 12499 E GoogleTagManager: Unsupported Value Escaping: 3
04-03 10:35:33.590 12416 12499 E GoogleTagManager: Unsupported Value Escaping: 3
04-03 10:35:33.603 11784 12650 I art     : Note: end time exceeds epoch: 
04-03 10:35:33.605 11784 12650 I art     : Note: end time exceeds epoch: 
04-03 10:35:33.799  2162  2171 I art     : Background partial concurrent mark sweep GC freed 180520(13MB) AllocSpace objects, 2(40KB) LOS objects, 29% free, 38MB/54MB, paused 1.393ms total 146.867ms
04-03 10:35:33.800 12416 12428 W art     : Suspending all threads took: 9.026ms
04-03 10:35:33.968 12416 12428 W art     : Suspending all threads took: 39.002ms
04-03 10:35:34.016 12438 12438 I SplitSDK: Peridic recording tasks scheduled
04-03 10:35:34.032   510   510 W Binder_3: type=1400 audit(0.0:7574): avc: denied { ioctl } for path="socket:[1947788]" dev="sockfs" ino=1947788 ioctlcmd=7704 scontext=u:r:surfaceflinger:s0 tcontext=u:r:surfaceflinger:s0 tclass=unix_stream_socket permissive=0
04-03 10:35:34.032   510   510 W Binder_3: type=1400 audit(0.0:7575): avc: denied { ioctl } for path="socket:[1947788]" dev="sockfs" ino=1947788 ioctlcmd=7704 scontext=u:r:surfaceflinger:s0 tcontext=u:r:surfaceflinger:s0 tclass=unix_stream_socket permissive=0
04-03 10:35:34.094 12438 12438 I SplitSDK: Android SDK initialized!
04-03 10:35:34.369 12319 12398 W ProtoDataStoreFlagStore: Unable to retrieve flag snapshot for com.google.android.libraries.performance.primes#com.google.android.apps.fitness from storage.
04-03 10:35:34.369 12319 12398 W ProtoDataStoreFlagStore: java.util.concurrent.ExecutionException: lsn: Direct boot only exists on N or greater: current SDK 23
04-03 10:35:34.369 12319 12398 W ProtoDataStoreFlagStore: 	at pjp.s(PG:6)
04-03 10:35:34.369 12319 12398 W ProtoDataStoreFlagStore: 	at pjp.get(PG:13)
04-03 10:35:34.369 12319 12398 W ProtoDataStoreFlagStore: 	at lmb.a(PG:2)
04-03 10:35:34.369 12319 12398 W ProtoDataStoreFlagStore: 	at lkw.a(Unknown Source)
04-03 10:35:34.369 12319 12398 W ProtoDataStoreFlagStore: 	at lky.f(PG:1)
04-03 10:35:34.369 12319 12398 W ProtoDataStoreFlagStore: 	at lkm.a(PG:3)
04-03 10:35:34.369 12319 12398 W ProtoDataStoreFlagStore: 	at llr.c(PG:20)
04-03 10:35:34.369 12319 12398 W ProtoDataStoreFlagStore: 	at llr.b(PG:2)
04-03 10:35:34.369 12319 12398 W ProtoDataStoreFlagStore: 	at rgs.a(PG:1)
04-03 10:35:34.369 12319 12398 W ProtoDataStoreFlagStore: 	at kzz.a(PG:28)
04-03 10:35:34.369 12319 12398 W ProtoDataStoreFlagStore: 	at qzl.a(PG:1)
04-03 10:35:34.369 12319 12398 W ProtoDataStoreFlagStore: 	at ckm.b(PG:2)
04-03 10:35:34.369 12319 12398 W ProtoDataStoreFlagStore: 	at dhq.a(PG:55)
04-03 10:35:34.369 12319 12398 W ProtoDataStoreFlagStore: 	at qzl.a(PG:1)
04-03 10:35:34.369 12319 12398 W ProtoDataStoreFlagStore: 	at qzs.b(PG:9)
04-03 10:35:34.369 12319 12398 W ProtoDataStoreFlagStore: 	at qzs.a(PG:1)
04-03 10:35:34.369 12319 12398 W ProtoDataStoreFlagStore: 	at qzl.a(PG:1)
04-03 10:35:34.369 12319 12398 W ProtoDataStoreFlagStore: 	at lch.run(Unknown Source)
04-03 10:35:34.369 12319 12398 W ProtoDataStoreFlagStore: 	at java.util.concurrent.Executors$RunnableAdapter.call(Executors.java:423)
04-03 10:35:34.369 12319 12398 W ProtoDataStoreFlagStore: 	at pnm.c(PG:1)
